<?xml version="1.0" encoding="UTF-8"?>
<testsuites name="jest tests" tests="380" failures="71" errors="0" time="5.431">
  <testsuite name="Login" errors="0" failures="1" skipped="0" timestamp="2025-09-04T20:05:28" time="0.862" tests="15">
    <testcase classname="Login component rendering should render login form correctly" name="Login component rendering should render login form correctly" time="0.102">
    </testcase>
    <testcase classname="Login component rendering should render register link correctly" name="Login component rendering should render register link correctly" time="0.006">
      <failure>Error: expect(element).toHaveAttribute(&quot;to&quot;, &quot;/register&quot;) // element.getAttribute(&quot;to&quot;) === &quot;/register&quot;

Expected the element to have attribute:
  to=&quot;/register&quot;
Received:
  null
    at Object.&lt;anonymous&gt; (/home/rgoldberg/projects/figure-collector-services/figure-collector-frontend/src/pages/__tests__/Login.test.tsx:108:41)
    at Promise.then.completed (/home/rgoldberg/projects/figure-collector-services/figure-collector-frontend/node_modules/@jest/core/node_modules/jest-circus/build/utils.js:391:28)
    at new Promise (&lt;anonymous&gt;)
    at callAsyncCircusFn (/home/rgoldberg/projects/figure-collector-services/figure-collector-frontend/node_modules/@jest/core/node_modules/jest-circus/build/utils.js:316:10)
    at _callCircusTest (/home/rgoldberg/projects/figure-collector-services/figure-collector-frontend/node_modules/@jest/core/node_modules/jest-circus/build/run.js:218:40)
    at _runTest (/home/rgoldberg/projects/figure-collector-services/figure-collector-frontend/node_modules/@jest/core/node_modules/jest-circus/build/run.js:155:3)
    at _runTestsForDescribeBlock (/home/rgoldberg/projects/figure-collector-services/figure-collector-frontend/node_modules/@jest/core/node_modules/jest-circus/build/run.js:66:9)
    at _runTestsForDescribeBlock (/home/rgoldberg/projects/figure-collector-services/figure-collector-frontend/node_modules/@jest/core/node_modules/jest-circus/build/run.js:60:9)
    at _runTestsForDescribeBlock (/home/rgoldberg/projects/figure-collector-services/figure-collector-frontend/node_modules/@jest/core/node_modules/jest-circus/build/run.js:60:9)
    at run (/home/rgoldberg/projects/figure-collector-services/figure-collector-frontend/node_modules/@jest/core/node_modules/jest-circus/build/run.js:25:3)
    at runAndTransformResultsToJestFormat (/home/rgoldberg/projects/figure-collector-services/figure-collector-frontend/node_modules/@jest/core/node_modules/jest-circus/build/legacy-code-todo-rewrite/jestAdapterInit.js:170:21)
    at jestAdapter (/home/rgoldberg/projects/figure-collector-services/figure-collector-frontend/node_modules/@jest/core/node_modules/jest-circus/build/legacy-code-todo-rewrite/jestAdapter.js:82:19)
    at runTestInternal (/home/rgoldberg/projects/figure-collector-services/figure-collector-frontend/node_modules/jest-runner/build/runTest.js:389:16)
    at runTest (/home/rgoldberg/projects/figure-collector-services/figure-collector-frontend/node_modules/jest-runner/build/runTest.js:475:34)</failure>
    </testcase>
    <testcase classname="Login component rendering should render app logo and title" name="Login component rendering should render app logo and title" time="0.008">
    </testcase>
    <testcase classname="Login form validation should not submit form when validation fails" name="Login form validation should not submit form when validation fails" time="0.024">
    </testcase>
    <testcase classname="Login password visibility toggle should toggle password visibility when eye icon is clicked" name="Login password visibility toggle should toggle password visibility when eye icon is clicked" time="0.028">
    </testcase>
    <testcase classname="Login password visibility toggle should show correct eye icon based on password visibility" name="Login password visibility toggle should show correct eye icon based on password visibility" time="0.024">
    </testcase>
    <testcase classname="Login form submission should call form submit handler when form is submitted" name="Login form submission should call form submit handler when form is submitted" time="0.048">
    </testcase>
    <testcase classname="Login accessibility should have proper form labels and associations" name="Login accessibility should have proper form labels and associations" time="0.004">
    </testcase>
    <testcase classname="Login accessibility should have proper autocomplete attributes" name="Login accessibility should have proper autocomplete attributes" time="0.004">
    </testcase>
    <testcase classname="Login accessibility should have proper form structure for screen readers" name="Login accessibility should have proper form structure for screen readers" time="0.009">
    </testcase>
    <testcase classname="Login keyboard navigation should allow tabbing through form elements" name="Login keyboard navigation should allow tabbing through form elements" time="0.037">
    </testcase>
    <testcase classname="Login edge cases should handle very long email addresses" name="Login edge cases should handle very long email addresses" time="0.059">
    </testcase>
    <testcase classname="Login edge cases should handle very long passwords" name="Login edge cases should handle very long passwords" time="0.249">
    </testcase>
    <testcase classname="Login edge cases should handle special characters in form inputs" name="Login edge cases should handle special characters in form inputs" time="0.029">
    </testcase>
    <testcase classname="Login edge cases should not show validation errors on initial render" name="Login edge cases should not show validation errors on initial render" time="0.007">
    </testcase>
  </testsuite>
  <testsuite name="EmptyState" errors="0" failures="8" skipped="0" timestamp="2025-09-04T20:05:28" time="0.267" tests="24">
    <testcase classname="EmptyState collection type should render collection empty state with default message" name="EmptyState collection type should render collection empty state with default message" time="0.047">
      <failure>TestingLibraryElementError: Unable to find an accessible element with the role &quot;button&quot; and name `/add your first figure/i`

Here are the accessible roles:

  paragraph:

  Name &quot;&quot;:
  &lt;p
    data-testid=&quot;text&quot;
    font-size=&quot;xl&quot;
    font-weight=&quot;bold&quot;
  /&gt;

  Name &quot;&quot;:
  &lt;p
    color=&quot;gray.600&quot;
    data-testid=&quot;text&quot;
  /&gt;

  --------------------------------------------------
  link:

  Name &quot;Add Your First Figure&quot;:
  &lt;a
    data-testid=&quot;button&quot;
    href=&quot;/figures/add&quot;
  /&gt;

  --------------------------------------------------

Ignored nodes: comments, script, style
&lt;body&gt;
  &lt;div&gt;
    &lt;div
      data-testid=&quot;query-client-provider&quot;
    &gt;
      &lt;div&gt;
        &lt;div
          bg=&quot;white&quot;
          borderradius=&quot;lg&quot;
          data-testid=&quot;box&quot;
          my=&quot;10&quot;
          p=&quot;10&quot;
          shadow=&quot;sm&quot;
          textalign=&quot;center&quot;
        &gt;
          &lt;div
            data-testid=&quot;vstack&quot;
            spacing=&quot;6&quot;
          &gt;
            &lt;span
              boxsize=&quot;12&quot;
              color=&quot;gray.400&quot;
              data-testid=&quot;icon&quot;
            /&gt;
            &lt;div
              data-testid=&quot;vstack&quot;
              spacing=&quot;2&quot;
            &gt;
              &lt;p
                data-testid=&quot;text&quot;
                font-size=&quot;xl&quot;
                font-weight=&quot;bold&quot;
              &gt;
                Your collection is empty
              &lt;/p&gt;
              &lt;p
                color=&quot;gray.600&quot;
                data-testid=&quot;text&quot;
              &gt;
                You haven&apos;t added any figures to your collection yet.
              &lt;/p&gt;
            &lt;/div&gt;
            &lt;a
              data-testid=&quot;button&quot;
              href=&quot;/figures/add&quot;
            &gt;
              &lt;span
                data-testid=&quot;left-icon&quot;
              &gt;
                &lt;span
                  data-testid=&quot;icon&quot;
                /&gt;
              &lt;/span&gt;
              Add Your First Figure
            &lt;/a&gt;
          &lt;/div&gt;
        &lt;/div&gt;
      &lt;/div&gt;
    &lt;/div&gt;
  &lt;/div&gt;
&lt;/body&gt;
    at Object.getElementError (/home/rgoldberg/projects/figure-collector-services/figure-collector-frontend/node_modules/@testing-library/dom/dist/config.js:37:19)
    at /home/rgoldberg/projects/figure-collector-services/figure-collector-frontend/node_modules/@testing-library/dom/dist/query-helpers.js:76:38
    at /home/rgoldberg/projects/figure-collector-services/figure-collector-frontend/node_modules/@testing-library/dom/dist/query-helpers.js:52:17
    at getByRole (/home/rgoldberg/projects/figure-collector-services/figure-collector-frontend/node_modules/@testing-library/dom/dist/query-helpers.js:95:19)
    at Object.&lt;anonymous&gt; (/home/rgoldberg/projects/figure-collector-services/figure-collector-frontend/src/components/__tests__/EmptyState.test.tsx:23:21)
    at Promise.then.completed (/home/rgoldberg/projects/figure-collector-services/figure-collector-frontend/node_modules/@jest/core/node_modules/jest-circus/build/utils.js:391:28)
    at new Promise (&lt;anonymous&gt;)
    at callAsyncCircusFn (/home/rgoldberg/projects/figure-collector-services/figure-collector-frontend/node_modules/@jest/core/node_modules/jest-circus/build/utils.js:316:10)
    at _callCircusTest (/home/rgoldberg/projects/figure-collector-services/figure-collector-frontend/node_modules/@jest/core/node_modules/jest-circus/build/run.js:218:40)
    at _runTest (/home/rgoldberg/projects/figure-collector-services/figure-collector-frontend/node_modules/@jest/core/node_modules/jest-circus/build/run.js:155:3)
    at _runTestsForDescribeBlock (/home/rgoldberg/projects/figure-collector-services/figure-collector-frontend/node_modules/@jest/core/node_modules/jest-circus/build/run.js:66:9)
    at _runTestsForDescribeBlock (/home/rgoldberg/projects/figure-collector-services/figure-collector-frontend/node_modules/@jest/core/node_modules/jest-circus/build/run.js:60:9)
    at _runTestsForDescribeBlock (/home/rgoldberg/projects/figure-collector-services/figure-collector-frontend/node_modules/@jest/core/node_modules/jest-circus/build/run.js:60:9)
    at run (/home/rgoldberg/projects/figure-collector-services/figure-collector-frontend/node_modules/@jest/core/node_modules/jest-circus/build/run.js:25:3)
    at runAndTransformResultsToJestFormat (/home/rgoldberg/projects/figure-collector-services/figure-collector-frontend/node_modules/@jest/core/node_modules/jest-circus/build/legacy-code-todo-rewrite/jestAdapterInit.js:170:21)
    at jestAdapter (/home/rgoldberg/projects/figure-collector-services/figure-collector-frontend/node_modules/@jest/core/node_modules/jest-circus/build/legacy-code-todo-rewrite/jestAdapter.js:82:19)
    at runTestInternal (/home/rgoldberg/projects/figure-collector-services/figure-collector-frontend/node_modules/jest-runner/build/runTest.js:389:16)
    at runTest (/home/rgoldberg/projects/figure-collector-services/figure-collector-frontend/node_modules/jest-runner/build/runTest.js:475:34)</failure>
    </testcase>
    <testcase classname="EmptyState collection type should render collection empty state with custom message" name="EmptyState collection type should render collection empty state with custom message" time="0.003">
    </testcase>
    <testcase classname="EmptyState collection type should have correct link to add figure page" name="EmptyState collection type should have correct link to add figure page" time="0.018">
      <failure>TestingLibraryElementError: Unable to find an accessible element with the role &quot;button&quot; and name `/add your first figure/i`

Here are the accessible roles:

  paragraph:

  Name &quot;&quot;:
  &lt;p
    data-testid=&quot;text&quot;
    font-size=&quot;xl&quot;
    font-weight=&quot;bold&quot;
  /&gt;

  Name &quot;&quot;:
  &lt;p
    color=&quot;gray.600&quot;
    data-testid=&quot;text&quot;
  /&gt;

  --------------------------------------------------
  link:

  Name &quot;Add Your First Figure&quot;:
  &lt;a
    data-testid=&quot;button&quot;
    href=&quot;/figures/add&quot;
  /&gt;

  --------------------------------------------------

Ignored nodes: comments, script, style
&lt;body&gt;
  &lt;div&gt;
    &lt;div
      data-testid=&quot;query-client-provider&quot;
    &gt;
      &lt;div&gt;
        &lt;div
          bg=&quot;white&quot;
          borderradius=&quot;lg&quot;
          data-testid=&quot;box&quot;
          my=&quot;10&quot;
          p=&quot;10&quot;
          shadow=&quot;sm&quot;
          textalign=&quot;center&quot;
        &gt;
          &lt;div
            data-testid=&quot;vstack&quot;
            spacing=&quot;6&quot;
          &gt;
            &lt;span
              boxsize=&quot;12&quot;
              color=&quot;gray.400&quot;
              data-testid=&quot;icon&quot;
            /&gt;
            &lt;div
              data-testid=&quot;vstack&quot;
              spacing=&quot;2&quot;
            &gt;
              &lt;p
                data-testid=&quot;text&quot;
                font-size=&quot;xl&quot;
                font-weight=&quot;bold&quot;
              &gt;
                Your collection is empty
              &lt;/p&gt;
              &lt;p
                color=&quot;gray.600&quot;
                data-testid=&quot;text&quot;
              &gt;
                You haven&apos;t added any figures to your collection yet.
              &lt;/p&gt;
            &lt;/div&gt;
            &lt;a
              data-testid=&quot;button&quot;
              href=&quot;/figures/add&quot;
            &gt;
              &lt;span
                data-testid=&quot;left-icon&quot;
              &gt;
                &lt;span
                  data-testid=&quot;icon&quot;
                /&gt;
              &lt;/span&gt;
              Add Your First Figure
            &lt;/a&gt;
          &lt;/div&gt;
        &lt;/div&gt;
      &lt;/div&gt;
    &lt;/div&gt;
  &lt;/div&gt;
&lt;/body&gt;
    at Object.getElementError (/home/rgoldberg/projects/figure-collector-services/figure-collector-frontend/node_modules/@testing-library/dom/dist/config.js:37:19)
    at /home/rgoldberg/projects/figure-collector-services/figure-collector-frontend/node_modules/@testing-library/dom/dist/query-helpers.js:76:38
    at /home/rgoldberg/projects/figure-collector-services/figure-collector-frontend/node_modules/@testing-library/dom/dist/query-helpers.js:52:17
    at getByRole (/home/rgoldberg/projects/figure-collector-services/figure-collector-frontend/node_modules/@testing-library/dom/dist/query-helpers.js:95:19)
    at Object.&lt;anonymous&gt; (/home/rgoldberg/projects/figure-collector-services/figure-collector-frontend/src/components/__tests__/EmptyState.test.tsx:37:32)
    at Promise.then.completed (/home/rgoldberg/projects/figure-collector-services/figure-collector-frontend/node_modules/@jest/core/node_modules/jest-circus/build/utils.js:391:28)
    at new Promise (&lt;anonymous&gt;)
    at callAsyncCircusFn (/home/rgoldberg/projects/figure-collector-services/figure-collector-frontend/node_modules/@jest/core/node_modules/jest-circus/build/utils.js:316:10)
    at _callCircusTest (/home/rgoldberg/projects/figure-collector-services/figure-collector-frontend/node_modules/@jest/core/node_modules/jest-circus/build/run.js:218:40)
    at _runTest (/home/rgoldberg/projects/figure-collector-services/figure-collector-frontend/node_modules/@jest/core/node_modules/jest-circus/build/run.js:155:3)
    at _runTestsForDescribeBlock (/home/rgoldberg/projects/figure-collector-services/figure-collector-frontend/node_modules/@jest/core/node_modules/jest-circus/build/run.js:66:9)
    at _runTestsForDescribeBlock (/home/rgoldberg/projects/figure-collector-services/figure-collector-frontend/node_modules/@jest/core/node_modules/jest-circus/build/run.js:60:9)
    at _runTestsForDescribeBlock (/home/rgoldberg/projects/figure-collector-services/figure-collector-frontend/node_modules/@jest/core/node_modules/jest-circus/build/run.js:60:9)
    at run (/home/rgoldberg/projects/figure-collector-services/figure-collector-frontend/node_modules/@jest/core/node_modules/jest-circus/build/run.js:25:3)
    at runAndTransformResultsToJestFormat (/home/rgoldberg/projects/figure-collector-services/figure-collector-frontend/node_modules/@jest/core/node_modules/jest-circus/build/legacy-code-todo-rewrite/jestAdapterInit.js:170:21)
    at jestAdapter (/home/rgoldberg/projects/figure-collector-services/figure-collector-frontend/node_modules/@jest/core/node_modules/jest-circus/build/legacy-code-todo-rewrite/jestAdapter.js:82:19)
    at runTestInternal (/home/rgoldberg/projects/figure-collector-services/figure-collector-frontend/node_modules/jest-runner/build/runTest.js:389:16)
    at runTest (/home/rgoldberg/projects/figure-collector-services/figure-collector-frontend/node_modules/jest-runner/build/runTest.js:475:34)</failure>
    </testcase>
    <testcase classname="EmptyState collection type should display collection icon" name="EmptyState collection type should display collection icon" time="0.002">
    </testcase>
    <testcase classname="EmptyState search type should render search empty state with default message" name="EmptyState search type should render search empty state with default message" time="0.005">
    </testcase>
    <testcase classname="EmptyState search type should render search empty state with custom message" name="EmptyState search type should render search empty state with custom message" time="0.002">
    </testcase>
    <testcase classname="EmptyState search type should handle clear search button click" name="EmptyState search type should handle clear search button click" time="0.012">
    </testcase>
    <testcase classname="EmptyState filter type should render filter empty state with default message" name="EmptyState filter type should render filter empty state with default message" time="0.005">
    </testcase>
    <testcase classname="EmptyState filter type should render filter empty state with custom message" name="EmptyState filter type should render filter empty state with custom message" time="0.003">
    </testcase>
    <testcase classname="EmptyState filter type should handle clear filters button click" name="EmptyState filter type should handle clear filters button click" time="0.008">
    </testcase>
    <testcase classname="EmptyState default/unknown type should render default empty state for unknown type" name="EmptyState default/unknown type should render default empty state for unknown type" time="0.012">
      <failure>TestingLibraryElementError: Unable to find an accessible element with the role &quot;button&quot; and name `/go to dashboard/i`

Here are the accessible roles:

  paragraph:

  Name &quot;&quot;:
  &lt;p
    data-testid=&quot;text&quot;
    font-size=&quot;xl&quot;
    font-weight=&quot;bold&quot;
  /&gt;

  Name &quot;&quot;:
  &lt;p
    color=&quot;gray.600&quot;
    data-testid=&quot;text&quot;
  /&gt;

  --------------------------------------------------
  link:

  Name &quot;Go to Dashboard&quot;:
  &lt;a
    data-testid=&quot;button&quot;
    href=&quot;/&quot;
  /&gt;

  --------------------------------------------------

Ignored nodes: comments, script, style
&lt;body&gt;
  &lt;div&gt;
    &lt;div
      data-testid=&quot;query-client-provider&quot;
    &gt;
      &lt;div&gt;
        &lt;div
          bg=&quot;white&quot;
          borderradius=&quot;lg&quot;
          data-testid=&quot;box&quot;
          my=&quot;10&quot;
          p=&quot;10&quot;
          shadow=&quot;sm&quot;
          textalign=&quot;center&quot;
        &gt;
          &lt;div
            data-testid=&quot;vstack&quot;
            spacing=&quot;6&quot;
          &gt;
            &lt;span
              boxsize=&quot;12&quot;
              color=&quot;gray.400&quot;
              data-testid=&quot;icon&quot;
            /&gt;
            &lt;div
              data-testid=&quot;vstack&quot;
              spacing=&quot;2&quot;
            &gt;
              &lt;p
                data-testid=&quot;text&quot;
                font-size=&quot;xl&quot;
                font-weight=&quot;bold&quot;
              &gt;
                Nothing to display
              &lt;/p&gt;
              &lt;p
                color=&quot;gray.600&quot;
                data-testid=&quot;text&quot;
              &gt;
                No content available.
              &lt;/p&gt;
            &lt;/div&gt;
            &lt;a
              data-testid=&quot;button&quot;
              href=&quot;/&quot;
            &gt;
              Go to Dashboard
            &lt;/a&gt;
          &lt;/div&gt;
        &lt;/div&gt;
      &lt;/div&gt;
    &lt;/div&gt;
  &lt;/div&gt;
&lt;/body&gt;
    at Object.getElementError (/home/rgoldberg/projects/figure-collector-services/figure-collector-frontend/node_modules/@testing-library/dom/dist/config.js:37:19)
    at /home/rgoldberg/projects/figure-collector-services/figure-collector-frontend/node_modules/@testing-library/dom/dist/query-helpers.js:76:38
    at /home/rgoldberg/projects/figure-collector-services/figure-collector-frontend/node_modules/@testing-library/dom/dist/query-helpers.js:52:17
    at getByRole (/home/rgoldberg/projects/figure-collector-services/figure-collector-frontend/node_modules/@testing-library/dom/dist/query-helpers.js:95:19)
    at Object.&lt;anonymous&gt; (/home/rgoldberg/projects/figure-collector-services/figure-collector-frontend/src/components/__tests__/EmptyState.test.tsx:114:21)
    at Promise.then.completed (/home/rgoldberg/projects/figure-collector-services/figure-collector-frontend/node_modules/@jest/core/node_modules/jest-circus/build/utils.js:391:28)
    at new Promise (&lt;anonymous&gt;)
    at callAsyncCircusFn (/home/rgoldberg/projects/figure-collector-services/figure-collector-frontend/node_modules/@jest/core/node_modules/jest-circus/build/utils.js:316:10)
    at _callCircusTest (/home/rgoldberg/projects/figure-collector-services/figure-collector-frontend/node_modules/@jest/core/node_modules/jest-circus/build/run.js:218:40)
    at _runTest (/home/rgoldberg/projects/figure-collector-services/figure-collector-frontend/node_modules/@jest/core/node_modules/jest-circus/build/run.js:155:3)
    at _runTestsForDescribeBlock (/home/rgoldberg/projects/figure-collector-services/figure-collector-frontend/node_modules/@jest/core/node_modules/jest-circus/build/run.js:66:9)
    at _runTestsForDescribeBlock (/home/rgoldberg/projects/figure-collector-services/figure-collector-frontend/node_modules/@jest/core/node_modules/jest-circus/build/run.js:60:9)
    at _runTestsForDescribeBlock (/home/rgoldberg/projects/figure-collector-services/figure-collector-frontend/node_modules/@jest/core/node_modules/jest-circus/build/run.js:60:9)
    at run (/home/rgoldberg/projects/figure-collector-services/figure-collector-frontend/node_modules/@jest/core/node_modules/jest-circus/build/run.js:25:3)
    at runAndTransformResultsToJestFormat (/home/rgoldberg/projects/figure-collector-services/figure-collector-frontend/node_modules/@jest/core/node_modules/jest-circus/build/legacy-code-todo-rewrite/jestAdapterInit.js:170:21)
    at jestAdapter (/home/rgoldberg/projects/figure-collector-services/figure-collector-frontend/node_modules/@jest/core/node_modules/jest-circus/build/legacy-code-todo-rewrite/jestAdapter.js:82:19)
    at runTestInternal (/home/rgoldberg/projects/figure-collector-services/figure-collector-frontend/node_modules/jest-runner/build/runTest.js:389:16)
    at runTest (/home/rgoldberg/projects/figure-collector-services/figure-collector-frontend/node_modules/jest-runner/build/runTest.js:475:34)</failure>
    </testcase>
    <testcase classname="EmptyState default/unknown type should have correct link to dashboard" name="EmptyState default/unknown type should have correct link to dashboard" time="0.012">
      <failure>TestingLibraryElementError: Unable to find an accessible element with the role &quot;button&quot; and name `/go to dashboard/i`

Here are the accessible roles:

  paragraph:

  Name &quot;&quot;:
  &lt;p
    data-testid=&quot;text&quot;
    font-size=&quot;xl&quot;
    font-weight=&quot;bold&quot;
  /&gt;

  Name &quot;&quot;:
  &lt;p
    color=&quot;gray.600&quot;
    data-testid=&quot;text&quot;
  /&gt;

  --------------------------------------------------
  link:

  Name &quot;Go to Dashboard&quot;:
  &lt;a
    data-testid=&quot;button&quot;
    href=&quot;/&quot;
  /&gt;

  --------------------------------------------------

Ignored nodes: comments, script, style
&lt;body&gt;
  &lt;div&gt;
    &lt;div
      data-testid=&quot;query-client-provider&quot;
    &gt;
      &lt;div&gt;
        &lt;div
          bg=&quot;white&quot;
          borderradius=&quot;lg&quot;
          data-testid=&quot;box&quot;
          my=&quot;10&quot;
          p=&quot;10&quot;
          shadow=&quot;sm&quot;
          textalign=&quot;center&quot;
        &gt;
          &lt;div
            data-testid=&quot;vstack&quot;
            spacing=&quot;6&quot;
          &gt;
            &lt;span
              boxsize=&quot;12&quot;
              color=&quot;gray.400&quot;
              data-testid=&quot;icon&quot;
            /&gt;
            &lt;div
              data-testid=&quot;vstack&quot;
              spacing=&quot;2&quot;
            &gt;
              &lt;p
                data-testid=&quot;text&quot;
                font-size=&quot;xl&quot;
                font-weight=&quot;bold&quot;
              &gt;
                Nothing to display
              &lt;/p&gt;
              &lt;p
                color=&quot;gray.600&quot;
                data-testid=&quot;text&quot;
              &gt;
                No content available.
              &lt;/p&gt;
            &lt;/div&gt;
            &lt;a
              data-testid=&quot;button&quot;
              href=&quot;/&quot;
            &gt;
              Go to Dashboard
            &lt;/a&gt;
          &lt;/div&gt;
        &lt;/div&gt;
      &lt;/div&gt;
    &lt;/div&gt;
  &lt;/div&gt;
&lt;/body&gt;
    at Object.getElementError (/home/rgoldberg/projects/figure-collector-services/figure-collector-frontend/node_modules/@testing-library/dom/dist/config.js:37:19)
    at /home/rgoldberg/projects/figure-collector-services/figure-collector-frontend/node_modules/@testing-library/dom/dist/query-helpers.js:76:38
    at /home/rgoldberg/projects/figure-collector-services/figure-collector-frontend/node_modules/@testing-library/dom/dist/query-helpers.js:52:17
    at getByRole (/home/rgoldberg/projects/figure-collector-services/figure-collector-frontend/node_modules/@testing-library/dom/dist/query-helpers.js:95:19)
    at Object.&lt;anonymous&gt; (/home/rgoldberg/projects/figure-collector-services/figure-collector-frontend/src/components/__tests__/EmptyState.test.tsx:121:38)
    at Promise.then.completed (/home/rgoldberg/projects/figure-collector-services/figure-collector-frontend/node_modules/@jest/core/node_modules/jest-circus/build/utils.js:391:28)
    at new Promise (&lt;anonymous&gt;)
    at callAsyncCircusFn (/home/rgoldberg/projects/figure-collector-services/figure-collector-frontend/node_modules/@jest/core/node_modules/jest-circus/build/utils.js:316:10)
    at _callCircusTest (/home/rgoldberg/projects/figure-collector-services/figure-collector-frontend/node_modules/@jest/core/node_modules/jest-circus/build/run.js:218:40)
    at _runTest (/home/rgoldberg/projects/figure-collector-services/figure-collector-frontend/node_modules/@jest/core/node_modules/jest-circus/build/run.js:155:3)
    at _runTestsForDescribeBlock (/home/rgoldberg/projects/figure-collector-services/figure-collector-frontend/node_modules/@jest/core/node_modules/jest-circus/build/run.js:66:9)
    at _runTestsForDescribeBlock (/home/rgoldberg/projects/figure-collector-services/figure-collector-frontend/node_modules/@jest/core/node_modules/jest-circus/build/run.js:60:9)
    at _runTestsForDescribeBlock (/home/rgoldberg/projects/figure-collector-services/figure-collector-frontend/node_modules/@jest/core/node_modules/jest-circus/build/run.js:60:9)
    at run (/home/rgoldberg/projects/figure-collector-services/figure-collector-frontend/node_modules/@jest/core/node_modules/jest-circus/build/run.js:25:3)
    at runAndTransformResultsToJestFormat (/home/rgoldberg/projects/figure-collector-services/figure-collector-frontend/node_modules/@jest/core/node_modules/jest-circus/build/legacy-code-todo-rewrite/jestAdapterInit.js:170:21)
    at jestAdapter (/home/rgoldberg/projects/figure-collector-services/figure-collector-frontend/node_modules/@jest/core/node_modules/jest-circus/build/legacy-code-todo-rewrite/jestAdapter.js:82:19)
    at runTestInternal (/home/rgoldberg/projects/figure-collector-services/figure-collector-frontend/node_modules/jest-runner/build/runTest.js:389:16)
    at runTest (/home/rgoldberg/projects/figure-collector-services/figure-collector-frontend/node_modules/jest-runner/build/runTest.js:475:34)</failure>
    </testcase>
    <testcase classname="EmptyState default/unknown type should render default empty state with custom message" name="EmptyState default/unknown type should render default empty state with custom message" time="0.002">
    </testcase>
    <testcase classname="EmptyState styling and layout should render with proper semantic structure" name="EmptyState styling and layout should render with proper semantic structure" time="0.015">
      <failure>TestingLibraryElementError: Unable to find an accessible element with the role &quot;button&quot; and name `/add your first figure/i`

Here are the accessible roles:

  paragraph:

  Name &quot;&quot;:
  &lt;p
    data-testid=&quot;text&quot;
    font-size=&quot;xl&quot;
    font-weight=&quot;bold&quot;
  /&gt;

  Name &quot;&quot;:
  &lt;p
    color=&quot;gray.600&quot;
    data-testid=&quot;text&quot;
  /&gt;

  --------------------------------------------------
  link:

  Name &quot;Add Your First Figure&quot;:
  &lt;a
    data-testid=&quot;button&quot;
    href=&quot;/figures/add&quot;
  /&gt;

  --------------------------------------------------

Ignored nodes: comments, script, style
&lt;body&gt;
  &lt;div&gt;
    &lt;div
      data-testid=&quot;query-client-provider&quot;
    &gt;
      &lt;div&gt;
        &lt;div
          bg=&quot;white&quot;
          borderradius=&quot;lg&quot;
          data-testid=&quot;box&quot;
          my=&quot;10&quot;
          p=&quot;10&quot;
          shadow=&quot;sm&quot;
          textalign=&quot;center&quot;
        &gt;
          &lt;div
            data-testid=&quot;vstack&quot;
            spacing=&quot;6&quot;
          &gt;
            &lt;span
              boxsize=&quot;12&quot;
              color=&quot;gray.400&quot;
              data-testid=&quot;icon&quot;
            /&gt;
            &lt;div
              data-testid=&quot;vstack&quot;
              spacing=&quot;2&quot;
            &gt;
              &lt;p
                data-testid=&quot;text&quot;
                font-size=&quot;xl&quot;
                font-weight=&quot;bold&quot;
              &gt;
                Your collection is empty
              &lt;/p&gt;
              &lt;p
                color=&quot;gray.600&quot;
                data-testid=&quot;text&quot;
              &gt;
                You haven&apos;t added any figures to your collection yet.
              &lt;/p&gt;
            &lt;/div&gt;
            &lt;a
              data-testid=&quot;button&quot;
              href=&quot;/figures/add&quot;
            &gt;
              &lt;span
                data-testid=&quot;left-icon&quot;
              &gt;
                &lt;span
                  data-testid=&quot;icon&quot;
                /&gt;
              &lt;/span&gt;
              Add Your First Figure
            &lt;/a&gt;
          &lt;/div&gt;
        &lt;/div&gt;
      &lt;/div&gt;
    &lt;/div&gt;
  &lt;/div&gt;
&lt;/body&gt;
    at Object.getElementError (/home/rgoldberg/projects/figure-collector-services/figure-collector-frontend/node_modules/@testing-library/dom/dist/config.js:37:19)
    at /home/rgoldberg/projects/figure-collector-services/figure-collector-frontend/node_modules/@testing-library/dom/dist/query-helpers.js:76:38
    at /home/rgoldberg/projects/figure-collector-services/figure-collector-frontend/node_modules/@testing-library/dom/dist/query-helpers.js:52:17
    at getByRole (/home/rgoldberg/projects/figure-collector-services/figure-collector-frontend/node_modules/@testing-library/dom/dist/query-helpers.js:95:19)
    at Object.&lt;anonymous&gt; (/home/rgoldberg/projects/figure-collector-services/figure-collector-frontend/src/components/__tests__/EmptyState.test.tsx:141:21)
    at Promise.then.completed (/home/rgoldberg/projects/figure-collector-services/figure-collector-frontend/node_modules/@jest/core/node_modules/jest-circus/build/utils.js:391:28)
    at new Promise (&lt;anonymous&gt;)
    at callAsyncCircusFn (/home/rgoldberg/projects/figure-collector-services/figure-collector-frontend/node_modules/@jest/core/node_modules/jest-circus/build/utils.js:316:10)
    at _callCircusTest (/home/rgoldberg/projects/figure-collector-services/figure-collector-frontend/node_modules/@jest/core/node_modules/jest-circus/build/run.js:218:40)
    at _runTest (/home/rgoldberg/projects/figure-collector-services/figure-collector-frontend/node_modules/@jest/core/node_modules/jest-circus/build/run.js:155:3)
    at _runTestsForDescribeBlock (/home/rgoldberg/projects/figure-collector-services/figure-collector-frontend/node_modules/@jest/core/node_modules/jest-circus/build/run.js:66:9)
    at _runTestsForDescribeBlock (/home/rgoldberg/projects/figure-collector-services/figure-collector-frontend/node_modules/@jest/core/node_modules/jest-circus/build/run.js:60:9)
    at _runTestsForDescribeBlock (/home/rgoldberg/projects/figure-collector-services/figure-collector-frontend/node_modules/@jest/core/node_modules/jest-circus/build/run.js:60:9)
    at run (/home/rgoldberg/projects/figure-collector-services/figure-collector-frontend/node_modules/@jest/core/node_modules/jest-circus/build/run.js:25:3)
    at runAndTransformResultsToJestFormat (/home/rgoldberg/projects/figure-collector-services/figure-collector-frontend/node_modules/@jest/core/node_modules/jest-circus/build/legacy-code-todo-rewrite/jestAdapterInit.js:170:21)
    at jestAdapter (/home/rgoldberg/projects/figure-collector-services/figure-collector-frontend/node_modules/@jest/core/node_modules/jest-circus/build/legacy-code-todo-rewrite/jestAdapter.js:82:19)
    at runTestInternal (/home/rgoldberg/projects/figure-collector-services/figure-collector-frontend/node_modules/jest-runner/build/runTest.js:389:16)
    at runTest (/home/rgoldberg/projects/figure-collector-services/figure-collector-frontend/node_modules/jest-runner/build/runTest.js:475:34)</failure>
    </testcase>
    <testcase classname="EmptyState styling and layout should render with proper vertical spacing" name="EmptyState styling and layout should render with proper vertical spacing" time="0.002">
    </testcase>
    <testcase classname="EmptyState accessibility should have proper button roles for collection type" name="EmptyState accessibility should have proper button roles for collection type" time="0.014">
      <failure>TestingLibraryElementError: Unable to find an accessible element with the role &quot;button&quot; and name `/add your first figure/i`

Here are the accessible roles:

  paragraph:

  Name &quot;&quot;:
  &lt;p
    data-testid=&quot;text&quot;
    font-size=&quot;xl&quot;
    font-weight=&quot;bold&quot;
  /&gt;

  Name &quot;&quot;:
  &lt;p
    color=&quot;gray.600&quot;
    data-testid=&quot;text&quot;
  /&gt;

  --------------------------------------------------
  link:

  Name &quot;Add Your First Figure&quot;:
  &lt;a
    data-testid=&quot;button&quot;
    href=&quot;/figures/add&quot;
  /&gt;

  --------------------------------------------------

Ignored nodes: comments, script, style
&lt;body&gt;
  &lt;div&gt;
    &lt;div
      data-testid=&quot;query-client-provider&quot;
    &gt;
      &lt;div&gt;
        &lt;div
          bg=&quot;white&quot;
          borderradius=&quot;lg&quot;
          data-testid=&quot;box&quot;
          my=&quot;10&quot;
          p=&quot;10&quot;
          shadow=&quot;sm&quot;
          textalign=&quot;center&quot;
        &gt;
          &lt;div
            data-testid=&quot;vstack&quot;
            spacing=&quot;6&quot;
          &gt;
            &lt;span
              boxsize=&quot;12&quot;
              color=&quot;gray.400&quot;
              data-testid=&quot;icon&quot;
            /&gt;
            &lt;div
              data-testid=&quot;vstack&quot;
              spacing=&quot;2&quot;
            &gt;
              &lt;p
                data-testid=&quot;text&quot;
                font-size=&quot;xl&quot;
                font-weight=&quot;bold&quot;
              &gt;
                Your collection is empty
              &lt;/p&gt;
              &lt;p
                color=&quot;gray.600&quot;
                data-testid=&quot;text&quot;
              &gt;
                You haven&apos;t added any figures to your collection yet.
              &lt;/p&gt;
            &lt;/div&gt;
            &lt;a
              data-testid=&quot;button&quot;
              href=&quot;/figures/add&quot;
            &gt;
              &lt;span
                data-testid=&quot;left-icon&quot;
              &gt;
                &lt;span
                  data-testid=&quot;icon&quot;
                /&gt;
              &lt;/span&gt;
              Add Your First Figure
            &lt;/a&gt;
          &lt;/div&gt;
        &lt;/div&gt;
      &lt;/div&gt;
    &lt;/div&gt;
  &lt;/div&gt;
&lt;/body&gt;
    at Object.getElementError (/home/rgoldberg/projects/figure-collector-services/figure-collector-frontend/node_modules/@testing-library/dom/dist/config.js:37:19)
    at /home/rgoldberg/projects/figure-collector-services/figure-collector-frontend/node_modules/@testing-library/dom/dist/query-helpers.js:76:38
    at /home/rgoldberg/projects/figure-collector-services/figure-collector-frontend/node_modules/@testing-library/dom/dist/query-helpers.js:52:17
    at getByRole (/home/rgoldberg/projects/figure-collector-services/figure-collector-frontend/node_modules/@testing-library/dom/dist/query-helpers.js:95:19)
    at Object.&lt;anonymous&gt; (/home/rgoldberg/projects/figure-collector-services/figure-collector-frontend/src/components/__tests__/EmptyState.test.tsx:160:29)
    at Promise.then.completed (/home/rgoldberg/projects/figure-collector-services/figure-collector-frontend/node_modules/@jest/core/node_modules/jest-circus/build/utils.js:391:28)
    at new Promise (&lt;anonymous&gt;)
    at callAsyncCircusFn (/home/rgoldberg/projects/figure-collector-services/figure-collector-frontend/node_modules/@jest/core/node_modules/jest-circus/build/utils.js:316:10)
    at _callCircusTest (/home/rgoldberg/projects/figure-collector-services/figure-collector-frontend/node_modules/@jest/core/node_modules/jest-circus/build/run.js:218:40)
    at _runTest (/home/rgoldberg/projects/figure-collector-services/figure-collector-frontend/node_modules/@jest/core/node_modules/jest-circus/build/run.js:155:3)
    at _runTestsForDescribeBlock (/home/rgoldberg/projects/figure-collector-services/figure-collector-frontend/node_modules/@jest/core/node_modules/jest-circus/build/run.js:66:9)
    at _runTestsForDescribeBlock (/home/rgoldberg/projects/figure-collector-services/figure-collector-frontend/node_modules/@jest/core/node_modules/jest-circus/build/run.js:60:9)
    at _runTestsForDescribeBlock (/home/rgoldberg/projects/figure-collector-services/figure-collector-frontend/node_modules/@jest/core/node_modules/jest-circus/build/run.js:60:9)
    at run (/home/rgoldberg/projects/figure-collector-services/figure-collector-frontend/node_modules/@jest/core/node_modules/jest-circus/build/run.js:25:3)
    at runAndTransformResultsToJestFormat (/home/rgoldberg/projects/figure-collector-services/figure-collector-frontend/node_modules/@jest/core/node_modules/jest-circus/build/legacy-code-todo-rewrite/jestAdapterInit.js:170:21)
    at jestAdapter (/home/rgoldberg/projects/figure-collector-services/figure-collector-frontend/node_modules/@jest/core/node_modules/jest-circus/build/legacy-code-todo-rewrite/jestAdapter.js:82:19)
    at runTestInternal (/home/rgoldberg/projects/figure-collector-services/figure-collector-frontend/node_modules/jest-runner/build/runTest.js:389:16)
    at runTest (/home/rgoldberg/projects/figure-collector-services/figure-collector-frontend/node_modules/jest-runner/build/runTest.js:475:34)</failure>
    </testcase>
    <testcase classname="EmptyState accessibility should have proper button roles for search type" name="EmptyState accessibility should have proper button roles for search type" time="0.008">
    </testcase>
    <testcase classname="EmptyState accessibility should have proper button roles for filter type" name="EmptyState accessibility should have proper button roles for filter type" time="0.005">
    </testcase>
    <testcase classname="EmptyState accessibility should have accessible text content" name="EmptyState accessibility should have accessible text content" time="0.001">
    </testcase>
    <testcase classname="EmptyState button interactions should not trigger navigation for onclick buttons when using keyboard" name="EmptyState button interactions should not trigger navigation for onclick buttons when using keyboard" time="0.007">
    </testcase>
    <testcase classname="EmptyState button interactions should not break when onclick is undefined" name="EmptyState button interactions should not break when onclick is undefined" time="0.014">
      <failure>TestingLibraryElementError: Unable to find an accessible element with the role &quot;button&quot; and name `/add your first figure/i`

Here are the accessible roles:

  paragraph:

  Name &quot;&quot;:
  &lt;p
    data-testid=&quot;text&quot;
    font-size=&quot;xl&quot;
    font-weight=&quot;bold&quot;
  /&gt;

  Name &quot;&quot;:
  &lt;p
    color=&quot;gray.600&quot;
    data-testid=&quot;text&quot;
  /&gt;

  --------------------------------------------------
  link:

  Name &quot;Add Your First Figure&quot;:
  &lt;a
    data-testid=&quot;button&quot;
    href=&quot;/figures/add&quot;
  /&gt;

  --------------------------------------------------

Ignored nodes: comments, script, style
&lt;body&gt;
  &lt;div&gt;
    &lt;div
      data-testid=&quot;query-client-provider&quot;
    &gt;
      &lt;div&gt;
        &lt;div
          bg=&quot;white&quot;
          borderradius=&quot;lg&quot;
          data-testid=&quot;box&quot;
          my=&quot;10&quot;
          p=&quot;10&quot;
          shadow=&quot;sm&quot;
          textalign=&quot;center&quot;
        &gt;
          &lt;div
            data-testid=&quot;vstack&quot;
            spacing=&quot;6&quot;
          &gt;
            &lt;span
              boxsize=&quot;12&quot;
              color=&quot;gray.400&quot;
              data-testid=&quot;icon&quot;
            /&gt;
            &lt;div
              data-testid=&quot;vstack&quot;
              spacing=&quot;2&quot;
            &gt;
              &lt;p
                data-testid=&quot;text&quot;
                font-size=&quot;xl&quot;
                font-weight=&quot;bold&quot;
              &gt;
                Your collection is empty
              &lt;/p&gt;
              &lt;p
                color=&quot;gray.600&quot;
                data-testid=&quot;text&quot;
              &gt;
                You haven&apos;t added any figures to your collection yet.
              &lt;/p&gt;
            &lt;/div&gt;
            &lt;a
              data-testid=&quot;button&quot;
              href=&quot;/figures/add&quot;
            &gt;
              &lt;span
                data-testid=&quot;left-icon&quot;
              &gt;
                &lt;span
                  data-testid=&quot;icon&quot;
                /&gt;
              &lt;/span&gt;
              Add Your First Figure
            &lt;/a&gt;
          &lt;/div&gt;
        &lt;/div&gt;
      &lt;/div&gt;
    &lt;/div&gt;
  &lt;/div&gt;
&lt;/body&gt;
    at Object.getElementError (/home/rgoldberg/projects/figure-collector-services/figure-collector-frontend/node_modules/@testing-library/dom/dist/config.js:37:19)
    at /home/rgoldberg/projects/figure-collector-services/figure-collector-frontend/node_modules/@testing-library/dom/dist/query-helpers.js:76:38
    at /home/rgoldberg/projects/figure-collector-services/figure-collector-frontend/node_modules/@testing-library/dom/dist/query-helpers.js:52:17
    at getByRole (/home/rgoldberg/projects/figure-collector-services/figure-collector-frontend/node_modules/@testing-library/dom/dist/query-helpers.js:95:19)
    at Object.&lt;anonymous&gt; (/home/rgoldberg/projects/figure-collector-services/figure-collector-frontend/src/components/__tests__/EmptyState.test.tsx:204:29)
    at Promise.then.completed (/home/rgoldberg/projects/figure-collector-services/figure-collector-frontend/node_modules/@jest/core/node_modules/jest-circus/build/utils.js:391:28)
    at new Promise (&lt;anonymous&gt;)
    at callAsyncCircusFn (/home/rgoldberg/projects/figure-collector-services/figure-collector-frontend/node_modules/@jest/core/node_modules/jest-circus/build/utils.js:316:10)
    at _callCircusTest (/home/rgoldberg/projects/figure-collector-services/figure-collector-frontend/node_modules/@jest/core/node_modules/jest-circus/build/run.js:218:40)
    at _runTest (/home/rgoldberg/projects/figure-collector-services/figure-collector-frontend/node_modules/@jest/core/node_modules/jest-circus/build/run.js:155:3)
    at _runTestsForDescribeBlock (/home/rgoldberg/projects/figure-collector-services/figure-collector-frontend/node_modules/@jest/core/node_modules/jest-circus/build/run.js:66:9)
    at _runTestsForDescribeBlock (/home/rgoldberg/projects/figure-collector-services/figure-collector-frontend/node_modules/@jest/core/node_modules/jest-circus/build/run.js:60:9)
    at _runTestsForDescribeBlock (/home/rgoldberg/projects/figure-collector-services/figure-collector-frontend/node_modules/@jest/core/node_modules/jest-circus/build/run.js:60:9)
    at run (/home/rgoldberg/projects/figure-collector-services/figure-collector-frontend/node_modules/@jest/core/node_modules/jest-circus/build/run.js:25:3)
    at runAndTransformResultsToJestFormat (/home/rgoldberg/projects/figure-collector-services/figure-collector-frontend/node_modules/@jest/core/node_modules/jest-circus/build/legacy-code-todo-rewrite/jestAdapterInit.js:170:21)
    at jestAdapter (/home/rgoldberg/projects/figure-collector-services/figure-collector-frontend/node_modules/@jest/core/node_modules/jest-circus/build/legacy-code-todo-rewrite/jestAdapter.js:82:19)
    at runTestInternal (/home/rgoldberg/projects/figure-collector-services/figure-collector-frontend/node_modules/jest-runner/build/runTest.js:389:16)
    at runTest (/home/rgoldberg/projects/figure-collector-services/figure-collector-frontend/node_modules/jest-runner/build/runTest.js:475:34)</failure>
    </testcase>
    <testcase classname="EmptyState edge cases should handle empty message gracefully" name="EmptyState edge cases should handle empty message gracefully" time="0.015">
      <failure>TestingLibraryElementError: Unable to find an accessible element with the role &quot;button&quot; and name `/add your first figure/i`

Here are the accessible roles:

  paragraph:

  Name &quot;&quot;:
  &lt;p
    data-testid=&quot;text&quot;
    font-size=&quot;xl&quot;
    font-weight=&quot;bold&quot;
  /&gt;

  Name &quot;&quot;:
  &lt;p
    color=&quot;gray.600&quot;
    data-testid=&quot;text&quot;
  /&gt;

  --------------------------------------------------
  link:

  Name &quot;Add Your First Figure&quot;:
  &lt;a
    data-testid=&quot;button&quot;
    href=&quot;/figures/add&quot;
  /&gt;

  --------------------------------------------------

Ignored nodes: comments, script, style
&lt;body&gt;
  &lt;div&gt;
    &lt;div
      data-testid=&quot;query-client-provider&quot;
    &gt;
      &lt;div&gt;
        &lt;div
          bg=&quot;white&quot;
          borderradius=&quot;lg&quot;
          data-testid=&quot;box&quot;
          my=&quot;10&quot;
          p=&quot;10&quot;
          shadow=&quot;sm&quot;
          textalign=&quot;center&quot;
        &gt;
          &lt;div
            data-testid=&quot;vstack&quot;
            spacing=&quot;6&quot;
          &gt;
            &lt;span
              boxsize=&quot;12&quot;
              color=&quot;gray.400&quot;
              data-testid=&quot;icon&quot;
            /&gt;
            &lt;div
              data-testid=&quot;vstack&quot;
              spacing=&quot;2&quot;
            &gt;
              &lt;p
                data-testid=&quot;text&quot;
                font-size=&quot;xl&quot;
                font-weight=&quot;bold&quot;
              &gt;
                Your collection is empty
              &lt;/p&gt;
              &lt;p
                color=&quot;gray.600&quot;
                data-testid=&quot;text&quot;
              &gt;
                You haven&apos;t added any figures to your collection yet.
              &lt;/p&gt;
            &lt;/div&gt;
            &lt;a
              data-testid=&quot;button&quot;
              href=&quot;/figures/add&quot;
            &gt;
              &lt;span
                data-testid=&quot;left-icon&quot;
              &gt;
                &lt;span
                  data-testid=&quot;icon&quot;
                /&gt;
              &lt;/span&gt;
              Add Your First Figure
            &lt;/a&gt;
          &lt;/div&gt;
        &lt;/div&gt;
      &lt;/div&gt;
    &lt;/div&gt;
  &lt;/div&gt;
&lt;/body&gt;
    at Object.getElementError (/home/rgoldberg/projects/figure-collector-services/figure-collector-frontend/node_modules/@testing-library/dom/dist/config.js:37:19)
    at /home/rgoldberg/projects/figure-collector-services/figure-collector-frontend/node_modules/@testing-library/dom/dist/query-helpers.js:76:38
    at /home/rgoldberg/projects/figure-collector-services/figure-collector-frontend/node_modules/@testing-library/dom/dist/query-helpers.js:52:17
    at getByRole (/home/rgoldberg/projects/figure-collector-services/figure-collector-frontend/node_modules/@testing-library/dom/dist/query-helpers.js:95:19)
    at Object.&lt;anonymous&gt; (/home/rgoldberg/projects/figure-collector-services/figure-collector-frontend/src/components/__tests__/EmptyState.test.tsx:218:21)
    at Promise.then.completed (/home/rgoldberg/projects/figure-collector-services/figure-collector-frontend/node_modules/@jest/core/node_modules/jest-circus/build/utils.js:391:28)
    at new Promise (&lt;anonymous&gt;)
    at callAsyncCircusFn (/home/rgoldberg/projects/figure-collector-services/figure-collector-frontend/node_modules/@jest/core/node_modules/jest-circus/build/utils.js:316:10)
    at _callCircusTest (/home/rgoldberg/projects/figure-collector-services/figure-collector-frontend/node_modules/@jest/core/node_modules/jest-circus/build/run.js:218:40)
    at _runTest (/home/rgoldberg/projects/figure-collector-services/figure-collector-frontend/node_modules/@jest/core/node_modules/jest-circus/build/run.js:155:3)
    at _runTestsForDescribeBlock (/home/rgoldberg/projects/figure-collector-services/figure-collector-frontend/node_modules/@jest/core/node_modules/jest-circus/build/run.js:66:9)
    at _runTestsForDescribeBlock (/home/rgoldberg/projects/figure-collector-services/figure-collector-frontend/node_modules/@jest/core/node_modules/jest-circus/build/run.js:60:9)
    at _runTestsForDescribeBlock (/home/rgoldberg/projects/figure-collector-services/figure-collector-frontend/node_modules/@jest/core/node_modules/jest-circus/build/run.js:60:9)
    at run (/home/rgoldberg/projects/figure-collector-services/figure-collector-frontend/node_modules/@jest/core/node_modules/jest-circus/build/run.js:25:3)
    at runAndTransformResultsToJestFormat (/home/rgoldberg/projects/figure-collector-services/figure-collector-frontend/node_modules/@jest/core/node_modules/jest-circus/build/legacy-code-todo-rewrite/jestAdapterInit.js:170:21)
    at jestAdapter (/home/rgoldberg/projects/figure-collector-services/figure-collector-frontend/node_modules/@jest/core/node_modules/jest-circus/build/legacy-code-todo-rewrite/jestAdapter.js:82:19)
    at runTestInternal (/home/rgoldberg/projects/figure-collector-services/figure-collector-frontend/node_modules/jest-runner/build/runTest.js:389:16)
    at runTest (/home/rgoldberg/projects/figure-collector-services/figure-collector-frontend/node_modules/jest-runner/build/runTest.js:475:34)</failure>
    </testcase>
    <testcase classname="EmptyState edge cases should handle very long custom messages" name="EmptyState edge cases should handle very long custom messages" time="0.002">
    </testcase>
    <testcase classname="EmptyState edge cases should handle special characters in messages" name="EmptyState edge cases should handle special characters in messages" time="0.002">
    </testcase>
  </testsuite>
  <testsuite name="App Routing" errors="0" failures="1" skipped="0" timestamp="2025-09-04T20:05:29" time="0.145" tests="32">
    <testcase classname="App Routing Public Routes should render login page for unauthenticated users at root path" name="App Routing Public Routes should render login page for unauthenticated users at root path" time="0.013">
    </testcase>
    <testcase classname="App Routing Public Routes should render login page at /login path" name="App Routing Public Routes should render login page at /login path" time="0.002">
    </testcase>
    <testcase classname="App Routing Public Routes should render register page at /register path" name="App Routing Public Routes should render register page at /register path" time="0.002">
    </testcase>
    <testcase classname="App Routing Public Routes should redirect unauthenticated users from protected routes to login" name="App Routing Public Routes should redirect unauthenticated users from protected routes to login" time="0.002">
    </testcase>
    <testcase classname="App Routing Public Routes should redirect from dashboard to login when not authenticated" name="App Routing Public Routes should redirect from dashboard to login when not authenticated" time="0.002">
    </testcase>
    <testcase classname="App Routing Protected Routes should render dashboard page at root path for authenticated users" name="App Routing Protected Routes should render dashboard page at root path for authenticated users" time="0.003">
    </testcase>
    <testcase classname="App Routing Protected Routes should render figures list page at /figures" name="App Routing Protected Routes should render figures list page at /figures" time="0.002">
    </testcase>
    <testcase classname="App Routing Protected Routes should render figure detail page at /figures/:id" name="App Routing Protected Routes should render figure detail page at /figures/:id" time="0.002">
    </testcase>
    <testcase classname="App Routing Protected Routes should render add figure page at /figures/add" name="App Routing Protected Routes should render add figure page at /figures/add" time="0.001">
    </testcase>
    <testcase classname="App Routing Protected Routes should render edit figure page at /figures/edit/:id" name="App Routing Protected Routes should render edit figure page at /figures/edit/:id" time="0.002">
    </testcase>
    <testcase classname="App Routing Protected Routes should render search page at /search" name="App Routing Protected Routes should render search page at /search" time="0.002">
    </testcase>
    <testcase classname="App Routing Protected Routes should render statistics page at /statistics" name="App Routing Protected Routes should render statistics page at /statistics" time="0.002">
    </testcase>
    <testcase classname="App Routing Protected Routes should render profile page at /profile" name="App Routing Protected Routes should render profile page at /profile" time="0.002">
    </testcase>
    <testcase classname="App Routing Protected Routes should render not found page for invalid routes" name="App Routing Protected Routes should render not found page for invalid routes" time="0.001">
    </testcase>
    <testcase classname="App Routing ProtectedRoute Component should render children when user is authenticated" name="App Routing ProtectedRoute Component should render children when user is authenticated" time="0.001">
    </testcase>
    <testcase classname="App Routing ProtectedRoute Component should redirect to login when user is not authenticated" name="App Routing ProtectedRoute Component should redirect to login when user is not authenticated" time="0.002">
    </testcase>
    <testcase classname="App Routing ProtectedRoute Component should check authentication state on every render" name="App Routing ProtectedRoute Component should check authentication state on every render" time="0.002">
    </testcase>
    <testcase classname="App Routing Route Parameters should handle dynamic route parameters for figure detail" name="App Routing Route Parameters should handle dynamic route parameters for figure detail" time="0.002">
    </testcase>
    <testcase classname="App Routing Route Parameters should handle dynamic route parameters for edit figure" name="App Routing Route Parameters should handle dynamic route parameters for edit figure" time="0.001">
    </testcase>
    <testcase classname="App Routing Route Parameters should handle special characters in route parameters" name="App Routing Route Parameters should handle special characters in route parameters" time="0.002">
    </testcase>
    <testcase classname="App Routing Nested Routes should render layout wrapper for all protected routes" name="App Routing Nested Routes should render layout wrapper for all protected routes" time="0.009">
    </testcase>
    <testcase classname="App Routing Nested Routes should not render layout wrapper for public routes" name="App Routing Nested Routes should not render layout wrapper for public routes" time="0.002">
    </testcase>
    <testcase classname="App Routing Authentication State Changes should handle authentication state changes dynamically" name="App Routing Authentication State Changes should handle authentication state changes dynamically" time="0.012">
      <failure>Error: expect(element).not.toBeInTheDocument()

expected document not to contain element, found &lt;div data-testid=&quot;login-page&quot;&gt;Login&lt;/div&gt; instead

Ignored nodes: comments, script, style
&lt;html&gt;
  &lt;head /&gt;
  &lt;body&gt;
    &lt;div /&gt;
    &lt;div&gt;
      &lt;div
        data-testid=&quot;query-client-provider&quot;
      &gt;
        &lt;div&gt;
          &lt;div
            data-testid=&quot;box&quot;
          &gt;
            &lt;div
              data-testid=&quot;login-page&quot;
            &gt;
              Login
            &lt;/div&gt;
          &lt;/div&gt;
        &lt;/div&gt;
      &lt;/div&gt;
    &lt;/div&gt;
  &lt;/body&gt;
&lt;/html&gt;
    at /home/rgoldberg/projects/figure-collector-services/figure-collector-frontend/src/__tests__/App.test.tsx:393:56
    at runWithExpensiveErrorDiagnosticsDisabled (/home/rgoldberg/projects/figure-collector-services/figure-collector-frontend/node_modules/@testing-library/dom/dist/config.js:47:12)
    at checkCallback (/home/rgoldberg/projects/figure-collector-services/figure-collector-frontend/node_modules/@testing-library/dom/dist/wait-for.js:124:77)
    at /home/rgoldberg/projects/figure-collector-services/figure-collector-frontend/node_modules/@testing-library/dom/dist/wait-for.js:97:7
    at new Promise (&lt;anonymous&gt;)
    at waitFor (/home/rgoldberg/projects/figure-collector-services/figure-collector-frontend/node_modules/@testing-library/dom/dist/wait-for.js:36:10)
    at cb (/home/rgoldberg/projects/figure-collector-services/figure-collector-frontend/node_modules/@testing-library/dom/dist/wait-for.js:164:54)
    at Object.asyncWrapper (/home/rgoldberg/projects/figure-collector-services/figure-collector-frontend/src/setupTests.ts:139:20)
    at waitForWrapper (/home/rgoldberg/projects/figure-collector-services/figure-collector-frontend/node_modules/@testing-library/dom/dist/wait-for.js:164:35)
    at Object.&lt;anonymous&gt; (/home/rgoldberg/projects/figure-collector-services/figure-collector-frontend/src/__tests__/App.test.tsx:392:20)
    at Promise.then.completed (/home/rgoldberg/projects/figure-collector-services/figure-collector-frontend/node_modules/@jest/core/node_modules/jest-circus/build/utils.js:391:28)
    at new Promise (&lt;anonymous&gt;)
    at callAsyncCircusFn (/home/rgoldberg/projects/figure-collector-services/figure-collector-frontend/node_modules/@jest/core/node_modules/jest-circus/build/utils.js:316:10)
    at _callCircusTest (/home/rgoldberg/projects/figure-collector-services/figure-collector-frontend/node_modules/@jest/core/node_modules/jest-circus/build/run.js:218:40)
    at _runTest (/home/rgoldberg/projects/figure-collector-services/figure-collector-frontend/node_modules/@jest/core/node_modules/jest-circus/build/run.js:155:3)
    at _runTestsForDescribeBlock (/home/rgoldberg/projects/figure-collector-services/figure-collector-frontend/node_modules/@jest/core/node_modules/jest-circus/build/run.js:66:9)
    at _runTestsForDescribeBlock (/home/rgoldberg/projects/figure-collector-services/figure-collector-frontend/node_modules/@jest/core/node_modules/jest-circus/build/run.js:60:9)
    at _runTestsForDescribeBlock (/home/rgoldberg/projects/figure-collector-services/figure-collector-frontend/node_modules/@jest/core/node_modules/jest-circus/build/run.js:60:9)
    at run (/home/rgoldberg/projects/figure-collector-services/figure-collector-frontend/node_modules/@jest/core/node_modules/jest-circus/build/run.js:25:3)
    at runAndTransformResultsToJestFormat (/home/rgoldberg/projects/figure-collector-services/figure-collector-frontend/node_modules/@jest/core/node_modules/jest-circus/build/legacy-code-todo-rewrite/jestAdapterInit.js:170:21)
    at jestAdapter (/home/rgoldberg/projects/figure-collector-services/figure-collector-frontend/node_modules/@jest/core/node_modules/jest-circus/build/legacy-code-todo-rewrite/jestAdapter.js:82:19)
    at runTestInternal (/home/rgoldberg/projects/figure-collector-services/figure-collector-frontend/node_modules/jest-runner/build/runTest.js:389:16)
    at runTest (/home/rgoldberg/projects/figure-collector-services/figure-collector-frontend/node_modules/jest-runner/build/runTest.js:475:34)</failure>
    </testcase>
    <testcase classname="App Routing Authentication State Changes should redirect to login when user logs out" name="App Routing Authentication State Changes should redirect to login when user logs out" time="0.008">
    </testcase>
    <testcase classname="App Routing Route Guards should prevent access to authenticated-only routes when not logged in" name="App Routing Route Guards should prevent access to authenticated-only routes when not logged in" time="0.009">
    </testcase>
    <testcase classname="App Routing Route Guards should allow access to public routes regardless of authentication" name="App Routing Route Guards should allow access to public routes regardless of authentication" time="0.004">
    </testcase>
    <testcase classname="App Routing Error Boundaries and Edge Cases should handle invalid authentication state gracefully" name="App Routing Error Boundaries and Edge Cases should handle invalid authentication state gracefully" time="0.001">
    </testcase>
    <testcase classname="App Routing Error Boundaries and Edge Cases should handle malformed user object" name="App Routing Error Boundaries and Edge Cases should handle malformed user object" time="0.002">
    </testcase>
    <testcase classname="App Routing Error Boundaries and Edge Cases should handle route navigation with special characters" name="App Routing Error Boundaries and Edge Cases should handle route navigation with special characters" time="0.003">
    </testcase>
    <testcase classname="App Routing Error Boundaries and Edge Cases should handle deeply nested invalid routes" name="App Routing Error Boundaries and Edge Cases should handle deeply nested invalid routes" time="0.002">
    </testcase>
    <testcase classname="App Routing Performance and Optimization should not cause excessive re-renders on auth state checks" name="App Routing Performance and Optimization should not cause excessive re-renders on auth state checks" time="0.001">
    </testcase>
    <testcase classname="App Routing Performance and Optimization should handle rapid route changes" name="App Routing Performance and Optimization should handle rapid route changes" time="0.005">
    </testcase>
  </testsuite>
  <testsuite name="Figure Operations Integration" errors="0" failures="2" skipped="0" timestamp="2025-09-04T20:05:29" time="0.141" tests="2">
    <testcase classname="Figure Operations Integration creates a new figure through backend integration" name="Figure Operations Integration creates a new figure through backend integration" time="0.058">
      <failure>TypeError: Cannot read properties of undefined (reading &apos;isLoading&apos;)
    at AddFigure (/home/rgoldberg/projects/figure-collector-services/figure-collector-frontend/src/pages/AddFigure.tsx:85:31)
    at renderWithHooks (/home/rgoldberg/projects/figure-collector-services/figure-collector-frontend/node_modules/react-dom/cjs/react-dom.development.js:15486:18)
    at mountIndeterminateComponent (/home/rgoldberg/projects/figure-collector-services/figure-collector-frontend/node_modules/react-dom/cjs/react-dom.development.js:20103:13)
    at beginWork (/home/rgoldberg/projects/figure-collector-services/figure-collector-frontend/node_modules/react-dom/cjs/react-dom.development.js:21626:16)
    at beginWork$1 (/home/rgoldberg/projects/figure-collector-services/figure-collector-frontend/node_modules/react-dom/cjs/react-dom.development.js:27465:14)
    at performUnitOfWork (/home/rgoldberg/projects/figure-collector-services/figure-collector-frontend/node_modules/react-dom/cjs/react-dom.development.js:26599:12)
    at workLoopSync (/home/rgoldberg/projects/figure-collector-services/figure-collector-frontend/node_modules/react-dom/cjs/react-dom.development.js:26505:5)
    at renderRootSync (/home/rgoldberg/projects/figure-collector-services/figure-collector-frontend/node_modules/react-dom/cjs/react-dom.development.js:26473:7)
    at recoverFromConcurrentError (/home/rgoldberg/projects/figure-collector-services/figure-collector-frontend/node_modules/react-dom/cjs/react-dom.development.js:25889:20)
    at performConcurrentWorkOnRoot (/home/rgoldberg/projects/figure-collector-services/figure-collector-frontend/node_modules/react-dom/cjs/react-dom.development.js:25789:22)
    at flushActQueue (/home/rgoldberg/projects/figure-collector-services/figure-collector-frontend/node_modules/react/cjs/react.development.js:2667:24)
    at act (/home/rgoldberg/projects/figure-collector-services/figure-collector-frontend/node_modules/react/cjs/react.development.js:2582:11)
    at /home/rgoldberg/projects/figure-collector-services/figure-collector-frontend/node_modules/@testing-library/react/dist/act-compat.js:47:25
    at renderRoot (/home/rgoldberg/projects/figure-collector-services/figure-collector-frontend/node_modules/@testing-library/react/dist/pure.js:190:26)
    at render (/home/rgoldberg/projects/figure-collector-services/figure-collector-frontend/node_modules/@testing-library/react/dist/pure.js:292:10)
    at customRender (/home/rgoldberg/projects/figure-collector-services/figure-collector-frontend/src/test-utils.tsx:79:12)
    at Object.&lt;anonymous&gt; (/home/rgoldberg/projects/figure-collector-services/figure-collector-frontend/src/__tests__/integration/figure-operations.integration.test.tsx:67:11)
    at Promise.then.completed (/home/rgoldberg/projects/figure-collector-services/figure-collector-frontend/node_modules/@jest/core/node_modules/jest-circus/build/utils.js:391:28)
    at new Promise (&lt;anonymous&gt;)
    at callAsyncCircusFn (/home/rgoldberg/projects/figure-collector-services/figure-collector-frontend/node_modules/@jest/core/node_modules/jest-circus/build/utils.js:316:10)
    at _callCircusTest (/home/rgoldberg/projects/figure-collector-services/figure-collector-frontend/node_modules/@jest/core/node_modules/jest-circus/build/run.js:218:40)
    at _runTest (/home/rgoldberg/projects/figure-collector-services/figure-collector-frontend/node_modules/@jest/core/node_modules/jest-circus/build/run.js:155:3)
    at _runTestsForDescribeBlock (/home/rgoldberg/projects/figure-collector-services/figure-collector-frontend/node_modules/@jest/core/node_modules/jest-circus/build/run.js:66:9)
    at _runTestsForDescribeBlock (/home/rgoldberg/projects/figure-collector-services/figure-collector-frontend/node_modules/@jest/core/node_modules/jest-circus/build/run.js:60:9)
    at run (/home/rgoldberg/projects/figure-collector-services/figure-collector-frontend/node_modules/@jest/core/node_modules/jest-circus/build/run.js:25:3)
    at runAndTransformResultsToJestFormat (/home/rgoldberg/projects/figure-collector-services/figure-collector-frontend/node_modules/@jest/core/node_modules/jest-circus/build/legacy-code-todo-rewrite/jestAdapterInit.js:170:21)
    at jestAdapter (/home/rgoldberg/projects/figure-collector-services/figure-collector-frontend/node_modules/@jest/core/node_modules/jest-circus/build/legacy-code-todo-rewrite/jestAdapter.js:82:19)
    at runTestInternal (/home/rgoldberg/projects/figure-collector-services/figure-collector-frontend/node_modules/jest-runner/build/runTest.js:389:16)
    at runTest (/home/rgoldberg/projects/figure-collector-services/figure-collector-frontend/node_modules/jest-runner/build/runTest.js:475:34)</failure>
    </testcase>
    <testcase classname="Figure Operations Integration performs a search with real backend integration" name="Figure Operations Integration performs a search with real backend integration" time="0.044">
      <failure>TypeError: Cannot read properties of undefined (reading &apos;isLoading&apos;)
    at AddFigure (/home/rgoldberg/projects/figure-collector-services/figure-collector-frontend/src/pages/AddFigure.tsx:85:31)
    at renderWithHooks (/home/rgoldberg/projects/figure-collector-services/figure-collector-frontend/node_modules/react-dom/cjs/react-dom.development.js:15486:18)
    at mountIndeterminateComponent (/home/rgoldberg/projects/figure-collector-services/figure-collector-frontend/node_modules/react-dom/cjs/react-dom.development.js:20103:13)
    at beginWork (/home/rgoldberg/projects/figure-collector-services/figure-collector-frontend/node_modules/react-dom/cjs/react-dom.development.js:21626:16)
    at beginWork$1 (/home/rgoldberg/projects/figure-collector-services/figure-collector-frontend/node_modules/react-dom/cjs/react-dom.development.js:27465:14)
    at performUnitOfWork (/home/rgoldberg/projects/figure-collector-services/figure-collector-frontend/node_modules/react-dom/cjs/react-dom.development.js:26599:12)
    at workLoopSync (/home/rgoldberg/projects/figure-collector-services/figure-collector-frontend/node_modules/react-dom/cjs/react-dom.development.js:26505:5)
    at renderRootSync (/home/rgoldberg/projects/figure-collector-services/figure-collector-frontend/node_modules/react-dom/cjs/react-dom.development.js:26473:7)
    at recoverFromConcurrentError (/home/rgoldberg/projects/figure-collector-services/figure-collector-frontend/node_modules/react-dom/cjs/react-dom.development.js:25889:20)
    at performConcurrentWorkOnRoot (/home/rgoldberg/projects/figure-collector-services/figure-collector-frontend/node_modules/react-dom/cjs/react-dom.development.js:25789:22)
    at flushActQueue (/home/rgoldberg/projects/figure-collector-services/figure-collector-frontend/node_modules/react/cjs/react.development.js:2667:24)
    at act (/home/rgoldberg/projects/figure-collector-services/figure-collector-frontend/node_modules/react/cjs/react.development.js:2582:11)
    at /home/rgoldberg/projects/figure-collector-services/figure-collector-frontend/node_modules/@testing-library/react/dist/act-compat.js:47:25
    at renderRoot (/home/rgoldberg/projects/figure-collector-services/figure-collector-frontend/node_modules/@testing-library/react/dist/pure.js:190:26)
    at render (/home/rgoldberg/projects/figure-collector-services/figure-collector-frontend/node_modules/@testing-library/react/dist/pure.js:292:10)
    at customRender (/home/rgoldberg/projects/figure-collector-services/figure-collector-frontend/src/test-utils.tsx:79:12)
    at Object.&lt;anonymous&gt; (/home/rgoldberg/projects/figure-collector-services/figure-collector-frontend/src/__tests__/integration/figure-operations.integration.test.tsx:90:11)
    at Promise.then.completed (/home/rgoldberg/projects/figure-collector-services/figure-collector-frontend/node_modules/@jest/core/node_modules/jest-circus/build/utils.js:391:28)
    at new Promise (&lt;anonymous&gt;)
    at callAsyncCircusFn (/home/rgoldberg/projects/figure-collector-services/figure-collector-frontend/node_modules/@jest/core/node_modules/jest-circus/build/utils.js:316:10)
    at _callCircusTest (/home/rgoldberg/projects/figure-collector-services/figure-collector-frontend/node_modules/@jest/core/node_modules/jest-circus/build/run.js:218:40)
    at _runTest (/home/rgoldberg/projects/figure-collector-services/figure-collector-frontend/node_modules/@jest/core/node_modules/jest-circus/build/run.js:155:3)
    at _runTestsForDescribeBlock (/home/rgoldberg/projects/figure-collector-services/figure-collector-frontend/node_modules/@jest/core/node_modules/jest-circus/build/run.js:66:9)
    at _runTestsForDescribeBlock (/home/rgoldberg/projects/figure-collector-services/figure-collector-frontend/node_modules/@jest/core/node_modules/jest-circus/build/run.js:60:9)
    at run (/home/rgoldberg/projects/figure-collector-services/figure-collector-frontend/node_modules/@jest/core/node_modules/jest-circus/build/run.js:25:3)
    at runAndTransformResultsToJestFormat (/home/rgoldberg/projects/figure-collector-services/figure-collector-frontend/node_modules/@jest/core/node_modules/jest-circus/build/legacy-code-todo-rewrite/jestAdapterInit.js:170:21)
    at jestAdapter (/home/rgoldberg/projects/figure-collector-services/figure-collector-frontend/node_modules/@jest/core/node_modules/jest-circus/build/legacy-code-todo-rewrite/jestAdapter.js:82:19)
    at runTestInternal (/home/rgoldberg/projects/figure-collector-services/figure-collector-frontend/node_modules/jest-runner/build/runTest.js:389:16)
    at runTest (/home/rgoldberg/projects/figure-collector-services/figure-collector-frontend/node_modules/jest-runner/build/runTest.js:475:34)</failure>
    </testcase>
  </testsuite>
  <testsuite name="Enhanced API Integration Tests" errors="0" failures="54" skipped="0" timestamp="2025-09-04T20:05:29" time="0.133" tests="55">
    <testcase classname="Enhanced API Integration Tests API Instance Configuration should create axios instance with correct base URL" name="Enhanced API Integration Tests API Instance Configuration should create axios instance with correct base URL" time="0.002">
      <failure>Error: expect(jest.fn()).toHaveBeenCalledWith(...expected)

Expected: {&quot;baseURL&quot;: &quot;/api&quot;, &quot;headers&quot;: {&quot;Content-Type&quot;: &quot;application/json&quot;}}

Number of calls: 0
    at Object.&lt;anonymous&gt; (/home/rgoldberg/projects/figure-collector-services/figure-collector-frontend/src/api/__tests__/index.enhanced.test.ts:70:34)
    at Promise.then.completed (/home/rgoldberg/projects/figure-collector-services/figure-collector-frontend/node_modules/@jest/core/node_modules/jest-circus/build/utils.js:391:28)
    at new Promise (&lt;anonymous&gt;)
    at callAsyncCircusFn (/home/rgoldberg/projects/figure-collector-services/figure-collector-frontend/node_modules/@jest/core/node_modules/jest-circus/build/utils.js:316:10)
    at _callCircusTest (/home/rgoldberg/projects/figure-collector-services/figure-collector-frontend/node_modules/@jest/core/node_modules/jest-circus/build/run.js:218:40)
    at _runTest (/home/rgoldberg/projects/figure-collector-services/figure-collector-frontend/node_modules/@jest/core/node_modules/jest-circus/build/run.js:155:3)
    at _runTestsForDescribeBlock (/home/rgoldberg/projects/figure-collector-services/figure-collector-frontend/node_modules/@jest/core/node_modules/jest-circus/build/run.js:66:9)
    at _runTestsForDescribeBlock (/home/rgoldberg/projects/figure-collector-services/figure-collector-frontend/node_modules/@jest/core/node_modules/jest-circus/build/run.js:60:9)
    at _runTestsForDescribeBlock (/home/rgoldberg/projects/figure-collector-services/figure-collector-frontend/node_modules/@jest/core/node_modules/jest-circus/build/run.js:60:9)
    at run (/home/rgoldberg/projects/figure-collector-services/figure-collector-frontend/node_modules/@jest/core/node_modules/jest-circus/build/run.js:25:3)
    at runAndTransformResultsToJestFormat (/home/rgoldberg/projects/figure-collector-services/figure-collector-frontend/node_modules/@jest/core/node_modules/jest-circus/build/legacy-code-todo-rewrite/jestAdapterInit.js:170:21)
    at jestAdapter (/home/rgoldberg/projects/figure-collector-services/figure-collector-frontend/node_modules/@jest/core/node_modules/jest-circus/build/legacy-code-todo-rewrite/jestAdapter.js:82:19)
    at runTestInternal (/home/rgoldberg/projects/figure-collector-services/figure-collector-frontend/node_modules/jest-runner/build/runTest.js:389:16)
    at runTest (/home/rgoldberg/projects/figure-collector-services/figure-collector-frontend/node_modules/jest-runner/build/runTest.js:475:34)</failure>
    </testcase>
    <testcase classname="Enhanced API Integration Tests API Instance Configuration should use environment API URL when available" name="Enhanced API Integration Tests API Instance Configuration should use environment API URL when available" time="0.002">
      <failure>Error: expect(jest.fn()).toHaveBeenCalledWith(...expected)

Expected: {&quot;baseURL&quot;: &quot;https://api.example.com&quot;, &quot;headers&quot;: {&quot;Content-Type&quot;: &quot;application/json&quot;}}

Number of calls: 0
    at Object.&lt;anonymous&gt; (/home/rgoldberg/projects/figure-collector-services/figure-collector-frontend/src/api/__tests__/index.enhanced.test.ts:86:34)
    at Promise.then.completed (/home/rgoldberg/projects/figure-collector-services/figure-collector-frontend/node_modules/@jest/core/node_modules/jest-circus/build/utils.js:391:28)
    at new Promise (&lt;anonymous&gt;)
    at callAsyncCircusFn (/home/rgoldberg/projects/figure-collector-services/figure-collector-frontend/node_modules/@jest/core/node_modules/jest-circus/build/utils.js:316:10)
    at _callCircusTest (/home/rgoldberg/projects/figure-collector-services/figure-collector-frontend/node_modules/@jest/core/node_modules/jest-circus/build/run.js:218:40)
    at _runTest (/home/rgoldberg/projects/figure-collector-services/figure-collector-frontend/node_modules/@jest/core/node_modules/jest-circus/build/run.js:155:3)
    at _runTestsForDescribeBlock (/home/rgoldberg/projects/figure-collector-services/figure-collector-frontend/node_modules/@jest/core/node_modules/jest-circus/build/run.js:66:9)
    at _runTestsForDescribeBlock (/home/rgoldberg/projects/figure-collector-services/figure-collector-frontend/node_modules/@jest/core/node_modules/jest-circus/build/run.js:60:9)
    at _runTestsForDescribeBlock (/home/rgoldberg/projects/figure-collector-services/figure-collector-frontend/node_modules/@jest/core/node_modules/jest-circus/build/run.js:60:9)
    at run (/home/rgoldberg/projects/figure-collector-services/figure-collector-frontend/node_modules/@jest/core/node_modules/jest-circus/build/run.js:25:3)
    at runAndTransformResultsToJestFormat (/home/rgoldberg/projects/figure-collector-services/figure-collector-frontend/node_modules/@jest/core/node_modules/jest-circus/build/legacy-code-todo-rewrite/jestAdapterInit.js:170:21)
    at jestAdapter (/home/rgoldberg/projects/figure-collector-services/figure-collector-frontend/node_modules/@jest/core/node_modules/jest-circus/build/legacy-code-todo-rewrite/jestAdapter.js:82:19)
    at runTestInternal (/home/rgoldberg/projects/figure-collector-services/figure-collector-frontend/node_modules/jest-runner/build/runTest.js:389:16)
    at runTest (/home/rgoldberg/projects/figure-collector-services/figure-collector-frontend/node_modules/jest-runner/build/runTest.js:475:34)</failure>
    </testcase>
    <testcase classname="Enhanced API Integration Tests API Instance Configuration should configure request interceptor" name="Enhanced API Integration Tests API Instance Configuration should configure request interceptor" time="0.001">
      <failure>Error: expect(jest.fn()).toHaveBeenCalled()

Expected number of calls: &gt;= 1
Received number of calls:    0
    at Object.&lt;anonymous&gt; (/home/rgoldberg/projects/figure-collector-services/figure-collector-frontend/src/api/__tests__/index.enhanced.test.ts:99:56)
    at Promise.then.completed (/home/rgoldberg/projects/figure-collector-services/figure-collector-frontend/node_modules/@jest/core/node_modules/jest-circus/build/utils.js:391:28)
    at new Promise (&lt;anonymous&gt;)
    at callAsyncCircusFn (/home/rgoldberg/projects/figure-collector-services/figure-collector-frontend/node_modules/@jest/core/node_modules/jest-circus/build/utils.js:316:10)
    at _callCircusTest (/home/rgoldberg/projects/figure-collector-services/figure-collector-frontend/node_modules/@jest/core/node_modules/jest-circus/build/run.js:218:40)
    at _runTest (/home/rgoldberg/projects/figure-collector-services/figure-collector-frontend/node_modules/@jest/core/node_modules/jest-circus/build/run.js:155:3)
    at _runTestsForDescribeBlock (/home/rgoldberg/projects/figure-collector-services/figure-collector-frontend/node_modules/@jest/core/node_modules/jest-circus/build/run.js:66:9)
    at _runTestsForDescribeBlock (/home/rgoldberg/projects/figure-collector-services/figure-collector-frontend/node_modules/@jest/core/node_modules/jest-circus/build/run.js:60:9)
    at _runTestsForDescribeBlock (/home/rgoldberg/projects/figure-collector-services/figure-collector-frontend/node_modules/@jest/core/node_modules/jest-circus/build/run.js:60:9)
    at run (/home/rgoldberg/projects/figure-collector-services/figure-collector-frontend/node_modules/@jest/core/node_modules/jest-circus/build/run.js:25:3)
    at runAndTransformResultsToJestFormat (/home/rgoldberg/projects/figure-collector-services/figure-collector-frontend/node_modules/@jest/core/node_modules/jest-circus/build/legacy-code-todo-rewrite/jestAdapterInit.js:170:21)
    at jestAdapter (/home/rgoldberg/projects/figure-collector-services/figure-collector-frontend/node_modules/@jest/core/node_modules/jest-circus/build/legacy-code-todo-rewrite/jestAdapter.js:82:19)
    at runTestInternal (/home/rgoldberg/projects/figure-collector-services/figure-collector-frontend/node_modules/jest-runner/build/runTest.js:389:16)
    at runTest (/home/rgoldberg/projects/figure-collector-services/figure-collector-frontend/node_modules/jest-runner/build/runTest.js:475:34)</failure>
    </testcase>
    <testcase classname="Enhanced API Integration Tests API Instance Configuration should configure response interceptor" name="Enhanced API Integration Tests API Instance Configuration should configure response interceptor" time="0.001">
      <failure>Error: expect(jest.fn()).toHaveBeenCalled()

Expected number of calls: &gt;= 1
Received number of calls:    0
    at Object.&lt;anonymous&gt; (/home/rgoldberg/projects/figure-collector-services/figure-collector-frontend/src/api/__tests__/index.enhanced.test.ts:105:57)
    at Promise.then.completed (/home/rgoldberg/projects/figure-collector-services/figure-collector-frontend/node_modules/@jest/core/node_modules/jest-circus/build/utils.js:391:28)
    at new Promise (&lt;anonymous&gt;)
    at callAsyncCircusFn (/home/rgoldberg/projects/figure-collector-services/figure-collector-frontend/node_modules/@jest/core/node_modules/jest-circus/build/utils.js:316:10)
    at _callCircusTest (/home/rgoldberg/projects/figure-collector-services/figure-collector-frontend/node_modules/@jest/core/node_modules/jest-circus/build/run.js:218:40)
    at _runTest (/home/rgoldberg/projects/figure-collector-services/figure-collector-frontend/node_modules/@jest/core/node_modules/jest-circus/build/run.js:155:3)
    at _runTestsForDescribeBlock (/home/rgoldberg/projects/figure-collector-services/figure-collector-frontend/node_modules/@jest/core/node_modules/jest-circus/build/run.js:66:9)
    at _runTestsForDescribeBlock (/home/rgoldberg/projects/figure-collector-services/figure-collector-frontend/node_modules/@jest/core/node_modules/jest-circus/build/run.js:60:9)
    at _runTestsForDescribeBlock (/home/rgoldberg/projects/figure-collector-services/figure-collector-frontend/node_modules/@jest/core/node_modules/jest-circus/build/run.js:60:9)
    at run (/home/rgoldberg/projects/figure-collector-services/figure-collector-frontend/node_modules/@jest/core/node_modules/jest-circus/build/run.js:25:3)
    at runAndTransformResultsToJestFormat (/home/rgoldberg/projects/figure-collector-services/figure-collector-frontend/node_modules/@jest/core/node_modules/jest-circus/build/legacy-code-todo-rewrite/jestAdapterInit.js:170:21)
    at jestAdapter (/home/rgoldberg/projects/figure-collector-services/figure-collector-frontend/node_modules/@jest/core/node_modules/jest-circus/build/legacy-code-todo-rewrite/jestAdapter.js:82:19)
    at runTestInternal (/home/rgoldberg/projects/figure-collector-services/figure-collector-frontend/node_modules/jest-runner/build/runTest.js:389:16)
    at runTest (/home/rgoldberg/projects/figure-collector-services/figure-collector-frontend/node_modules/jest-runner/build/runTest.js:475:34)</failure>
    </testcase>
    <testcase classname="Enhanced API Integration Tests Request Interceptor should add authorization header when user has token" name="Enhanced API Integration Tests Request Interceptor should add authorization header when user has token" time="0">
      <failure>TypeError: Cannot read properties of undefined (reading &apos;0&apos;)
    at Object.&lt;anonymous&gt; (/home/rgoldberg/projects/figure-collector-services/figure-collector-frontend/src/api/__tests__/index.enhanced.test.ts:115:82)
    at Promise.then.completed (/home/rgoldberg/projects/figure-collector-services/figure-collector-frontend/node_modules/@jest/core/node_modules/jest-circus/build/utils.js:391:28)
    at new Promise (&lt;anonymous&gt;)
    at callAsyncCircusFn (/home/rgoldberg/projects/figure-collector-services/figure-collector-frontend/node_modules/@jest/core/node_modules/jest-circus/build/utils.js:316:10)
    at _callCircusHook (/home/rgoldberg/projects/figure-collector-services/figure-collector-frontend/node_modules/@jest/core/node_modules/jest-circus/build/run.js:181:40)
    at _runTest (/home/rgoldberg/projects/figure-collector-services/figure-collector-frontend/node_modules/@jest/core/node_modules/jest-circus/build/run.js:148:5)
    at _runTestsForDescribeBlock (/home/rgoldberg/projects/figure-collector-services/figure-collector-frontend/node_modules/@jest/core/node_modules/jest-circus/build/run.js:66:9)
    at _runTestsForDescribeBlock (/home/rgoldberg/projects/figure-collector-services/figure-collector-frontend/node_modules/@jest/core/node_modules/jest-circus/build/run.js:60:9)
    at _runTestsForDescribeBlock (/home/rgoldberg/projects/figure-collector-services/figure-collector-frontend/node_modules/@jest/core/node_modules/jest-circus/build/run.js:60:9)
    at run (/home/rgoldberg/projects/figure-collector-services/figure-collector-frontend/node_modules/@jest/core/node_modules/jest-circus/build/run.js:25:3)
    at runAndTransformResultsToJestFormat (/home/rgoldberg/projects/figure-collector-services/figure-collector-frontend/node_modules/@jest/core/node_modules/jest-circus/build/legacy-code-todo-rewrite/jestAdapterInit.js:170:21)
    at jestAdapter (/home/rgoldberg/projects/figure-collector-services/figure-collector-frontend/node_modules/@jest/core/node_modules/jest-circus/build/legacy-code-todo-rewrite/jestAdapter.js:82:19)
    at runTestInternal (/home/rgoldberg/projects/figure-collector-services/figure-collector-frontend/node_modules/jest-runner/build/runTest.js:389:16)
    at runTest (/home/rgoldberg/projects/figure-collector-services/figure-collector-frontend/node_modules/jest-runner/build/runTest.js:475:34)</failure>
    </testcase>
    <testcase classname="Enhanced API Integration Tests Request Interceptor should not add authorization header when no user token" name="Enhanced API Integration Tests Request Interceptor should not add authorization header when no user token" time="0">
      <failure>TypeError: Cannot read properties of undefined (reading &apos;0&apos;)
    at Object.&lt;anonymous&gt; (/home/rgoldberg/projects/figure-collector-services/figure-collector-frontend/src/api/__tests__/index.enhanced.test.ts:115:82)
    at Promise.then.completed (/home/rgoldberg/projects/figure-collector-services/figure-collector-frontend/node_modules/@jest/core/node_modules/jest-circus/build/utils.js:391:28)
    at new Promise (&lt;anonymous&gt;)
    at callAsyncCircusFn (/home/rgoldberg/projects/figure-collector-services/figure-collector-frontend/node_modules/@jest/core/node_modules/jest-circus/build/utils.js:316:10)
    at _callCircusHook (/home/rgoldberg/projects/figure-collector-services/figure-collector-frontend/node_modules/@jest/core/node_modules/jest-circus/build/run.js:181:40)
    at _runTest (/home/rgoldberg/projects/figure-collector-services/figure-collector-frontend/node_modules/@jest/core/node_modules/jest-circus/build/run.js:148:5)
    at _runTestsForDescribeBlock (/home/rgoldberg/projects/figure-collector-services/figure-collector-frontend/node_modules/@jest/core/node_modules/jest-circus/build/run.js:66:9)
    at _runTestsForDescribeBlock (/home/rgoldberg/projects/figure-collector-services/figure-collector-frontend/node_modules/@jest/core/node_modules/jest-circus/build/run.js:60:9)
    at _runTestsForDescribeBlock (/home/rgoldberg/projects/figure-collector-services/figure-collector-frontend/node_modules/@jest/core/node_modules/jest-circus/build/run.js:60:9)
    at run (/home/rgoldberg/projects/figure-collector-services/figure-collector-frontend/node_modules/@jest/core/node_modules/jest-circus/build/run.js:25:3)
    at runAndTransformResultsToJestFormat (/home/rgoldberg/projects/figure-collector-services/figure-collector-frontend/node_modules/@jest/core/node_modules/jest-circus/build/legacy-code-todo-rewrite/jestAdapterInit.js:170:21)
    at jestAdapter (/home/rgoldberg/projects/figure-collector-services/figure-collector-frontend/node_modules/@jest/core/node_modules/jest-circus/build/legacy-code-todo-rewrite/jestAdapter.js:82:19)
    at runTestInternal (/home/rgoldberg/projects/figure-collector-services/figure-collector-frontend/node_modules/jest-runner/build/runTest.js:389:16)
    at runTest (/home/rgoldberg/projects/figure-collector-services/figure-collector-frontend/node_modules/jest-runner/build/runTest.js:475:34)</failure>
    </testcase>
    <testcase classname="Enhanced API Integration Tests Request Interceptor should not add authorization header when user exists but no token" name="Enhanced API Integration Tests Request Interceptor should not add authorization header when user exists but no token" time="0.001">
      <failure>TypeError: Cannot read properties of undefined (reading &apos;0&apos;)
    at Object.&lt;anonymous&gt; (/home/rgoldberg/projects/figure-collector-services/figure-collector-frontend/src/api/__tests__/index.enhanced.test.ts:115:82)
    at Promise.then.completed (/home/rgoldberg/projects/figure-collector-services/figure-collector-frontend/node_modules/@jest/core/node_modules/jest-circus/build/utils.js:391:28)
    at new Promise (&lt;anonymous&gt;)
    at callAsyncCircusFn (/home/rgoldberg/projects/figure-collector-services/figure-collector-frontend/node_modules/@jest/core/node_modules/jest-circus/build/utils.js:316:10)
    at _callCircusHook (/home/rgoldberg/projects/figure-collector-services/figure-collector-frontend/node_modules/@jest/core/node_modules/jest-circus/build/run.js:181:40)
    at _runTest (/home/rgoldberg/projects/figure-collector-services/figure-collector-frontend/node_modules/@jest/core/node_modules/jest-circus/build/run.js:148:5)
    at _runTestsForDescribeBlock (/home/rgoldberg/projects/figure-collector-services/figure-collector-frontend/node_modules/@jest/core/node_modules/jest-circus/build/run.js:66:9)
    at _runTestsForDescribeBlock (/home/rgoldberg/projects/figure-collector-services/figure-collector-frontend/node_modules/@jest/core/node_modules/jest-circus/build/run.js:60:9)
    at _runTestsForDescribeBlock (/home/rgoldberg/projects/figure-collector-services/figure-collector-frontend/node_modules/@jest/core/node_modules/jest-circus/build/run.js:60:9)
    at run (/home/rgoldberg/projects/figure-collector-services/figure-collector-frontend/node_modules/@jest/core/node_modules/jest-circus/build/run.js:25:3)
    at runAndTransformResultsToJestFormat (/home/rgoldberg/projects/figure-collector-services/figure-collector-frontend/node_modules/@jest/core/node_modules/jest-circus/build/legacy-code-todo-rewrite/jestAdapterInit.js:170:21)
    at jestAdapter (/home/rgoldberg/projects/figure-collector-services/figure-collector-frontend/node_modules/@jest/core/node_modules/jest-circus/build/legacy-code-todo-rewrite/jestAdapter.js:82:19)
    at runTestInternal (/home/rgoldberg/projects/figure-collector-services/figure-collector-frontend/node_modules/jest-runner/build/runTest.js:389:16)
    at runTest (/home/rgoldberg/projects/figure-collector-services/figure-collector-frontend/node_modules/jest-runner/build/runTest.js:475:34)</failure>
    </testcase>
    <testcase classname="Enhanced API Integration Tests Request Interceptor should preserve existing headers" name="Enhanced API Integration Tests Request Interceptor should preserve existing headers" time="0">
      <failure>TypeError: Cannot read properties of undefined (reading &apos;0&apos;)
    at Object.&lt;anonymous&gt; (/home/rgoldberg/projects/figure-collector-services/figure-collector-frontend/src/api/__tests__/index.enhanced.test.ts:115:82)
    at Promise.then.completed (/home/rgoldberg/projects/figure-collector-services/figure-collector-frontend/node_modules/@jest/core/node_modules/jest-circus/build/utils.js:391:28)
    at new Promise (&lt;anonymous&gt;)
    at callAsyncCircusFn (/home/rgoldberg/projects/figure-collector-services/figure-collector-frontend/node_modules/@jest/core/node_modules/jest-circus/build/utils.js:316:10)
    at _callCircusHook (/home/rgoldberg/projects/figure-collector-services/figure-collector-frontend/node_modules/@jest/core/node_modules/jest-circus/build/run.js:181:40)
    at _runTest (/home/rgoldberg/projects/figure-collector-services/figure-collector-frontend/node_modules/@jest/core/node_modules/jest-circus/build/run.js:148:5)
    at _runTestsForDescribeBlock (/home/rgoldberg/projects/figure-collector-services/figure-collector-frontend/node_modules/@jest/core/node_modules/jest-circus/build/run.js:66:9)
    at _runTestsForDescribeBlock (/home/rgoldberg/projects/figure-collector-services/figure-collector-frontend/node_modules/@jest/core/node_modules/jest-circus/build/run.js:60:9)
    at _runTestsForDescribeBlock (/home/rgoldberg/projects/figure-collector-services/figure-collector-frontend/node_modules/@jest/core/node_modules/jest-circus/build/run.js:60:9)
    at run (/home/rgoldberg/projects/figure-collector-services/figure-collector-frontend/node_modules/@jest/core/node_modules/jest-circus/build/run.js:25:3)
    at runAndTransformResultsToJestFormat (/home/rgoldberg/projects/figure-collector-services/figure-collector-frontend/node_modules/@jest/core/node_modules/jest-circus/build/legacy-code-todo-rewrite/jestAdapterInit.js:170:21)
    at jestAdapter (/home/rgoldberg/projects/figure-collector-services/figure-collector-frontend/node_modules/@jest/core/node_modules/jest-circus/build/legacy-code-todo-rewrite/jestAdapter.js:82:19)
    at runTestInternal (/home/rgoldberg/projects/figure-collector-services/figure-collector-frontend/node_modules/jest-runner/build/runTest.js:389:16)
    at runTest (/home/rgoldberg/projects/figure-collector-services/figure-collector-frontend/node_modules/jest-runner/build/runTest.js:475:34)</failure>
    </testcase>
    <testcase classname="Enhanced API Integration Tests Response Interceptor Success Handler should update token when new token is provided in response header" name="Enhanced API Integration Tests Response Interceptor Success Handler should update token when new token is provided in response header" time="0">
      <failure>TypeError: Cannot read properties of undefined (reading &apos;0&apos;)
    at Object.&lt;anonymous&gt; (/home/rgoldberg/projects/figure-collector-services/figure-collector-frontend/src/api/__tests__/index.enhanced.test.ts:164:51)
    at Promise.then.completed (/home/rgoldberg/projects/figure-collector-services/figure-collector-frontend/node_modules/@jest/core/node_modules/jest-circus/build/utils.js:391:28)
    at new Promise (&lt;anonymous&gt;)
    at callAsyncCircusFn (/home/rgoldberg/projects/figure-collector-services/figure-collector-frontend/node_modules/@jest/core/node_modules/jest-circus/build/utils.js:316:10)
    at _callCircusHook (/home/rgoldberg/projects/figure-collector-services/figure-collector-frontend/node_modules/@jest/core/node_modules/jest-circus/build/run.js:181:40)
    at _runTest (/home/rgoldberg/projects/figure-collector-services/figure-collector-frontend/node_modules/@jest/core/node_modules/jest-circus/build/run.js:148:5)
    at _runTestsForDescribeBlock (/home/rgoldberg/projects/figure-collector-services/figure-collector-frontend/node_modules/@jest/core/node_modules/jest-circus/build/run.js:66:9)
    at _runTestsForDescribeBlock (/home/rgoldberg/projects/figure-collector-services/figure-collector-frontend/node_modules/@jest/core/node_modules/jest-circus/build/run.js:60:9)
    at _runTestsForDescribeBlock (/home/rgoldberg/projects/figure-collector-services/figure-collector-frontend/node_modules/@jest/core/node_modules/jest-circus/build/run.js:60:9)
    at _runTestsForDescribeBlock (/home/rgoldberg/projects/figure-collector-services/figure-collector-frontend/node_modules/@jest/core/node_modules/jest-circus/build/run.js:60:9)
    at run (/home/rgoldberg/projects/figure-collector-services/figure-collector-frontend/node_modules/@jest/core/node_modules/jest-circus/build/run.js:25:3)
    at runAndTransformResultsToJestFormat (/home/rgoldberg/projects/figure-collector-services/figure-collector-frontend/node_modules/@jest/core/node_modules/jest-circus/build/legacy-code-todo-rewrite/jestAdapterInit.js:170:21)
    at jestAdapter (/home/rgoldberg/projects/figure-collector-services/figure-collector-frontend/node_modules/@jest/core/node_modules/jest-circus/build/legacy-code-todo-rewrite/jestAdapter.js:82:19)
    at runTestInternal (/home/rgoldberg/projects/figure-collector-services/figure-collector-frontend/node_modules/jest-runner/build/runTest.js:389:16)
    at runTest (/home/rgoldberg/projects/figure-collector-services/figure-collector-frontend/node_modules/jest-runner/build/runTest.js:475:34)</failure>
    </testcase>
    <testcase classname="Enhanced API Integration Tests Response Interceptor Success Handler should update token from authorization header" name="Enhanced API Integration Tests Response Interceptor Success Handler should update token from authorization header" time="0.001">
      <failure>TypeError: Cannot read properties of undefined (reading &apos;0&apos;)
    at Object.&lt;anonymous&gt; (/home/rgoldberg/projects/figure-collector-services/figure-collector-frontend/src/api/__tests__/index.enhanced.test.ts:164:51)
    at Promise.then.completed (/home/rgoldberg/projects/figure-collector-services/figure-collector-frontend/node_modules/@jest/core/node_modules/jest-circus/build/utils.js:391:28)
    at new Promise (&lt;anonymous&gt;)
    at callAsyncCircusFn (/home/rgoldberg/projects/figure-collector-services/figure-collector-frontend/node_modules/@jest/core/node_modules/jest-circus/build/utils.js:316:10)
    at _callCircusHook (/home/rgoldberg/projects/figure-collector-services/figure-collector-frontend/node_modules/@jest/core/node_modules/jest-circus/build/run.js:181:40)
    at _runTest (/home/rgoldberg/projects/figure-collector-services/figure-collector-frontend/node_modules/@jest/core/node_modules/jest-circus/build/run.js:148:5)
    at _runTestsForDescribeBlock (/home/rgoldberg/projects/figure-collector-services/figure-collector-frontend/node_modules/@jest/core/node_modules/jest-circus/build/run.js:66:9)
    at _runTestsForDescribeBlock (/home/rgoldberg/projects/figure-collector-services/figure-collector-frontend/node_modules/@jest/core/node_modules/jest-circus/build/run.js:60:9)
    at _runTestsForDescribeBlock (/home/rgoldberg/projects/figure-collector-services/figure-collector-frontend/node_modules/@jest/core/node_modules/jest-circus/build/run.js:60:9)
    at _runTestsForDescribeBlock (/home/rgoldberg/projects/figure-collector-services/figure-collector-frontend/node_modules/@jest/core/node_modules/jest-circus/build/run.js:60:9)
    at run (/home/rgoldberg/projects/figure-collector-services/figure-collector-frontend/node_modules/@jest/core/node_modules/jest-circus/build/run.js:25:3)
    at runAndTransformResultsToJestFormat (/home/rgoldberg/projects/figure-collector-services/figure-collector-frontend/node_modules/@jest/core/node_modules/jest-circus/build/legacy-code-todo-rewrite/jestAdapterInit.js:170:21)
    at jestAdapter (/home/rgoldberg/projects/figure-collector-services/figure-collector-frontend/node_modules/@jest/core/node_modules/jest-circus/build/legacy-code-todo-rewrite/jestAdapter.js:82:19)
    at runTestInternal (/home/rgoldberg/projects/figure-collector-services/figure-collector-frontend/node_modules/jest-runner/build/runTest.js:389:16)
    at runTest (/home/rgoldberg/projects/figure-collector-services/figure-collector-frontend/node_modules/jest-runner/build/runTest.js:475:34)</failure>
    </testcase>
    <testcase classname="Enhanced API Integration Tests Response Interceptor Success Handler should not update token when no user is logged in" name="Enhanced API Integration Tests Response Interceptor Success Handler should not update token when no user is logged in" time="0.001">
      <failure>TypeError: Cannot read properties of undefined (reading &apos;0&apos;)
    at Object.&lt;anonymous&gt; (/home/rgoldberg/projects/figure-collector-services/figure-collector-frontend/src/api/__tests__/index.enhanced.test.ts:164:51)
    at Promise.then.completed (/home/rgoldberg/projects/figure-collector-services/figure-collector-frontend/node_modules/@jest/core/node_modules/jest-circus/build/utils.js:391:28)
    at new Promise (&lt;anonymous&gt;)
    at callAsyncCircusFn (/home/rgoldberg/projects/figure-collector-services/figure-collector-frontend/node_modules/@jest/core/node_modules/jest-circus/build/utils.js:316:10)
    at _callCircusHook (/home/rgoldberg/projects/figure-collector-services/figure-collector-frontend/node_modules/@jest/core/node_modules/jest-circus/build/run.js:181:40)
    at _runTest (/home/rgoldberg/projects/figure-collector-services/figure-collector-frontend/node_modules/@jest/core/node_modules/jest-circus/build/run.js:148:5)
    at _runTestsForDescribeBlock (/home/rgoldberg/projects/figure-collector-services/figure-collector-frontend/node_modules/@jest/core/node_modules/jest-circus/build/run.js:66:9)
    at _runTestsForDescribeBlock (/home/rgoldberg/projects/figure-collector-services/figure-collector-frontend/node_modules/@jest/core/node_modules/jest-circus/build/run.js:60:9)
    at _runTestsForDescribeBlock (/home/rgoldberg/projects/figure-collector-services/figure-collector-frontend/node_modules/@jest/core/node_modules/jest-circus/build/run.js:60:9)
    at _runTestsForDescribeBlock (/home/rgoldberg/projects/figure-collector-services/figure-collector-frontend/node_modules/@jest/core/node_modules/jest-circus/build/run.js:60:9)
    at run (/home/rgoldberg/projects/figure-collector-services/figure-collector-frontend/node_modules/@jest/core/node_modules/jest-circus/build/run.js:25:3)
    at runAndTransformResultsToJestFormat (/home/rgoldberg/projects/figure-collector-services/figure-collector-frontend/node_modules/@jest/core/node_modules/jest-circus/build/legacy-code-todo-rewrite/jestAdapterInit.js:170:21)
    at jestAdapter (/home/rgoldberg/projects/figure-collector-services/figure-collector-frontend/node_modules/@jest/core/node_modules/jest-circus/build/legacy-code-todo-rewrite/jestAdapter.js:82:19)
    at runTestInternal (/home/rgoldberg/projects/figure-collector-services/figure-collector-frontend/node_modules/jest-runner/build/runTest.js:389:16)
    at runTest (/home/rgoldberg/projects/figure-collector-services/figure-collector-frontend/node_modules/jest-runner/build/runTest.js:475:34)</failure>
    </testcase>
    <testcase classname="Enhanced API Integration Tests Response Interceptor Success Handler should return response unchanged when no new token" name="Enhanced API Integration Tests Response Interceptor Success Handler should return response unchanged when no new token" time="0">
      <failure>TypeError: Cannot read properties of undefined (reading &apos;0&apos;)
    at Object.&lt;anonymous&gt; (/home/rgoldberg/projects/figure-collector-services/figure-collector-frontend/src/api/__tests__/index.enhanced.test.ts:164:51)
    at Promise.then.completed (/home/rgoldberg/projects/figure-collector-services/figure-collector-frontend/node_modules/@jest/core/node_modules/jest-circus/build/utils.js:391:28)
    at new Promise (&lt;anonymous&gt;)
    at callAsyncCircusFn (/home/rgoldberg/projects/figure-collector-services/figure-collector-frontend/node_modules/@jest/core/node_modules/jest-circus/build/utils.js:316:10)
    at _callCircusHook (/home/rgoldberg/projects/figure-collector-services/figure-collector-frontend/node_modules/@jest/core/node_modules/jest-circus/build/run.js:181:40)
    at _runTest (/home/rgoldberg/projects/figure-collector-services/figure-collector-frontend/node_modules/@jest/core/node_modules/jest-circus/build/run.js:148:5)
    at _runTestsForDescribeBlock (/home/rgoldberg/projects/figure-collector-services/figure-collector-frontend/node_modules/@jest/core/node_modules/jest-circus/build/run.js:66:9)
    at _runTestsForDescribeBlock (/home/rgoldberg/projects/figure-collector-services/figure-collector-frontend/node_modules/@jest/core/node_modules/jest-circus/build/run.js:60:9)
    at _runTestsForDescribeBlock (/home/rgoldberg/projects/figure-collector-services/figure-collector-frontend/node_modules/@jest/core/node_modules/jest-circus/build/run.js:60:9)
    at _runTestsForDescribeBlock (/home/rgoldberg/projects/figure-collector-services/figure-collector-frontend/node_modules/@jest/core/node_modules/jest-circus/build/run.js:60:9)
    at run (/home/rgoldberg/projects/figure-collector-services/figure-collector-frontend/node_modules/@jest/core/node_modules/jest-circus/build/run.js:25:3)
    at runAndTransformResultsToJestFormat (/home/rgoldberg/projects/figure-collector-services/figure-collector-frontend/node_modules/@jest/core/node_modules/jest-circus/build/legacy-code-todo-rewrite/jestAdapterInit.js:170:21)
    at jestAdapter (/home/rgoldberg/projects/figure-collector-services/figure-collector-frontend/node_modules/@jest/core/node_modules/jest-circus/build/legacy-code-todo-rewrite/jestAdapter.js:82:19)
    at runTestInternal (/home/rgoldberg/projects/figure-collector-services/figure-collector-frontend/node_modules/jest-runner/build/runTest.js:389:16)
    at runTest (/home/rgoldberg/projects/figure-collector-services/figure-collector-frontend/node_modules/jest-runner/build/runTest.js:475:34)</failure>
    </testcase>
    <testcase classname="Enhanced API Integration Tests Response Interceptor Error Handler should handle 401 error and logout user" name="Enhanced API Integration Tests Response Interceptor Error Handler should handle 401 error and logout user" time="0.001">
      <failure>TypeError: Cannot read properties of undefined (reading &apos;0&apos;)
    at Object.&lt;anonymous&gt; (/home/rgoldberg/projects/figure-collector-services/figure-collector-frontend/src/api/__tests__/index.enhanced.test.ts:164:51)
    at Promise.then.completed (/home/rgoldberg/projects/figure-collector-services/figure-collector-frontend/node_modules/@jest/core/node_modules/jest-circus/build/utils.js:391:28)
    at new Promise (&lt;anonymous&gt;)
    at callAsyncCircusFn (/home/rgoldberg/projects/figure-collector-services/figure-collector-frontend/node_modules/@jest/core/node_modules/jest-circus/build/utils.js:316:10)
    at _callCircusHook (/home/rgoldberg/projects/figure-collector-services/figure-collector-frontend/node_modules/@jest/core/node_modules/jest-circus/build/run.js:181:40)
    at _runTest (/home/rgoldberg/projects/figure-collector-services/figure-collector-frontend/node_modules/@jest/core/node_modules/jest-circus/build/run.js:148:5)
    at _runTestsForDescribeBlock (/home/rgoldberg/projects/figure-collector-services/figure-collector-frontend/node_modules/@jest/core/node_modules/jest-circus/build/run.js:66:9)
    at _runTestsForDescribeBlock (/home/rgoldberg/projects/figure-collector-services/figure-collector-frontend/node_modules/@jest/core/node_modules/jest-circus/build/run.js:60:9)
    at _runTestsForDescribeBlock (/home/rgoldberg/projects/figure-collector-services/figure-collector-frontend/node_modules/@jest/core/node_modules/jest-circus/build/run.js:60:9)
    at _runTestsForDescribeBlock (/home/rgoldberg/projects/figure-collector-services/figure-collector-frontend/node_modules/@jest/core/node_modules/jest-circus/build/run.js:60:9)
    at run (/home/rgoldberg/projects/figure-collector-services/figure-collector-frontend/node_modules/@jest/core/node_modules/jest-circus/build/run.js:25:3)
    at runAndTransformResultsToJestFormat (/home/rgoldberg/projects/figure-collector-services/figure-collector-frontend/node_modules/@jest/core/node_modules/jest-circus/build/legacy-code-todo-rewrite/jestAdapterInit.js:170:21)
    at jestAdapter (/home/rgoldberg/projects/figure-collector-services/figure-collector-frontend/node_modules/@jest/core/node_modules/jest-circus/build/legacy-code-todo-rewrite/jestAdapter.js:82:19)
    at runTestInternal (/home/rgoldberg/projects/figure-collector-services/figure-collector-frontend/node_modules/jest-runner/build/runTest.js:389:16)
    at runTest (/home/rgoldberg/projects/figure-collector-services/figure-collector-frontend/node_modules/jest-runner/build/runTest.js:475:34)</failure>
    </testcase>
    <testcase classname="Enhanced API Integration Tests Response Interceptor Error Handler should not handle non-401 errors" name="Enhanced API Integration Tests Response Interceptor Error Handler should not handle non-401 errors" time="0.001">
      <failure>TypeError: Cannot read properties of undefined (reading &apos;0&apos;)
    at Object.&lt;anonymous&gt; (/home/rgoldberg/projects/figure-collector-services/figure-collector-frontend/src/api/__tests__/index.enhanced.test.ts:164:51)
    at Promise.then.completed (/home/rgoldberg/projects/figure-collector-services/figure-collector-frontend/node_modules/@jest/core/node_modules/jest-circus/build/utils.js:391:28)
    at new Promise (&lt;anonymous&gt;)
    at callAsyncCircusFn (/home/rgoldberg/projects/figure-collector-services/figure-collector-frontend/node_modules/@jest/core/node_modules/jest-circus/build/utils.js:316:10)
    at _callCircusHook (/home/rgoldberg/projects/figure-collector-services/figure-collector-frontend/node_modules/@jest/core/node_modules/jest-circus/build/run.js:181:40)
    at _runTest (/home/rgoldberg/projects/figure-collector-services/figure-collector-frontend/node_modules/@jest/core/node_modules/jest-circus/build/run.js:148:5)
    at _runTestsForDescribeBlock (/home/rgoldberg/projects/figure-collector-services/figure-collector-frontend/node_modules/@jest/core/node_modules/jest-circus/build/run.js:66:9)
    at _runTestsForDescribeBlock (/home/rgoldberg/projects/figure-collector-services/figure-collector-frontend/node_modules/@jest/core/node_modules/jest-circus/build/run.js:60:9)
    at _runTestsForDescribeBlock (/home/rgoldberg/projects/figure-collector-services/figure-collector-frontend/node_modules/@jest/core/node_modules/jest-circus/build/run.js:60:9)
    at _runTestsForDescribeBlock (/home/rgoldberg/projects/figure-collector-services/figure-collector-frontend/node_modules/@jest/core/node_modules/jest-circus/build/run.js:60:9)
    at run (/home/rgoldberg/projects/figure-collector-services/figure-collector-frontend/node_modules/@jest/core/node_modules/jest-circus/build/run.js:25:3)
    at runAndTransformResultsToJestFormat (/home/rgoldberg/projects/figure-collector-services/figure-collector-frontend/node_modules/@jest/core/node_modules/jest-circus/build/legacy-code-todo-rewrite/jestAdapterInit.js:170:21)
    at jestAdapter (/home/rgoldberg/projects/figure-collector-services/figure-collector-frontend/node_modules/@jest/core/node_modules/jest-circus/build/legacy-code-todo-rewrite/jestAdapter.js:82:19)
    at runTestInternal (/home/rgoldberg/projects/figure-collector-services/figure-collector-frontend/node_modules/jest-runner/build/runTest.js:389:16)
    at runTest (/home/rgoldberg/projects/figure-collector-services/figure-collector-frontend/node_modules/jest-runner/build/runTest.js:475:34)</failure>
    </testcase>
    <testcase classname="Enhanced API Integration Tests Response Interceptor Error Handler should handle 401 error without response data" name="Enhanced API Integration Tests Response Interceptor Error Handler should handle 401 error without response data" time="0">
      <failure>TypeError: Cannot read properties of undefined (reading &apos;0&apos;)
    at Object.&lt;anonymous&gt; (/home/rgoldberg/projects/figure-collector-services/figure-collector-frontend/src/api/__tests__/index.enhanced.test.ts:164:51)
    at Promise.then.completed (/home/rgoldberg/projects/figure-collector-services/figure-collector-frontend/node_modules/@jest/core/node_modules/jest-circus/build/utils.js:391:28)
    at new Promise (&lt;anonymous&gt;)
    at callAsyncCircusFn (/home/rgoldberg/projects/figure-collector-services/figure-collector-frontend/node_modules/@jest/core/node_modules/jest-circus/build/utils.js:316:10)
    at _callCircusHook (/home/rgoldberg/projects/figure-collector-services/figure-collector-frontend/node_modules/@jest/core/node_modules/jest-circus/build/run.js:181:40)
    at _runTest (/home/rgoldberg/projects/figure-collector-services/figure-collector-frontend/node_modules/@jest/core/node_modules/jest-circus/build/run.js:148:5)
    at _runTestsForDescribeBlock (/home/rgoldberg/projects/figure-collector-services/figure-collector-frontend/node_modules/@jest/core/node_modules/jest-circus/build/run.js:66:9)
    at _runTestsForDescribeBlock (/home/rgoldberg/projects/figure-collector-services/figure-collector-frontend/node_modules/@jest/core/node_modules/jest-circus/build/run.js:60:9)
    at _runTestsForDescribeBlock (/home/rgoldberg/projects/figure-collector-services/figure-collector-frontend/node_modules/@jest/core/node_modules/jest-circus/build/run.js:60:9)
    at _runTestsForDescribeBlock (/home/rgoldberg/projects/figure-collector-services/figure-collector-frontend/node_modules/@jest/core/node_modules/jest-circus/build/run.js:60:9)
    at run (/home/rgoldberg/projects/figure-collector-services/figure-collector-frontend/node_modules/@jest/core/node_modules/jest-circus/build/run.js:25:3)
    at runAndTransformResultsToJestFormat (/home/rgoldberg/projects/figure-collector-services/figure-collector-frontend/node_modules/@jest/core/node_modules/jest-circus/build/legacy-code-todo-rewrite/jestAdapterInit.js:170:21)
    at jestAdapter (/home/rgoldberg/projects/figure-collector-services/figure-collector-frontend/node_modules/@jest/core/node_modules/jest-circus/build/legacy-code-todo-rewrite/jestAdapter.js:82:19)
    at runTestInternal (/home/rgoldberg/projects/figure-collector-services/figure-collector-frontend/node_modules/jest-runner/build/runTest.js:389:16)
    at runTest (/home/rgoldberg/projects/figure-collector-services/figure-collector-frontend/node_modules/jest-runner/build/runTest.js:475:34)</failure>
    </testcase>
    <testcase classname="Enhanced API Integration Tests Response Interceptor Error Handler should handle errors without response object" name="Enhanced API Integration Tests Response Interceptor Error Handler should handle errors without response object" time="0">
      <failure>TypeError: Cannot read properties of undefined (reading &apos;0&apos;)
    at Object.&lt;anonymous&gt; (/home/rgoldberg/projects/figure-collector-services/figure-collector-frontend/src/api/__tests__/index.enhanced.test.ts:164:51)
    at Promise.then.completed (/home/rgoldberg/projects/figure-collector-services/figure-collector-frontend/node_modules/@jest/core/node_modules/jest-circus/build/utils.js:391:28)
    at new Promise (&lt;anonymous&gt;)
    at callAsyncCircusFn (/home/rgoldberg/projects/figure-collector-services/figure-collector-frontend/node_modules/@jest/core/node_modules/jest-circus/build/utils.js:316:10)
    at _callCircusHook (/home/rgoldberg/projects/figure-collector-services/figure-collector-frontend/node_modules/@jest/core/node_modules/jest-circus/build/run.js:181:40)
    at _runTest (/home/rgoldberg/projects/figure-collector-services/figure-collector-frontend/node_modules/@jest/core/node_modules/jest-circus/build/run.js:148:5)
    at _runTestsForDescribeBlock (/home/rgoldberg/projects/figure-collector-services/figure-collector-frontend/node_modules/@jest/core/node_modules/jest-circus/build/run.js:66:9)
    at _runTestsForDescribeBlock (/home/rgoldberg/projects/figure-collector-services/figure-collector-frontend/node_modules/@jest/core/node_modules/jest-circus/build/run.js:60:9)
    at _runTestsForDescribeBlock (/home/rgoldberg/projects/figure-collector-services/figure-collector-frontend/node_modules/@jest/core/node_modules/jest-circus/build/run.js:60:9)
    at _runTestsForDescribeBlock (/home/rgoldberg/projects/figure-collector-services/figure-collector-frontend/node_modules/@jest/core/node_modules/jest-circus/build/run.js:60:9)
    at run (/home/rgoldberg/projects/figure-collector-services/figure-collector-frontend/node_modules/@jest/core/node_modules/jest-circus/build/run.js:25:3)
    at runAndTransformResultsToJestFormat (/home/rgoldberg/projects/figure-collector-services/figure-collector-frontend/node_modules/@jest/core/node_modules/jest-circus/build/legacy-code-todo-rewrite/jestAdapterInit.js:170:21)
    at jestAdapter (/home/rgoldberg/projects/figure-collector-services/figure-collector-frontend/node_modules/@jest/core/node_modules/jest-circus/build/legacy-code-todo-rewrite/jestAdapter.js:82:19)
    at runTestInternal (/home/rgoldberg/projects/figure-collector-services/figure-collector-frontend/node_modules/jest-runner/build/runTest.js:389:16)
    at runTest (/home/rgoldberg/projects/figure-collector-services/figure-collector-frontend/node_modules/jest-runner/build/runTest.js:475:34)</failure>
    </testcase>
    <testcase classname="Enhanced API Integration Tests Auth API Edge Cases loginUser should handle malformed response data" name="Enhanced API Integration Tests Auth API Edge Cases loginUser should handle malformed response data" time="0">
      <failure>TypeError: Cannot read properties of undefined (reading &apos;data&apos;)
    at loginUser (/home/rgoldberg/projects/figure-collector-services/figure-collector-frontend/src/api/index.ts:60:19)
    at Object.&lt;anonymous&gt; (/home/rgoldberg/projects/figure-collector-services/figure-collector-frontend/src/api/__tests__/index.enhanced.test.ts:300:24)</failure>
    </testcase>
    <testcase classname="Enhanced API Integration Tests Auth API Edge Cases loginUser should handle missing data field" name="Enhanced API Integration Tests Auth API Edge Cases loginUser should handle missing data field" time="0.001">
      <failure>TypeError: Cannot read properties of undefined (reading &apos;data&apos;)
    at loginUser (/home/rgoldberg/projects/figure-collector-services/figure-collector-frontend/src/api/index.ts:60:19)
    at Object.&lt;anonymous&gt; (/home/rgoldberg/projects/figure-collector-services/figure-collector-frontend/src/api/__tests__/index.enhanced.test.ts:308:24)</failure>
    </testcase>
    <testcase classname="Enhanced API Integration Tests Auth API Edge Cases loginUser should handle network timeout" name="Enhanced API Integration Tests Auth API Edge Cases loginUser should handle network timeout" time="0.002">
      <failure>Error: expect(received).rejects.toThrow(expected)

Expected substring: &quot;timeout&quot;
Received message:   &quot;Cannot read properties of undefined (reading &apos;data&apos;)&quot;

      58 | export const loginUser = async (email: string, password: string): Promise&lt;User&gt; =&gt; {
      59 |   const response = await api.post(&apos;/users/login&apos;, { email, password });
    &gt; 60 |   return response.data.data;
         |                   ^
      61 | };
      62 |
      63 | export const registerUser = async (username: string, email: string, password: string): Promise&lt;User&gt; =&gt; {

      at loginUser (src/api/index.ts:60:19)
      at Object.&lt;anonymous&gt; (src/api/__tests__/index.enhanced.test.ts:318:9)
    at Object.toThrow (/home/rgoldberg/projects/figure-collector-services/figure-collector-frontend/node_modules/expect/build/index.js:285:22)
    at Object.&lt;anonymous&gt; (/home/rgoldberg/projects/figure-collector-services/figure-collector-frontend/src/api/__tests__/index.enhanced.test.ts:319:20)
    at Promise.then.completed (/home/rgoldberg/projects/figure-collector-services/figure-collector-frontend/node_modules/@jest/core/node_modules/jest-circus/build/utils.js:391:28)
    at new Promise (&lt;anonymous&gt;)
    at callAsyncCircusFn (/home/rgoldberg/projects/figure-collector-services/figure-collector-frontend/node_modules/@jest/core/node_modules/jest-circus/build/utils.js:316:10)
    at _callCircusTest (/home/rgoldberg/projects/figure-collector-services/figure-collector-frontend/node_modules/@jest/core/node_modules/jest-circus/build/run.js:218:40)
    at _runTest (/home/rgoldberg/projects/figure-collector-services/figure-collector-frontend/node_modules/@jest/core/node_modules/jest-circus/build/run.js:155:3)
    at _runTestsForDescribeBlock (/home/rgoldberg/projects/figure-collector-services/figure-collector-frontend/node_modules/@jest/core/node_modules/jest-circus/build/run.js:66:9)
    at _runTestsForDescribeBlock (/home/rgoldberg/projects/figure-collector-services/figure-collector-frontend/node_modules/@jest/core/node_modules/jest-circus/build/run.js:60:9)
    at _runTestsForDescribeBlock (/home/rgoldberg/projects/figure-collector-services/figure-collector-frontend/node_modules/@jest/core/node_modules/jest-circus/build/run.js:60:9)
    at _runTestsForDescribeBlock (/home/rgoldberg/projects/figure-collector-services/figure-collector-frontend/node_modules/@jest/core/node_modules/jest-circus/build/run.js:60:9)
    at run (/home/rgoldberg/projects/figure-collector-services/figure-collector-frontend/node_modules/@jest/core/node_modules/jest-circus/build/run.js:25:3)
    at runAndTransformResultsToJestFormat (/home/rgoldberg/projects/figure-collector-services/figure-collector-frontend/node_modules/@jest/core/node_modules/jest-circus/build/legacy-code-todo-rewrite/jestAdapterInit.js:170:21)
    at jestAdapter (/home/rgoldberg/projects/figure-collector-services/figure-collector-frontend/node_modules/@jest/core/node_modules/jest-circus/build/legacy-code-todo-rewrite/jestAdapter.js:82:19)
    at runTestInternal (/home/rgoldberg/projects/figure-collector-services/figure-collector-frontend/node_modules/jest-runner/build/runTest.js:389:16)
    at runTest (/home/rgoldberg/projects/figure-collector-services/figure-collector-frontend/node_modules/jest-runner/build/runTest.js:475:34)</failure>
    </testcase>
    <testcase classname="Enhanced API Integration Tests Auth API Edge Cases loginUser should handle empty email and password" name="Enhanced API Integration Tests Auth API Edge Cases loginUser should handle empty email and password" time="0">
      <failure>TypeError: Cannot read properties of undefined (reading &apos;data&apos;)
    at loginUser (/home/rgoldberg/projects/figure-collector-services/figure-collector-frontend/src/api/index.ts:60:19)
    at Object.&lt;anonymous&gt; (/home/rgoldberg/projects/figure-collector-services/figure-collector-frontend/src/api/__tests__/index.enhanced.test.ts:325:9)</failure>
    </testcase>
    <testcase classname="Enhanced API Integration Tests Auth API Edge Cases registerUser should handle duplicate email error" name="Enhanced API Integration Tests Auth API Edge Cases registerUser should handle duplicate email error" time="0.002">
      <failure>Error: expect(received).rejects.toEqual(expected) // deep equality

- Expected  - 8
+ Received  + 1

- Object {
-   &quot;response&quot;: Object {
-     &quot;data&quot;: Object {
-       &quot;message&quot;: &quot;Email already exists&quot;,
-     },
-     &quot;status&quot;: 409,
-   },
- }
+ [TypeError: Cannot read properties of undefined (reading &apos;data&apos;)]
    at Object.toEqual (/home/rgoldberg/projects/figure-collector-services/figure-collector-frontend/node_modules/expect/build/index.js:285:22)
    at Object.&lt;anonymous&gt; (/home/rgoldberg/projects/figure-collector-services/figure-collector-frontend/src/api/__tests__/index.enhanced.test.ts:345:20)
    at Promise.then.completed (/home/rgoldberg/projects/figure-collector-services/figure-collector-frontend/node_modules/@jest/core/node_modules/jest-circus/build/utils.js:391:28)
    at new Promise (&lt;anonymous&gt;)
    at callAsyncCircusFn (/home/rgoldberg/projects/figure-collector-services/figure-collector-frontend/node_modules/@jest/core/node_modules/jest-circus/build/utils.js:316:10)
    at _callCircusTest (/home/rgoldberg/projects/figure-collector-services/figure-collector-frontend/node_modules/@jest/core/node_modules/jest-circus/build/run.js:218:40)
    at _runTest (/home/rgoldberg/projects/figure-collector-services/figure-collector-frontend/node_modules/@jest/core/node_modules/jest-circus/build/run.js:155:3)
    at _runTestsForDescribeBlock (/home/rgoldberg/projects/figure-collector-services/figure-collector-frontend/node_modules/@jest/core/node_modules/jest-circus/build/run.js:66:9)
    at _runTestsForDescribeBlock (/home/rgoldberg/projects/figure-collector-services/figure-collector-frontend/node_modules/@jest/core/node_modules/jest-circus/build/run.js:60:9)
    at _runTestsForDescribeBlock (/home/rgoldberg/projects/figure-collector-services/figure-collector-frontend/node_modules/@jest/core/node_modules/jest-circus/build/run.js:60:9)
    at _runTestsForDescribeBlock (/home/rgoldberg/projects/figure-collector-services/figure-collector-frontend/node_modules/@jest/core/node_modules/jest-circus/build/run.js:60:9)
    at run (/home/rgoldberg/projects/figure-collector-services/figure-collector-frontend/node_modules/@jest/core/node_modules/jest-circus/build/run.js:25:3)
    at runAndTransformResultsToJestFormat (/home/rgoldberg/projects/figure-collector-services/figure-collector-frontend/node_modules/@jest/core/node_modules/jest-circus/build/legacy-code-todo-rewrite/jestAdapterInit.js:170:21)
    at jestAdapter (/home/rgoldberg/projects/figure-collector-services/figure-collector-frontend/node_modules/@jest/core/node_modules/jest-circus/build/legacy-code-todo-rewrite/jestAdapter.js:82:19)
    at runTestInternal (/home/rgoldberg/projects/figure-collector-services/figure-collector-frontend/node_modules/jest-runner/build/runTest.js:389:16)
    at runTest (/home/rgoldberg/projects/figure-collector-services/figure-collector-frontend/node_modules/jest-runner/build/runTest.js:475:34)</failure>
    </testcase>
    <testcase classname="Enhanced API Integration Tests Auth API Edge Cases registerUser should handle validation errors" name="Enhanced API Integration Tests Auth API Edge Cases registerUser should handle validation errors" time="0.001">
      <failure>Error: expect(received).rejects.toEqual(expected) // deep equality

- Expected  - 12
+ Received  +  1

- Object {
-   &quot;response&quot;: Object {
-     &quot;data&quot;: Object {
-       &quot;errors&quot;: Array [
-         &quot;Password too short&quot;,
-         &quot;Invalid email&quot;,
-       ],
-       &quot;message&quot;: &quot;Validation failed&quot;,
-     },
-     &quot;status&quot;: 400,
-   },
- }
+ [TypeError: Cannot read properties of undefined (reading &apos;data&apos;)]
    at Object.toEqual (/home/rgoldberg/projects/figure-collector-services/figure-collector-frontend/node_modules/expect/build/index.js:285:22)
    at Object.&lt;anonymous&gt; (/home/rgoldberg/projects/figure-collector-services/figure-collector-frontend/src/api/__tests__/index.enhanced.test.ts:361:20)
    at Promise.then.completed (/home/rgoldberg/projects/figure-collector-services/figure-collector-frontend/node_modules/@jest/core/node_modules/jest-circus/build/utils.js:391:28)
    at new Promise (&lt;anonymous&gt;)
    at callAsyncCircusFn (/home/rgoldberg/projects/figure-collector-services/figure-collector-frontend/node_modules/@jest/core/node_modules/jest-circus/build/utils.js:316:10)
    at _callCircusTest (/home/rgoldberg/projects/figure-collector-services/figure-collector-frontend/node_modules/@jest/core/node_modules/jest-circus/build/run.js:218:40)
    at _runTest (/home/rgoldberg/projects/figure-collector-services/figure-collector-frontend/node_modules/@jest/core/node_modules/jest-circus/build/run.js:155:3)
    at _runTestsForDescribeBlock (/home/rgoldberg/projects/figure-collector-services/figure-collector-frontend/node_modules/@jest/core/node_modules/jest-circus/build/run.js:66:9)
    at _runTestsForDescribeBlock (/home/rgoldberg/projects/figure-collector-services/figure-collector-frontend/node_modules/@jest/core/node_modules/jest-circus/build/run.js:60:9)
    at _runTestsForDescribeBlock (/home/rgoldberg/projects/figure-collector-services/figure-collector-frontend/node_modules/@jest/core/node_modules/jest-circus/build/run.js:60:9)
    at _runTestsForDescribeBlock (/home/rgoldberg/projects/figure-collector-services/figure-collector-frontend/node_modules/@jest/core/node_modules/jest-circus/build/run.js:60:9)
    at run (/home/rgoldberg/projects/figure-collector-services/figure-collector-frontend/node_modules/@jest/core/node_modules/jest-circus/build/run.js:25:3)
    at runAndTransformResultsToJestFormat (/home/rgoldberg/projects/figure-collector-services/figure-collector-frontend/node_modules/@jest/core/node_modules/jest-circus/build/legacy-code-todo-rewrite/jestAdapterInit.js:170:21)
    at jestAdapter (/home/rgoldberg/projects/figure-collector-services/figure-collector-frontend/node_modules/@jest/core/node_modules/jest-circus/build/legacy-code-todo-rewrite/jestAdapter.js:82:19)
    at runTestInternal (/home/rgoldberg/projects/figure-collector-services/figure-collector-frontend/node_modules/jest-runner/build/runTest.js:389:16)
    at runTest (/home/rgoldberg/projects/figure-collector-services/figure-collector-frontend/node_modules/jest-runner/build/runTest.js:475:34)</failure>
    </testcase>
    <testcase classname="Enhanced API Integration Tests Auth API Edge Cases registerUser should handle special characters in username" name="Enhanced API Integration Tests Auth API Edge Cases registerUser should handle special characters in username" time="0.001">
      <failure>TypeError: Cannot read properties of undefined (reading &apos;data&apos;)
    at registerUser (/home/rgoldberg/projects/figure-collector-services/figure-collector-frontend/src/api/index.ts:65:19)
    at Object.&lt;anonymous&gt; (/home/rgoldberg/projects/figure-collector-services/figure-collector-frontend/src/api/__tests__/index.enhanced.test.ts:367:9)</failure>
    </testcase>
    <testcase classname="Enhanced API Integration Tests Figures API Edge Cases getFigures should handle invalid page numbers" name="Enhanced API Integration Tests Figures API Edge Cases getFigures should handle invalid page numbers" time="0.001">
      <failure>TypeError: Cannot read properties of undefined (reading &apos;data&apos;)
    at getFigures (/home/rgoldberg/projects/figure-collector-services/figure-collector-frontend/src/api/index.ts:81:19)
    at Object.&lt;anonymous&gt; (/home/rgoldberg/projects/figure-collector-services/figure-collector-frontend/src/api/__tests__/index.enhanced.test.ts:387:9)</failure>
    </testcase>
    <testcase classname="Enhanced API Integration Tests Figures API Edge Cases getFigures should handle very large page numbers" name="Enhanced API Integration Tests Figures API Edge Cases getFigures should handle very large page numbers" time="0.001">
      <failure>TypeError: Cannot read properties of undefined (reading &apos;data&apos;)
    at getFigures (/home/rgoldberg/projects/figure-collector-services/figure-collector-frontend/src/api/index.ts:81:19)
    at Object.&lt;anonymous&gt; (/home/rgoldberg/projects/figure-collector-services/figure-collector-frontend/src/api/__tests__/index.enhanced.test.ts:395:9)</failure>
    </testcase>
    <testcase classname="Enhanced API Integration Tests Figures API Edge Cases getFigures should handle server returning empty data array" name="Enhanced API Integration Tests Figures API Edge Cases getFigures should handle server returning empty data array" time="0">
      <failure>TypeError: Cannot read properties of undefined (reading &apos;data&apos;)
    at getFigures (/home/rgoldberg/projects/figure-collector-services/figure-collector-frontend/src/api/index.ts:81:19)
    at Object.&lt;anonymous&gt; (/home/rgoldberg/projects/figure-collector-services/figure-collector-frontend/src/api/__tests__/index.enhanced.test.ts:409:24)</failure>
    </testcase>
    <testcase classname="Enhanced API Integration Tests Figures API Edge Cases getFigures should handle server error" name="Enhanced API Integration Tests Figures API Edge Cases getFigures should handle server error" time="0.001">
      <failure>Error: expect(received).rejects.toEqual(expected) // deep equality

- Expected  - 8
+ Received  + 1

- Object {
-   &quot;response&quot;: Object {
-     &quot;data&quot;: Object {
-       &quot;message&quot;: &quot;Internal server error&quot;,
-     },
-     &quot;status&quot;: 500,
-   },
- }
+ [TypeError: Cannot read properties of undefined (reading &apos;data&apos;)]
    at Object.toEqual (/home/rgoldberg/projects/figure-collector-services/figure-collector-frontend/node_modules/expect/build/index.js:285:22)
    at Object.&lt;anonymous&gt; (/home/rgoldberg/projects/figure-collector-services/figure-collector-frontend/src/api/__tests__/index.enhanced.test.ts:424:44)
    at Promise.then.completed (/home/rgoldberg/projects/figure-collector-services/figure-collector-frontend/node_modules/@jest/core/node_modules/jest-circus/build/utils.js:391:28)
    at new Promise (&lt;anonymous&gt;)
    at callAsyncCircusFn (/home/rgoldberg/projects/figure-collector-services/figure-collector-frontend/node_modules/@jest/core/node_modules/jest-circus/build/utils.js:316:10)
    at _callCircusTest (/home/rgoldberg/projects/figure-collector-services/figure-collector-frontend/node_modules/@jest/core/node_modules/jest-circus/build/run.js:218:40)
    at _runTest (/home/rgoldberg/projects/figure-collector-services/figure-collector-frontend/node_modules/@jest/core/node_modules/jest-circus/build/run.js:155:3)
    at _runTestsForDescribeBlock (/home/rgoldberg/projects/figure-collector-services/figure-collector-frontend/node_modules/@jest/core/node_modules/jest-circus/build/run.js:66:9)
    at _runTestsForDescribeBlock (/home/rgoldberg/projects/figure-collector-services/figure-collector-frontend/node_modules/@jest/core/node_modules/jest-circus/build/run.js:60:9)
    at _runTestsForDescribeBlock (/home/rgoldberg/projects/figure-collector-services/figure-collector-frontend/node_modules/@jest/core/node_modules/jest-circus/build/run.js:60:9)
    at _runTestsForDescribeBlock (/home/rgoldberg/projects/figure-collector-services/figure-collector-frontend/node_modules/@jest/core/node_modules/jest-circus/build/run.js:60:9)
    at run (/home/rgoldberg/projects/figure-collector-services/figure-collector-frontend/node_modules/@jest/core/node_modules/jest-circus/build/run.js:25:3)
    at runAndTransformResultsToJestFormat (/home/rgoldberg/projects/figure-collector-services/figure-collector-frontend/node_modules/@jest/core/node_modules/jest-circus/build/legacy-code-todo-rewrite/jestAdapterInit.js:170:21)
    at jestAdapter (/home/rgoldberg/projects/figure-collector-services/figure-collector-frontend/node_modules/@jest/core/node_modules/jest-circus/build/legacy-code-todo-rewrite/jestAdapter.js:82:19)
    at runTestInternal (/home/rgoldberg/projects/figure-collector-services/figure-collector-frontend/node_modules/jest-runner/build/runTest.js:389:16)
    at runTest (/home/rgoldberg/projects/figure-collector-services/figure-collector-frontend/node_modules/jest-runner/build/runTest.js:475:34)</failure>
    </testcase>
    <testcase classname="Enhanced API Integration Tests Figures API Edge Cases createFigure should handle creating figure with minimal data" name="Enhanced API Integration Tests Figures API Edge Cases createFigure should handle creating figure with minimal data" time="0">
      <failure>TypeError: Cannot read properties of undefined (reading &apos;data&apos;)
    at createFigure (/home/rgoldberg/projects/figure-collector-services/figure-collector-frontend/src/api/index.ts:91:19)
    at Object.&lt;anonymous&gt; (/home/rgoldberg/projects/figure-collector-services/figure-collector-frontend/src/api/__tests__/index.enhanced.test.ts:449:24)</failure>
    </testcase>
    <testcase classname="Enhanced API Integration Tests Figures API Edge Cases createFigure should handle creating figure with all optional fields" name="Enhanced API Integration Tests Figures API Edge Cases createFigure should handle creating figure with all optional fields" time="0.001">
      <failure>TypeError: Cannot read properties of undefined (reading &apos;data&apos;)
    at createFigure (/home/rgoldberg/projects/figure-collector-services/figure-collector-frontend/src/api/index.ts:91:19)
    at Object.&lt;anonymous&gt; (/home/rgoldberg/projects/figure-collector-services/figure-collector-frontend/src/api/__tests__/index.enhanced.test.ts:470:24)</failure>
    </testcase>
    <testcase classname="Enhanced API Integration Tests Figures API Edge Cases createFigure should handle validation errors on creation" name="Enhanced API Integration Tests Figures API Edge Cases createFigure should handle validation errors on creation" time="0.001">
      <failure>Error: expect(received).rejects.toEqual(expected) // deep equality

- Expected  - 12
+ Received  +  1

- Object {
-   &quot;response&quot;: Object {
-     &quot;data&quot;: Object {
-       &quot;errors&quot;: Object {
-         &quot;manufacturer&quot;: &quot;Manufacturer is required&quot;,
-         &quot;name&quot;: &quot;Name is required&quot;,
-       },
-       &quot;message&quot;: &quot;Validation failed&quot;,
-     },
-     &quot;status&quot;: 422,
-   },
- }
+ [TypeError: Cannot read properties of undefined (reading &apos;data&apos;)]
    at Object.toEqual (/home/rgoldberg/projects/figure-collector-services/figure-collector-frontend/node_modules/expect/build/index.js:285:22)
    at Object.&lt;anonymous&gt; (/home/rgoldberg/projects/figure-collector-services/figure-collector-frontend/src/api/__tests__/index.enhanced.test.ts:492:20)
    at Promise.then.completed (/home/rgoldberg/projects/figure-collector-services/figure-collector-frontend/node_modules/@jest/core/node_modules/jest-circus/build/utils.js:391:28)
    at new Promise (&lt;anonymous&gt;)
    at callAsyncCircusFn (/home/rgoldberg/projects/figure-collector-services/figure-collector-frontend/node_modules/@jest/core/node_modules/jest-circus/build/utils.js:316:10)
    at _callCircusTest (/home/rgoldberg/projects/figure-collector-services/figure-collector-frontend/node_modules/@jest/core/node_modules/jest-circus/build/run.js:218:40)
    at _runTest (/home/rgoldberg/projects/figure-collector-services/figure-collector-frontend/node_modules/@jest/core/node_modules/jest-circus/build/run.js:155:3)
    at _runTestsForDescribeBlock (/home/rgoldberg/projects/figure-collector-services/figure-collector-frontend/node_modules/@jest/core/node_modules/jest-circus/build/run.js:66:9)
    at _runTestsForDescribeBlock (/home/rgoldberg/projects/figure-collector-services/figure-collector-frontend/node_modules/@jest/core/node_modules/jest-circus/build/run.js:60:9)
    at _runTestsForDescribeBlock (/home/rgoldberg/projects/figure-collector-services/figure-collector-frontend/node_modules/@jest/core/node_modules/jest-circus/build/run.js:60:9)
    at _runTestsForDescribeBlock (/home/rgoldberg/projects/figure-collector-services/figure-collector-frontend/node_modules/@jest/core/node_modules/jest-circus/build/run.js:60:9)
    at run (/home/rgoldberg/projects/figure-collector-services/figure-collector-frontend/node_modules/@jest/core/node_modules/jest-circus/build/run.js:25:3)
    at runAndTransformResultsToJestFormat (/home/rgoldberg/projects/figure-collector-services/figure-collector-frontend/node_modules/@jest/core/node_modules/jest-circus/build/legacy-code-todo-rewrite/jestAdapterInit.js:170:21)
    at jestAdapter (/home/rgoldberg/projects/figure-collector-services/figure-collector-frontend/node_modules/@jest/core/node_modules/jest-circus/build/legacy-code-todo-rewrite/jestAdapter.js:82:19)
    at runTestInternal (/home/rgoldberg/projects/figure-collector-services/figure-collector-frontend/node_modules/jest-runner/build/runTest.js:389:16)
    at runTest (/home/rgoldberg/projects/figure-collector-services/figure-collector-frontend/node_modules/jest-runner/build/runTest.js:475:34)</failure>
    </testcase>
    <testcase classname="Enhanced API Integration Tests Figures API Edge Cases createFigure should handle duplicate figure error" name="Enhanced API Integration Tests Figures API Edge Cases createFigure should handle duplicate figure error" time="0.001">
      <failure>Error: expect(received).rejects.toEqual(expected) // deep equality

- Expected  - 8
+ Received  + 1

- Object {
-   &quot;response&quot;: Object {
-     &quot;data&quot;: Object {
-       &quot;message&quot;: &quot;Figure already exists&quot;,
-     },
-     &quot;status&quot;: 409,
-   },
- }
+ [TypeError: Cannot read properties of undefined (reading &apos;data&apos;)]
    at Object.toEqual (/home/rgoldberg/projects/figure-collector-services/figure-collector-frontend/node_modules/expect/build/index.js:285:22)
    at Object.&lt;anonymous&gt; (/home/rgoldberg/projects/figure-collector-services/figure-collector-frontend/src/api/__tests__/index.enhanced.test.ts:509:21)
    at Promise.then.completed (/home/rgoldberg/projects/figure-collector-services/figure-collector-frontend/node_modules/@jest/core/node_modules/jest-circus/build/utils.js:391:28)
    at new Promise (&lt;anonymous&gt;)
    at callAsyncCircusFn (/home/rgoldberg/projects/figure-collector-services/figure-collector-frontend/node_modules/@jest/core/node_modules/jest-circus/build/utils.js:316:10)
    at _callCircusTest (/home/rgoldberg/projects/figure-collector-services/figure-collector-frontend/node_modules/@jest/core/node_modules/jest-circus/build/run.js:218:40)
    at _runTest (/home/rgoldberg/projects/figure-collector-services/figure-collector-frontend/node_modules/@jest/core/node_modules/jest-circus/build/run.js:155:3)
    at _runTestsForDescribeBlock (/home/rgoldberg/projects/figure-collector-services/figure-collector-frontend/node_modules/@jest/core/node_modules/jest-circus/build/run.js:66:9)
    at _runTestsForDescribeBlock (/home/rgoldberg/projects/figure-collector-services/figure-collector-frontend/node_modules/@jest/core/node_modules/jest-circus/build/run.js:60:9)
    at _runTestsForDescribeBlock (/home/rgoldberg/projects/figure-collector-services/figure-collector-frontend/node_modules/@jest/core/node_modules/jest-circus/build/run.js:60:9)
    at _runTestsForDescribeBlock (/home/rgoldberg/projects/figure-collector-services/figure-collector-frontend/node_modules/@jest/core/node_modules/jest-circus/build/run.js:60:9)
    at run (/home/rgoldberg/projects/figure-collector-services/figure-collector-frontend/node_modules/@jest/core/node_modules/jest-circus/build/run.js:25:3)
    at runAndTransformResultsToJestFormat (/home/rgoldberg/projects/figure-collector-services/figure-collector-frontend/node_modules/@jest/core/node_modules/jest-circus/build/legacy-code-todo-rewrite/jestAdapterInit.js:170:21)
    at jestAdapter (/home/rgoldberg/projects/figure-collector-services/figure-collector-frontend/node_modules/@jest/core/node_modules/jest-circus/build/legacy-code-todo-rewrite/jestAdapter.js:82:19)
    at runTestInternal (/home/rgoldberg/projects/figure-collector-services/figure-collector-frontend/node_modules/jest-runner/build/runTest.js:389:16)
    at runTest (/home/rgoldberg/projects/figure-collector-services/figure-collector-frontend/node_modules/jest-runner/build/runTest.js:475:34)</failure>
    </testcase>
    <testcase classname="Enhanced API Integration Tests Figures API Edge Cases searchFigures should handle empty search query" name="Enhanced API Integration Tests Figures API Edge Cases searchFigures should handle empty search query" time="0.001">
      <failure>TypeError: Cannot read properties of undefined (reading &apos;data&apos;)
    at searchFigures (/home/rgoldberg/projects/figure-collector-services/figure-collector-frontend/src/api/index.ts:105:19)
    at Object.&lt;anonymous&gt; (/home/rgoldberg/projects/figure-collector-services/figure-collector-frontend/src/api/__tests__/index.enhanced.test.ts:517:24)</failure>
    </testcase>
    <testcase classname="Enhanced API Integration Tests Figures API Edge Cases searchFigures should handle search with only whitespace" name="Enhanced API Integration Tests Figures API Edge Cases searchFigures should handle search with only whitespace" time="0.001">
      <failure>TypeError: Cannot read properties of undefined (reading &apos;data&apos;)
    at searchFigures (/home/rgoldberg/projects/figure-collector-services/figure-collector-frontend/src/api/index.ts:105:19)
    at Object.&lt;anonymous&gt; (/home/rgoldberg/projects/figure-collector-services/figure-collector-frontend/src/api/__tests__/index.enhanced.test.ts:526:9)</failure>
    </testcase>
    <testcase classname="Enhanced API Integration Tests Figures API Edge Cases searchFigures should handle search with unicode characters" name="Enhanced API Integration Tests Figures API Edge Cases searchFigures should handle search with unicode characters" time="0">
      <failure>TypeError: Cannot read properties of undefined (reading &apos;data&apos;)
    at searchFigures (/home/rgoldberg/projects/figure-collector-services/figure-collector-frontend/src/api/index.ts:105:19)
    at Object.&lt;anonymous&gt; (/home/rgoldberg/projects/figure-collector-services/figure-collector-frontend/src/api/__tests__/index.enhanced.test.ts:534:9)</failure>
    </testcase>
    <testcase classname="Enhanced API Integration Tests Figures API Edge Cases searchFigures should handle search query with SQL injection attempt" name="Enhanced API Integration Tests Figures API Edge Cases searchFigures should handle search query with SQL injection attempt" time="0.001">
      <failure>TypeError: Cannot read properties of undefined (reading &apos;data&apos;)
    at searchFigures (/home/rgoldberg/projects/figure-collector-services/figure-collector-frontend/src/api/index.ts:105:19)
    at Object.&lt;anonymous&gt; (/home/rgoldberg/projects/figure-collector-services/figure-collector-frontend/src/api/__tests__/index.enhanced.test.ts:543:9)</failure>
    </testcase>
    <testcase classname="Enhanced API Integration Tests Figures API Edge Cases searchFigures should handle very long search queries" name="Enhanced API Integration Tests Figures API Edge Cases searchFigures should handle very long search queries" time="0.001">
      <failure>TypeError: Cannot read properties of undefined (reading &apos;data&apos;)
    at searchFigures (/home/rgoldberg/projects/figure-collector-services/figure-collector-frontend/src/api/index.ts:105:19)
    at Object.&lt;anonymous&gt; (/home/rgoldberg/projects/figure-collector-services/figure-collector-frontend/src/api/__tests__/index.enhanced.test.ts:554:9)</failure>
    </testcase>
    <testcase classname="Enhanced API Integration Tests Figures API Edge Cases filterFigures should handle null and undefined filter values" name="Enhanced API Integration Tests Figures API Edge Cases filterFigures should handle null and undefined filter values" time="0.001">
      <failure>TypeError: Cannot read properties of undefined (reading &apos;data&apos;)
    at filterFigures (/home/rgoldberg/projects/figure-collector-services/figure-collector-frontend/src/api/index.ts:124:19)
    at Object.&lt;anonymous&gt; (/home/rgoldberg/projects/figure-collector-services/figure-collector-frontend/src/api/__tests__/index.enhanced.test.ts:574:9)</failure>
    </testcase>
    <testcase classname="Enhanced API Integration Tests Figures API Edge Cases filterFigures should handle empty object filter" name="Enhanced API Integration Tests Figures API Edge Cases filterFigures should handle empty object filter" time="0.001">
      <failure>TypeError: Cannot read properties of undefined (reading &apos;data&apos;)
    at filterFigures (/home/rgoldberg/projects/figure-collector-services/figure-collector-frontend/src/api/index.ts:124:19)
    at Object.&lt;anonymous&gt; (/home/rgoldberg/projects/figure-collector-services/figure-collector-frontend/src/api/__tests__/index.enhanced.test.ts:585:9)</failure>
    </testcase>
    <testcase classname="Enhanced API Integration Tests Figures API Edge Cases filterFigures should handle filter with special characters" name="Enhanced API Integration Tests Figures API Edge Cases filterFigures should handle filter with special characters" time="0.009">
      <failure>TypeError: Cannot read properties of undefined (reading &apos;data&apos;)
    at filterFigures (/home/rgoldberg/projects/figure-collector-services/figure-collector-frontend/src/api/index.ts:124:19)
    at Object.&lt;anonymous&gt; (/home/rgoldberg/projects/figure-collector-services/figure-collector-frontend/src/api/__tests__/index.enhanced.test.ts:593:9)</failure>
    </testcase>
    <testcase classname="Enhanced API Integration Tests Figures API Edge Cases updateFigure should handle partial updates" name="Enhanced API Integration Tests Figures API Edge Cases updateFigure should handle partial updates" time="0.001">
      <failure>TypeError: Cannot read properties of undefined (reading &apos;data&apos;)
    at updateFigure (/home/rgoldberg/projects/figure-collector-services/figure-collector-frontend/src/api/index.ts:96:19)
    at Object.&lt;anonymous&gt; (/home/rgoldberg/projects/figure-collector-services/figure-collector-frontend/src/api/__tests__/index.enhanced.test.ts:616:24)</failure>
    </testcase>
    <testcase classname="Enhanced API Integration Tests Figures API Edge Cases updateFigure should handle unauthorized update" name="Enhanced API Integration Tests Figures API Edge Cases updateFigure should handle unauthorized update" time="0.001">
      <failure>Error: expect(received).rejects.toEqual(expected) // deep equality

- Expected  - 8
+ Received  + 1

- Object {
-   &quot;response&quot;: Object {
-     &quot;data&quot;: Object {
-       &quot;message&quot;: &quot;Not authorized to update this figure&quot;,
-     },
-     &quot;status&quot;: 403,
-   },
- }
+ [TypeError: Cannot read properties of undefined (reading &apos;data&apos;)]
    at Object.toEqual (/home/rgoldberg/projects/figure-collector-services/figure-collector-frontend/node_modules/expect/build/index.js:285:22)
    at Object.&lt;anonymous&gt; (/home/rgoldberg/projects/figure-collector-services/figure-collector-frontend/src/api/__tests__/index.enhanced.test.ts:636:20)
    at Promise.then.completed (/home/rgoldberg/projects/figure-collector-services/figure-collector-frontend/node_modules/@jest/core/node_modules/jest-circus/build/utils.js:391:28)
    at new Promise (&lt;anonymous&gt;)
    at callAsyncCircusFn (/home/rgoldberg/projects/figure-collector-services/figure-collector-frontend/node_modules/@jest/core/node_modules/jest-circus/build/utils.js:316:10)
    at _callCircusTest (/home/rgoldberg/projects/figure-collector-services/figure-collector-frontend/node_modules/@jest/core/node_modules/jest-circus/build/run.js:218:40)
    at _runTest (/home/rgoldberg/projects/figure-collector-services/figure-collector-frontend/node_modules/@jest/core/node_modules/jest-circus/build/run.js:155:3)
    at _runTestsForDescribeBlock (/home/rgoldberg/projects/figure-collector-services/figure-collector-frontend/node_modules/@jest/core/node_modules/jest-circus/build/run.js:66:9)
    at _runTestsForDescribeBlock (/home/rgoldberg/projects/figure-collector-services/figure-collector-frontend/node_modules/@jest/core/node_modules/jest-circus/build/run.js:60:9)
    at _runTestsForDescribeBlock (/home/rgoldberg/projects/figure-collector-services/figure-collector-frontend/node_modules/@jest/core/node_modules/jest-circus/build/run.js:60:9)
    at _runTestsForDescribeBlock (/home/rgoldberg/projects/figure-collector-services/figure-collector-frontend/node_modules/@jest/core/node_modules/jest-circus/build/run.js:60:9)
    at run (/home/rgoldberg/projects/figure-collector-services/figure-collector-frontend/node_modules/@jest/core/node_modules/jest-circus/build/run.js:25:3)
    at runAndTransformResultsToJestFormat (/home/rgoldberg/projects/figure-collector-services/figure-collector-frontend/node_modules/@jest/core/node_modules/jest-circus/build/legacy-code-todo-rewrite/jestAdapterInit.js:170:21)
    at jestAdapter (/home/rgoldberg/projects/figure-collector-services/figure-collector-frontend/node_modules/@jest/core/node_modules/jest-circus/build/legacy-code-todo-rewrite/jestAdapter.js:82:19)
    at runTestInternal (/home/rgoldberg/projects/figure-collector-services/figure-collector-frontend/node_modules/jest-runner/build/runTest.js:389:16)
    at runTest (/home/rgoldberg/projects/figure-collector-services/figure-collector-frontend/node_modules/jest-runner/build/runTest.js:475:34)</failure>
    </testcase>
    <testcase classname="Enhanced API Integration Tests Figures API Edge Cases updateFigure should handle figure not found on update" name="Enhanced API Integration Tests Figures API Edge Cases updateFigure should handle figure not found on update" time="0.001">
      <failure>Error: expect(received).rejects.toEqual(expected) // deep equality

- Expected  - 8
+ Received  + 1

- Object {
-   &quot;response&quot;: Object {
-     &quot;data&quot;: Object {
-       &quot;message&quot;: &quot;Figure not found&quot;,
-     },
-     &quot;status&quot;: 404,
-   },
- }
+ [TypeError: Cannot read properties of undefined (reading &apos;data&apos;)]
    at Object.toEqual (/home/rgoldberg/projects/figure-collector-services/figure-collector-frontend/node_modules/expect/build/index.js:285:22)
    at Object.&lt;anonymous&gt; (/home/rgoldberg/projects/figure-collector-services/figure-collector-frontend/src/api/__tests__/index.enhanced.test.ts:650:20)
    at Promise.then.completed (/home/rgoldberg/projects/figure-collector-services/figure-collector-frontend/node_modules/@jest/core/node_modules/jest-circus/build/utils.js:391:28)
    at new Promise (&lt;anonymous&gt;)
    at callAsyncCircusFn (/home/rgoldberg/projects/figure-collector-services/figure-collector-frontend/node_modules/@jest/core/node_modules/jest-circus/build/utils.js:316:10)
    at _callCircusTest (/home/rgoldberg/projects/figure-collector-services/figure-collector-frontend/node_modules/@jest/core/node_modules/jest-circus/build/run.js:218:40)
    at _runTest (/home/rgoldberg/projects/figure-collector-services/figure-collector-frontend/node_modules/@jest/core/node_modules/jest-circus/build/run.js:155:3)
    at _runTestsForDescribeBlock (/home/rgoldberg/projects/figure-collector-services/figure-collector-frontend/node_modules/@jest/core/node_modules/jest-circus/build/run.js:66:9)
    at _runTestsForDescribeBlock (/home/rgoldberg/projects/figure-collector-services/figure-collector-frontend/node_modules/@jest/core/node_modules/jest-circus/build/run.js:60:9)
    at _runTestsForDescribeBlock (/home/rgoldberg/projects/figure-collector-services/figure-collector-frontend/node_modules/@jest/core/node_modules/jest-circus/build/run.js:60:9)
    at _runTestsForDescribeBlock (/home/rgoldberg/projects/figure-collector-services/figure-collector-frontend/node_modules/@jest/core/node_modules/jest-circus/build/run.js:60:9)
    at run (/home/rgoldberg/projects/figure-collector-services/figure-collector-frontend/node_modules/@jest/core/node_modules/jest-circus/build/run.js:25:3)
    at runAndTransformResultsToJestFormat (/home/rgoldberg/projects/figure-collector-services/figure-collector-frontend/node_modules/@jest/core/node_modules/jest-circus/build/legacy-code-todo-rewrite/jestAdapterInit.js:170:21)
    at jestAdapter (/home/rgoldberg/projects/figure-collector-services/figure-collector-frontend/node_modules/@jest/core/node_modules/jest-circus/build/legacy-code-todo-rewrite/jestAdapter.js:82:19)
    at runTestInternal (/home/rgoldberg/projects/figure-collector-services/figure-collector-frontend/node_modules/jest-runner/build/runTest.js:389:16)
    at runTest (/home/rgoldberg/projects/figure-collector-services/figure-collector-frontend/node_modules/jest-runner/build/runTest.js:475:34)</failure>
    </testcase>
    <testcase classname="Enhanced API Integration Tests Figures API Edge Cases deleteFigure should handle unauthorized deletion" name="Enhanced API Integration Tests Figures API Edge Cases deleteFigure should handle unauthorized deletion" time="0.001">
      <failure>Error: expect(received).rejects.toEqual()

Received promise resolved instead of rejected
Resolved to value: undefined
    at expect (/home/rgoldberg/projects/figure-collector-services/figure-collector-frontend/node_modules/expect/build/index.js:178:15)
    at Object.&lt;anonymous&gt; (/home/rgoldberg/projects/figure-collector-services/figure-collector-frontend/src/api/__tests__/index.enhanced.test.ts:665:15)
    at Promise.then.completed (/home/rgoldberg/projects/figure-collector-services/figure-collector-frontend/node_modules/@jest/core/node_modules/jest-circus/build/utils.js:391:28)
    at new Promise (&lt;anonymous&gt;)
    at callAsyncCircusFn (/home/rgoldberg/projects/figure-collector-services/figure-collector-frontend/node_modules/@jest/core/node_modules/jest-circus/build/utils.js:316:10)
    at _callCircusTest (/home/rgoldberg/projects/figure-collector-services/figure-collector-frontend/node_modules/@jest/core/node_modules/jest-circus/build/run.js:218:40)
    at _runTest (/home/rgoldberg/projects/figure-collector-services/figure-collector-frontend/node_modules/@jest/core/node_modules/jest-circus/build/run.js:155:3)
    at _runTestsForDescribeBlock (/home/rgoldberg/projects/figure-collector-services/figure-collector-frontend/node_modules/@jest/core/node_modules/jest-circus/build/run.js:66:9)
    at _runTestsForDescribeBlock (/home/rgoldberg/projects/figure-collector-services/figure-collector-frontend/node_modules/@jest/core/node_modules/jest-circus/build/run.js:60:9)
    at _runTestsForDescribeBlock (/home/rgoldberg/projects/figure-collector-services/figure-collector-frontend/node_modules/@jest/core/node_modules/jest-circus/build/run.js:60:9)
    at _runTestsForDescribeBlock (/home/rgoldberg/projects/figure-collector-services/figure-collector-frontend/node_modules/@jest/core/node_modules/jest-circus/build/run.js:60:9)
    at run (/home/rgoldberg/projects/figure-collector-services/figure-collector-frontend/node_modules/@jest/core/node_modules/jest-circus/build/run.js:25:3)
    at runAndTransformResultsToJestFormat (/home/rgoldberg/projects/figure-collector-services/figure-collector-frontend/node_modules/@jest/core/node_modules/jest-circus/build/legacy-code-todo-rewrite/jestAdapterInit.js:170:21)
    at jestAdapter (/home/rgoldberg/projects/figure-collector-services/figure-collector-frontend/node_modules/@jest/core/node_modules/jest-circus/build/legacy-code-todo-rewrite/jestAdapter.js:82:19)
    at runTestInternal (/home/rgoldberg/projects/figure-collector-services/figure-collector-frontend/node_modules/jest-runner/build/runTest.js:389:16)
    at runTest (/home/rgoldberg/projects/figure-collector-services/figure-collector-frontend/node_modules/jest-runner/build/runTest.js:475:34)</failure>
    </testcase>
    <testcase classname="Enhanced API Integration Tests Figures API Edge Cases deleteFigure should handle figure not found on deletion" name="Enhanced API Integration Tests Figures API Edge Cases deleteFigure should handle figure not found on deletion" time="0.001">
      <failure>Error: expect(received).rejects.toEqual()

Received promise resolved instead of rejected
Resolved to value: undefined
    at expect (/home/rgoldberg/projects/figure-collector-services/figure-collector-frontend/node_modules/expect/build/index.js:178:15)
    at Object.&lt;anonymous&gt; (/home/rgoldberg/projects/figure-collector-services/figure-collector-frontend/src/api/__tests__/index.enhanced.test.ts:679:15)
    at Promise.then.completed (/home/rgoldberg/projects/figure-collector-services/figure-collector-frontend/node_modules/@jest/core/node_modules/jest-circus/build/utils.js:391:28)
    at new Promise (&lt;anonymous&gt;)
    at callAsyncCircusFn (/home/rgoldberg/projects/figure-collector-services/figure-collector-frontend/node_modules/@jest/core/node_modules/jest-circus/build/utils.js:316:10)
    at _callCircusTest (/home/rgoldberg/projects/figure-collector-services/figure-collector-frontend/node_modules/@jest/core/node_modules/jest-circus/build/run.js:218:40)
    at _runTest (/home/rgoldberg/projects/figure-collector-services/figure-collector-frontend/node_modules/@jest/core/node_modules/jest-circus/build/run.js:155:3)
    at _runTestsForDescribeBlock (/home/rgoldberg/projects/figure-collector-services/figure-collector-frontend/node_modules/@jest/core/node_modules/jest-circus/build/run.js:66:9)
    at _runTestsForDescribeBlock (/home/rgoldberg/projects/figure-collector-services/figure-collector-frontend/node_modules/@jest/core/node_modules/jest-circus/build/run.js:60:9)
    at _runTestsForDescribeBlock (/home/rgoldberg/projects/figure-collector-services/figure-collector-frontend/node_modules/@jest/core/node_modules/jest-circus/build/run.js:60:9)
    at _runTestsForDescribeBlock (/home/rgoldberg/projects/figure-collector-services/figure-collector-frontend/node_modules/@jest/core/node_modules/jest-circus/build/run.js:60:9)
    at run (/home/rgoldberg/projects/figure-collector-services/figure-collector-frontend/node_modules/@jest/core/node_modules/jest-circus/build/run.js:25:3)
    at runAndTransformResultsToJestFormat (/home/rgoldberg/projects/figure-collector-services/figure-collector-frontend/node_modules/@jest/core/node_modules/jest-circus/build/legacy-code-todo-rewrite/jestAdapterInit.js:170:21)
    at jestAdapter (/home/rgoldberg/projects/figure-collector-services/figure-collector-frontend/node_modules/@jest/core/node_modules/jest-circus/build/legacy-code-todo-rewrite/jestAdapter.js:82:19)
    at runTestInternal (/home/rgoldberg/projects/figure-collector-services/figure-collector-frontend/node_modules/jest-runner/build/runTest.js:389:16)
    at runTest (/home/rgoldberg/projects/figure-collector-services/figure-collector-frontend/node_modules/jest-runner/build/runTest.js:475:34)</failure>
    </testcase>
    <testcase classname="Enhanced API Integration Tests Figures API Edge Cases deleteFigure should handle successful deletion with no response body" name="Enhanced API Integration Tests Figures API Edge Cases deleteFigure should handle successful deletion with no response body" time="0.001">
    </testcase>
    <testcase classname="Enhanced API Integration Tests Network and Error Handling should handle network connection errors" name="Enhanced API Integration Tests Network and Error Handling should handle network connection errors" time="0.001">
      <failure>Error: expect(received).rejects.toThrow(expected)

Expected substring: &quot;Network Error&quot;
Received message:   &quot;Cannot read properties of undefined (reading &apos;data&apos;)&quot;

      79 | export const getFigures = async (page = 1, limit = 10): Promise&lt;PaginatedResponse&lt;Figure&gt;&gt; =&gt; {
      80 |   const response = await api.get(`/figures?page=${page}&amp;limit=${limit}`);
    &gt; 81 |   return response.data;
         |                   ^
      82 | };
      83 |
      84 | export const getFigureById = async (id: string): Promise&lt;Figure&gt; =&gt; {

      at getFigures (src/api/index.ts:81:19)
      at Object.&lt;anonymous&gt; (src/api/__tests__/index.enhanced.test.ts:701:7)
    at Object.toThrow (/home/rgoldberg/projects/figure-collector-services/figure-collector-frontend/node_modules/expect/build/index.js:285:22)
    at Object.&lt;anonymous&gt; (/home/rgoldberg/projects/figure-collector-services/figure-collector-frontend/src/api/__tests__/index.enhanced.test.ts:701:42)
    at Promise.then.completed (/home/rgoldberg/projects/figure-collector-services/figure-collector-frontend/node_modules/@jest/core/node_modules/jest-circus/build/utils.js:391:28)
    at new Promise (&lt;anonymous&gt;)
    at callAsyncCircusFn (/home/rgoldberg/projects/figure-collector-services/figure-collector-frontend/node_modules/@jest/core/node_modules/jest-circus/build/utils.js:316:10)
    at _callCircusTest (/home/rgoldberg/projects/figure-collector-services/figure-collector-frontend/node_modules/@jest/core/node_modules/jest-circus/build/run.js:218:40)
    at _runTest (/home/rgoldberg/projects/figure-collector-services/figure-collector-frontend/node_modules/@jest/core/node_modules/jest-circus/build/run.js:155:3)
    at _runTestsForDescribeBlock (/home/rgoldberg/projects/figure-collector-services/figure-collector-frontend/node_modules/@jest/core/node_modules/jest-circus/build/run.js:66:9)
    at _runTestsForDescribeBlock (/home/rgoldberg/projects/figure-collector-services/figure-collector-frontend/node_modules/@jest/core/node_modules/jest-circus/build/run.js:60:9)
    at _runTestsForDescribeBlock (/home/rgoldberg/projects/figure-collector-services/figure-collector-frontend/node_modules/@jest/core/node_modules/jest-circus/build/run.js:60:9)
    at run (/home/rgoldberg/projects/figure-collector-services/figure-collector-frontend/node_modules/@jest/core/node_modules/jest-circus/build/run.js:25:3)
    at runAndTransformResultsToJestFormat (/home/rgoldberg/projects/figure-collector-services/figure-collector-frontend/node_modules/@jest/core/node_modules/jest-circus/build/legacy-code-todo-rewrite/jestAdapterInit.js:170:21)
    at jestAdapter (/home/rgoldberg/projects/figure-collector-services/figure-collector-frontend/node_modules/@jest/core/node_modules/jest-circus/build/legacy-code-todo-rewrite/jestAdapter.js:82:19)
    at runTestInternal (/home/rgoldberg/projects/figure-collector-services/figure-collector-frontend/node_modules/jest-runner/build/runTest.js:389:16)
    at runTest (/home/rgoldberg/projects/figure-collector-services/figure-collector-frontend/node_modules/jest-runner/build/runTest.js:475:34)</failure>
    </testcase>
    <testcase classname="Enhanced API Integration Tests Network and Error Handling should handle timeout errors" name="Enhanced API Integration Tests Network and Error Handling should handle timeout errors" time="0.001">
      <failure>Error: expect(received).rejects.toThrow(expected)

Expected substring: &quot;Timeout&quot;
Received message:   &quot;Cannot read properties of undefined (reading &apos;data&apos;)&quot;

      79 | export const getFigures = async (page = 1, limit = 10): Promise&lt;PaginatedResponse&lt;Figure&gt;&gt; =&gt; {
      80 |   const response = await api.get(`/figures?page=${page}&amp;limit=${limit}`);
    &gt; 81 |   return response.data;
         |                   ^
      82 | };
      83 |
      84 | export const getFigureById = async (id: string): Promise&lt;Figure&gt; =&gt; {

      at getFigures (src/api/index.ts:81:19)
      at Object.&lt;anonymous&gt; (src/api/__tests__/index.enhanced.test.ts:709:7)
    at Object.toThrow (/home/rgoldberg/projects/figure-collector-services/figure-collector-frontend/node_modules/expect/build/index.js:285:22)
    at Object.&lt;anonymous&gt; (/home/rgoldberg/projects/figure-collector-services/figure-collector-frontend/src/api/__tests__/index.enhanced.test.ts:709:42)
    at Promise.then.completed (/home/rgoldberg/projects/figure-collector-services/figure-collector-frontend/node_modules/@jest/core/node_modules/jest-circus/build/utils.js:391:28)
    at new Promise (&lt;anonymous&gt;)
    at callAsyncCircusFn (/home/rgoldberg/projects/figure-collector-services/figure-collector-frontend/node_modules/@jest/core/node_modules/jest-circus/build/utils.js:316:10)
    at _callCircusTest (/home/rgoldberg/projects/figure-collector-services/figure-collector-frontend/node_modules/@jest/core/node_modules/jest-circus/build/run.js:218:40)
    at _runTest (/home/rgoldberg/projects/figure-collector-services/figure-collector-frontend/node_modules/@jest/core/node_modules/jest-circus/build/run.js:155:3)
    at _runTestsForDescribeBlock (/home/rgoldberg/projects/figure-collector-services/figure-collector-frontend/node_modules/@jest/core/node_modules/jest-circus/build/run.js:66:9)
    at _runTestsForDescribeBlock (/home/rgoldberg/projects/figure-collector-services/figure-collector-frontend/node_modules/@jest/core/node_modules/jest-circus/build/run.js:60:9)
    at _runTestsForDescribeBlock (/home/rgoldberg/projects/figure-collector-services/figure-collector-frontend/node_modules/@jest/core/node_modules/jest-circus/build/run.js:60:9)
    at run (/home/rgoldberg/projects/figure-collector-services/figure-collector-frontend/node_modules/@jest/core/node_modules/jest-circus/build/run.js:25:3)
    at runAndTransformResultsToJestFormat (/home/rgoldberg/projects/figure-collector-services/figure-collector-frontend/node_modules/@jest/core/node_modules/jest-circus/build/legacy-code-todo-rewrite/jestAdapterInit.js:170:21)
    at jestAdapter (/home/rgoldberg/projects/figure-collector-services/figure-collector-frontend/node_modules/@jest/core/node_modules/jest-circus/build/legacy-code-todo-rewrite/jestAdapter.js:82:19)
    at runTestInternal (/home/rgoldberg/projects/figure-collector-services/figure-collector-frontend/node_modules/jest-runner/build/runTest.js:389:16)
    at runTest (/home/rgoldberg/projects/figure-collector-services/figure-collector-frontend/node_modules/jest-runner/build/runTest.js:475:34)</failure>
    </testcase>
    <testcase classname="Enhanced API Integration Tests Network and Error Handling should handle CORS errors" name="Enhanced API Integration Tests Network and Error Handling should handle CORS errors" time="0.001">
      <failure>Error: expect(received).rejects.toEqual(expected) // deep equality

- Expected  - 6
+ Received  + 1

- Object {
-   &quot;message&quot;: &quot;CORS policy&quot;,
-   &quot;response&quot;: Object {
-     &quot;status&quot;: 0,
-   },
- }
+ [TypeError: Cannot read properties of undefined (reading &apos;data&apos;)]
    at Object.toEqual (/home/rgoldberg/projects/figure-collector-services/figure-collector-frontend/node_modules/expect/build/index.js:285:22)
    at Object.&lt;anonymous&gt; (/home/rgoldberg/projects/figure-collector-services/figure-collector-frontend/src/api/__tests__/index.enhanced.test.ts:719:42)
    at Promise.then.completed (/home/rgoldberg/projects/figure-collector-services/figure-collector-frontend/node_modules/@jest/core/node_modules/jest-circus/build/utils.js:391:28)
    at new Promise (&lt;anonymous&gt;)
    at callAsyncCircusFn (/home/rgoldberg/projects/figure-collector-services/figure-collector-frontend/node_modules/@jest/core/node_modules/jest-circus/build/utils.js:316:10)
    at _callCircusTest (/home/rgoldberg/projects/figure-collector-services/figure-collector-frontend/node_modules/@jest/core/node_modules/jest-circus/build/run.js:218:40)
    at _runTest (/home/rgoldberg/projects/figure-collector-services/figure-collector-frontend/node_modules/@jest/core/node_modules/jest-circus/build/run.js:155:3)
    at _runTestsForDescribeBlock (/home/rgoldberg/projects/figure-collector-services/figure-collector-frontend/node_modules/@jest/core/node_modules/jest-circus/build/run.js:66:9)
    at _runTestsForDescribeBlock (/home/rgoldberg/projects/figure-collector-services/figure-collector-frontend/node_modules/@jest/core/node_modules/jest-circus/build/run.js:60:9)
    at _runTestsForDescribeBlock (/home/rgoldberg/projects/figure-collector-services/figure-collector-frontend/node_modules/@jest/core/node_modules/jest-circus/build/run.js:60:9)
    at run (/home/rgoldberg/projects/figure-collector-services/figure-collector-frontend/node_modules/@jest/core/node_modules/jest-circus/build/run.js:25:3)
    at runAndTransformResultsToJestFormat (/home/rgoldberg/projects/figure-collector-services/figure-collector-frontend/node_modules/@jest/core/node_modules/jest-circus/build/legacy-code-todo-rewrite/jestAdapterInit.js:170:21)
    at jestAdapter (/home/rgoldberg/projects/figure-collector-services/figure-collector-frontend/node_modules/@jest/core/node_modules/jest-circus/build/legacy-code-todo-rewrite/jestAdapter.js:82:19)
    at runTestInternal (/home/rgoldberg/projects/figure-collector-services/figure-collector-frontend/node_modules/jest-runner/build/runTest.js:389:16)
    at runTest (/home/rgoldberg/projects/figure-collector-services/figure-collector-frontend/node_modules/jest-runner/build/runTest.js:475:34)</failure>
    </testcase>
    <testcase classname="Enhanced API Integration Tests Network and Error Handling should handle rate limiting" name="Enhanced API Integration Tests Network and Error Handling should handle rate limiting" time="0.001">
      <failure>Error: expect(received).rejects.toEqual(expected) // deep equality

- Expected  - 8
+ Received  + 1

- Object {
-   &quot;response&quot;: Object {
-     &quot;data&quot;: Object {
-       &quot;message&quot;: &quot;Too many requests&quot;,
-     },
-     &quot;status&quot;: 429,
-   },
- }
+ [TypeError: Cannot read properties of undefined (reading &apos;data&apos;)]
    at Object.toEqual (/home/rgoldberg/projects/figure-collector-services/figure-collector-frontend/node_modules/expect/build/index.js:285:22)
    at Object.&lt;anonymous&gt; (/home/rgoldberg/projects/figure-collector-services/figure-collector-frontend/src/api/__tests__/index.enhanced.test.ts:731:42)
    at Promise.then.completed (/home/rgoldberg/projects/figure-collector-services/figure-collector-frontend/node_modules/@jest/core/node_modules/jest-circus/build/utils.js:391:28)
    at new Promise (&lt;anonymous&gt;)
    at callAsyncCircusFn (/home/rgoldberg/projects/figure-collector-services/figure-collector-frontend/node_modules/@jest/core/node_modules/jest-circus/build/utils.js:316:10)
    at _callCircusTest (/home/rgoldberg/projects/figure-collector-services/figure-collector-frontend/node_modules/@jest/core/node_modules/jest-circus/build/run.js:218:40)
    at _runTest (/home/rgoldberg/projects/figure-collector-services/figure-collector-frontend/node_modules/@jest/core/node_modules/jest-circus/build/run.js:155:3)
    at _runTestsForDescribeBlock (/home/rgoldberg/projects/figure-collector-services/figure-collector-frontend/node_modules/@jest/core/node_modules/jest-circus/build/run.js:66:9)
    at _runTestsForDescribeBlock (/home/rgoldberg/projects/figure-collector-services/figure-collector-frontend/node_modules/@jest/core/node_modules/jest-circus/build/run.js:60:9)
    at _runTestsForDescribeBlock (/home/rgoldberg/projects/figure-collector-services/figure-collector-frontend/node_modules/@jest/core/node_modules/jest-circus/build/run.js:60:9)
    at run (/home/rgoldberg/projects/figure-collector-services/figure-collector-frontend/node_modules/@jest/core/node_modules/jest-circus/build/run.js:25:3)
    at runAndTransformResultsToJestFormat (/home/rgoldberg/projects/figure-collector-services/figure-collector-frontend/node_modules/@jest/core/node_modules/jest-circus/build/legacy-code-todo-rewrite/jestAdapterInit.js:170:21)
    at jestAdapter (/home/rgoldberg/projects/figure-collector-services/figure-collector-frontend/node_modules/@jest/core/node_modules/jest-circus/build/legacy-code-todo-rewrite/jestAdapter.js:82:19)
    at runTestInternal (/home/rgoldberg/projects/figure-collector-services/figure-collector-frontend/node_modules/jest-runner/build/runTest.js:389:16)
    at runTest (/home/rgoldberg/projects/figure-collector-services/figure-collector-frontend/node_modules/jest-runner/build/runTest.js:475:34)</failure>
    </testcase>
    <testcase classname="Enhanced API Integration Tests Network and Error Handling should handle server maintenance mode" name="Enhanced API Integration Tests Network and Error Handling should handle server maintenance mode" time="0">
      <failure>Error: expect(received).rejects.toEqual(expected) // deep equality

- Expected  - 8
+ Received  + 1

- Object {
-   &quot;response&quot;: Object {
-     &quot;data&quot;: Object {
-       &quot;message&quot;: &quot;Service temporarily unavailable&quot;,
-     },
-     &quot;status&quot;: 503,
-   },
- }
+ [TypeError: Cannot read properties of undefined (reading &apos;data&apos;)]
    at Object.toEqual (/home/rgoldberg/projects/figure-collector-services/figure-collector-frontend/node_modules/expect/build/index.js:285:22)
    at Object.&lt;anonymous&gt; (/home/rgoldberg/projects/figure-collector-services/figure-collector-frontend/src/api/__tests__/index.enhanced.test.ts:743:42)
    at Promise.then.completed (/home/rgoldberg/projects/figure-collector-services/figure-collector-frontend/node_modules/@jest/core/node_modules/jest-circus/build/utils.js:391:28)
    at new Promise (&lt;anonymous&gt;)
    at callAsyncCircusFn (/home/rgoldberg/projects/figure-collector-services/figure-collector-frontend/node_modules/@jest/core/node_modules/jest-circus/build/utils.js:316:10)
    at _callCircusTest (/home/rgoldberg/projects/figure-collector-services/figure-collector-frontend/node_modules/@jest/core/node_modules/jest-circus/build/run.js:218:40)
    at _runTest (/home/rgoldberg/projects/figure-collector-services/figure-collector-frontend/node_modules/@jest/core/node_modules/jest-circus/build/run.js:155:3)
    at _runTestsForDescribeBlock (/home/rgoldberg/projects/figure-collector-services/figure-collector-frontend/node_modules/@jest/core/node_modules/jest-circus/build/run.js:66:9)
    at _runTestsForDescribeBlock (/home/rgoldberg/projects/figure-collector-services/figure-collector-frontend/node_modules/@jest/core/node_modules/jest-circus/build/run.js:60:9)
    at _runTestsForDescribeBlock (/home/rgoldberg/projects/figure-collector-services/figure-collector-frontend/node_modules/@jest/core/node_modules/jest-circus/build/run.js:60:9)
    at run (/home/rgoldberg/projects/figure-collector-services/figure-collector-frontend/node_modules/@jest/core/node_modules/jest-circus/build/run.js:25:3)
    at runAndTransformResultsToJestFormat (/home/rgoldberg/projects/figure-collector-services/figure-collector-frontend/node_modules/@jest/core/node_modules/jest-circus/build/legacy-code-todo-rewrite/jestAdapterInit.js:170:21)
    at jestAdapter (/home/rgoldberg/projects/figure-collector-services/figure-collector-frontend/node_modules/@jest/core/node_modules/jest-circus/build/legacy-code-todo-rewrite/jestAdapter.js:82:19)
    at runTestInternal (/home/rgoldberg/projects/figure-collector-services/figure-collector-frontend/node_modules/jest-runner/build/runTest.js:389:16)
    at runTest (/home/rgoldberg/projects/figure-collector-services/figure-collector-frontend/node_modules/jest-runner/build/runTest.js:475:34)</failure>
    </testcase>
    <testcase classname="Enhanced API Integration Tests Data Integrity should handle malformed JSON responses" name="Enhanced API Integration Tests Data Integrity should handle malformed JSON responses" time="0">
      <failure>TypeError: Cannot read properties of undefined (reading &apos;data&apos;)
    at getFigures (/home/rgoldberg/projects/figure-collector-services/figure-collector-frontend/src/api/index.ts:81:19)
    at Object.&lt;anonymous&gt; (/home/rgoldberg/projects/figure-collector-services/figure-collector-frontend/src/api/__tests__/index.enhanced.test.ts:758:22)</failure>
    </testcase>
    <testcase classname="Enhanced API Integration Tests Data Integrity should handle responses with missing required fields" name="Enhanced API Integration Tests Data Integrity should handle responses with missing required fields" time="0">
      <failure>Error: expect(received).resolves.toBeUndefined()

Received promise rejected instead of resolved
Rejected to value: [TypeError: Cannot read properties of undefined (reading &apos;data&apos;)]
    at expect (/home/rgoldberg/projects/figure-collector-services/figure-collector-frontend/node_modules/expect/build/index.js:178:15)
    at Object.&lt;anonymous&gt; (/home/rgoldberg/projects/figure-collector-services/figure-collector-frontend/src/api/__tests__/index.enhanced.test.ts:772:13)
    at Promise.then.completed (/home/rgoldberg/projects/figure-collector-services/figure-collector-frontend/node_modules/@jest/core/node_modules/jest-circus/build/utils.js:391:28)
    at new Promise (&lt;anonymous&gt;)
    at callAsyncCircusFn (/home/rgoldberg/projects/figure-collector-services/figure-collector-frontend/node_modules/@jest/core/node_modules/jest-circus/build/utils.js:316:10)
    at _callCircusTest (/home/rgoldberg/projects/figure-collector-services/figure-collector-frontend/node_modules/@jest/core/node_modules/jest-circus/build/run.js:218:40)
    at _runTest (/home/rgoldberg/projects/figure-collector-services/figure-collector-frontend/node_modules/@jest/core/node_modules/jest-circus/build/run.js:155:3)
    at _runTestsForDescribeBlock (/home/rgoldberg/projects/figure-collector-services/figure-collector-frontend/node_modules/@jest/core/node_modules/jest-circus/build/run.js:66:9)
    at _runTestsForDescribeBlock (/home/rgoldberg/projects/figure-collector-services/figure-collector-frontend/node_modules/@jest/core/node_modules/jest-circus/build/run.js:60:9)
    at _runTestsForDescribeBlock (/home/rgoldberg/projects/figure-collector-services/figure-collector-frontend/node_modules/@jest/core/node_modules/jest-circus/build/run.js:60:9)
    at run (/home/rgoldberg/projects/figure-collector-services/figure-collector-frontend/node_modules/@jest/core/node_modules/jest-circus/build/run.js:25:3)
    at runAndTransformResultsToJestFormat (/home/rgoldberg/projects/figure-collector-services/figure-collector-frontend/node_modules/@jest/core/node_modules/jest-circus/build/legacy-code-todo-rewrite/jestAdapterInit.js:170:21)
    at jestAdapter (/home/rgoldberg/projects/figure-collector-services/figure-collector-frontend/node_modules/@jest/core/node_modules/jest-circus/build/legacy-code-todo-rewrite/jestAdapter.js:82:19)
    at runTestInternal (/home/rgoldberg/projects/figure-collector-services/figure-collector-frontend/node_modules/jest-runner/build/runTest.js:389:16)
    at runTest (/home/rgoldberg/projects/figure-collector-services/figure-collector-frontend/node_modules/jest-runner/build/runTest.js:475:34)</failure>
    </testcase>
    <testcase classname="Enhanced API Integration Tests Data Integrity should handle responses with incorrect data types" name="Enhanced API Integration Tests Data Integrity should handle responses with incorrect data types" time="0">
      <failure>TypeError: Cannot read properties of undefined (reading &apos;data&apos;)
    at getFigureById (/home/rgoldberg/projects/figure-collector-services/figure-collector-frontend/src/api/index.ts:86:19)
    at Object.&lt;anonymous&gt; (/home/rgoldberg/projects/figure-collector-services/figure-collector-frontend/src/api/__tests__/index.enhanced.test.ts:783:22)</failure>
    </testcase>
    <testcase classname="Enhanced API Integration Tests Concurrent Requests should handle multiple simultaneous API calls" name="Enhanced API Integration Tests Concurrent Requests should handle multiple simultaneous API calls" time="0.001">
      <failure>TypeError: Cannot read properties of undefined (reading &apos;data&apos;)
    at getFigures (/home/rgoldberg/projects/figure-collector-services/figure-collector-frontend/src/api/index.ts:81:19)
    at async Promise.all (index 0)
    at Object.&lt;anonymous&gt; (/home/rgoldberg/projects/figure-collector-services/figure-collector-frontend/src/api/__tests__/index.enhanced.test.ts:799:44)</failure>
    </testcase>
    <testcase classname="Enhanced API Integration Tests Concurrent Requests should handle mixed success and failure in concurrent requests" name="Enhanced API Integration Tests Concurrent Requests should handle mixed success and failure in concurrent requests" time="0.002">
      <failure>Error: expect(received).toBe(expected) // Object.is equality

Expected: &quot;fulfilled&quot;
Received: &quot;rejected&quot;
    at Object.&lt;anonymous&gt; (/home/rgoldberg/projects/figure-collector-services/figure-collector-frontend/src/api/__tests__/index.enhanced.test.ts:818:33)</failure>
    </testcase>
  </testsuite>
  <testsuite name="Sidebar" errors="0" failures="1" skipped="0" timestamp="2025-09-04T20:05:29" time="0.12" tests="12">
    <testcase classname="Sidebar Rendering should render all navigation sections" name="Sidebar Rendering should render all navigation sections" time="0.025">
    </testcase>
    <testcase classname="Sidebar Rendering should render all menu items" name="Sidebar Rendering should render all menu items" time="0.004">
    </testcase>
    <testcase classname="Sidebar Rendering should have semantic structure" name="Sidebar Rendering should have semantic structure" time="0.003">
    </testcase>
    <testcase classname="Sidebar Active State should highlight dashboard as active when on home page" name="Sidebar Active State should highlight dashboard as active when on home page" time="0.003">
    </testcase>
    <testcase classname="Sidebar Active State should highlight figures page as active" name="Sidebar Active State should highlight figures page as active" time="0.003">
    </testcase>
    <testcase classname="Sidebar Active State should highlight add figure page as active" name="Sidebar Active State should highlight add figure page as active" time="0.002">
    </testcase>
    <testcase classname="Sidebar Section Organization should group related items under correct sections" name="Sidebar Section Organization should group related items under correct sections" time="0.004">
    </testcase>
    <testcase classname="Sidebar Section Organization should display sections in correct order" name="Sidebar Section Organization should display sections in correct order" time="0.003">
    </testcase>
    <testcase classname="Sidebar Accessibility should support screen readers with proper text content" name="Sidebar Accessibility should support screen readers with proper text content" time="0.003">
    </testcase>
    <testcase classname="Sidebar Accessibility should have proper semantic HTML structure" name="Sidebar Accessibility should have proper semantic HTML structure" time="0.003">
      <failure>Error: expect(element).toHaveAttribute(&quot;as&quot;, &quot;aside&quot;) // element.getAttribute(&quot;as&quot;) === &quot;aside&quot;

Expected the element to have attribute:
  as=&quot;aside&quot;
Received:
  null
    at Object.&lt;anonymous&gt; (/home/rgoldberg/projects/figure-collector-services/figure-collector-frontend/src/components/__tests__/Sidebar.test.tsx:136:32)
    at Promise.then.completed (/home/rgoldberg/projects/figure-collector-services/figure-collector-frontend/node_modules/@jest/core/node_modules/jest-circus/build/utils.js:391:28)
    at new Promise (&lt;anonymous&gt;)
    at callAsyncCircusFn (/home/rgoldberg/projects/figure-collector-services/figure-collector-frontend/node_modules/@jest/core/node_modules/jest-circus/build/utils.js:316:10)
    at _callCircusTest (/home/rgoldberg/projects/figure-collector-services/figure-collector-frontend/node_modules/@jest/core/node_modules/jest-circus/build/run.js:218:40)
    at _runTest (/home/rgoldberg/projects/figure-collector-services/figure-collector-frontend/node_modules/@jest/core/node_modules/jest-circus/build/run.js:155:3)
    at _runTestsForDescribeBlock (/home/rgoldberg/projects/figure-collector-services/figure-collector-frontend/node_modules/@jest/core/node_modules/jest-circus/build/run.js:66:9)
    at _runTestsForDescribeBlock (/home/rgoldberg/projects/figure-collector-services/figure-collector-frontend/node_modules/@jest/core/node_modules/jest-circus/build/run.js:60:9)
    at _runTestsForDescribeBlock (/home/rgoldberg/projects/figure-collector-services/figure-collector-frontend/node_modules/@jest/core/node_modules/jest-circus/build/run.js:60:9)
    at run (/home/rgoldberg/projects/figure-collector-services/figure-collector-frontend/node_modules/@jest/core/node_modules/jest-circus/build/run.js:25:3)
    at runAndTransformResultsToJestFormat (/home/rgoldberg/projects/figure-collector-services/figure-collector-frontend/node_modules/@jest/core/node_modules/jest-circus/build/legacy-code-todo-rewrite/jestAdapterInit.js:170:21)
    at jestAdapter (/home/rgoldberg/projects/figure-collector-services/figure-collector-frontend/node_modules/@jest/core/node_modules/jest-circus/build/legacy-code-todo-rewrite/jestAdapter.js:82:19)
    at runTestInternal (/home/rgoldberg/projects/figure-collector-services/figure-collector-frontend/node_modules/jest-runner/build/runTest.js:389:16)
    at runTest (/home/rgoldberg/projects/figure-collector-services/figure-collector-frontend/node_modules/jest-runner/build/runTest.js:475:34)</failure>
    </testcase>
    <testcase classname="Sidebar Component Integration should render without errors" name="Sidebar Component Integration should render without errors" time="0.009">
    </testcase>
    <testcase classname="Sidebar Component Integration should handle different route states" name="Sidebar Component Integration should handle different route states" time="0.009">
    </testcase>
  </testsuite>
  <testsuite name="Application Accessibility" errors="0" failures="1" skipped="0" timestamp="2025-09-04T20:05:29" time="0.077" tests="1">
    <testcase classname="Application Accessibility should have no accessibility violations" name="Application Accessibility should have no accessibility violations" time="0.02">
      <failure>TypeError: Cannot destructure property &apos;register&apos; of &apos;((cov_1epg8zfzo1(...).s[5]++) , (0 , _reactHookForm.useForm)(...))&apos; as it is undefined.
    at Login (/home/rgoldberg/projects/figure-collector-services/figure-collector-frontend/src/pages/Login.tsx:37:5)
    at renderWithHooks (/home/rgoldberg/projects/figure-collector-services/figure-collector-frontend/node_modules/react-dom/cjs/react-dom.development.js:15486:18)
    at mountIndeterminateComponent (/home/rgoldberg/projects/figure-collector-services/figure-collector-frontend/node_modules/react-dom/cjs/react-dom.development.js:20103:13)
    at beginWork (/home/rgoldberg/projects/figure-collector-services/figure-collector-frontend/node_modules/react-dom/cjs/react-dom.development.js:21626:16)
    at beginWork$1 (/home/rgoldberg/projects/figure-collector-services/figure-collector-frontend/node_modules/react-dom/cjs/react-dom.development.js:27465:14)
    at performUnitOfWork (/home/rgoldberg/projects/figure-collector-services/figure-collector-frontend/node_modules/react-dom/cjs/react-dom.development.js:26599:12)
    at workLoopSync (/home/rgoldberg/projects/figure-collector-services/figure-collector-frontend/node_modules/react-dom/cjs/react-dom.development.js:26505:5)
    at renderRootSync (/home/rgoldberg/projects/figure-collector-services/figure-collector-frontend/node_modules/react-dom/cjs/react-dom.development.js:26473:7)
    at recoverFromConcurrentError (/home/rgoldberg/projects/figure-collector-services/figure-collector-frontend/node_modules/react-dom/cjs/react-dom.development.js:25889:20)
    at performConcurrentWorkOnRoot (/home/rgoldberg/projects/figure-collector-services/figure-collector-frontend/node_modules/react-dom/cjs/react-dom.development.js:25789:22)
    at flushActQueue (/home/rgoldberg/projects/figure-collector-services/figure-collector-frontend/node_modules/react/cjs/react.development.js:2667:24)
    at act (/home/rgoldberg/projects/figure-collector-services/figure-collector-frontend/node_modules/react/cjs/react.development.js:2582:11)
    at /home/rgoldberg/projects/figure-collector-services/figure-collector-frontend/node_modules/@testing-library/react/dist/act-compat.js:47:25
    at renderRoot (/home/rgoldberg/projects/figure-collector-services/figure-collector-frontend/node_modules/@testing-library/react/dist/pure.js:190:26)
    at render (/home/rgoldberg/projects/figure-collector-services/figure-collector-frontend/node_modules/@testing-library/react/dist/pure.js:292:10)
    at customRender (/home/rgoldberg/projects/figure-collector-services/figure-collector-frontend/src/test-utils.tsx:79:12)
    at Object.&lt;anonymous&gt; (/home/rgoldberg/projects/figure-collector-services/figure-collector-frontend/src/__tests__/accessibility.test.tsx:11:33)
    at Promise.then.completed (/home/rgoldberg/projects/figure-collector-services/figure-collector-frontend/node_modules/@jest/core/node_modules/jest-circus/build/utils.js:391:28)
    at new Promise (&lt;anonymous&gt;)
    at callAsyncCircusFn (/home/rgoldberg/projects/figure-collector-services/figure-collector-frontend/node_modules/@jest/core/node_modules/jest-circus/build/utils.js:316:10)
    at _callCircusTest (/home/rgoldberg/projects/figure-collector-services/figure-collector-frontend/node_modules/@jest/core/node_modules/jest-circus/build/run.js:218:40)
    at _runTest (/home/rgoldberg/projects/figure-collector-services/figure-collector-frontend/node_modules/@jest/core/node_modules/jest-circus/build/run.js:155:3)
    at _runTestsForDescribeBlock (/home/rgoldberg/projects/figure-collector-services/figure-collector-frontend/node_modules/@jest/core/node_modules/jest-circus/build/run.js:66:9)
    at _runTestsForDescribeBlock (/home/rgoldberg/projects/figure-collector-services/figure-collector-frontend/node_modules/@jest/core/node_modules/jest-circus/build/run.js:60:9)
    at run (/home/rgoldberg/projects/figure-collector-services/figure-collector-frontend/node_modules/@jest/core/node_modules/jest-circus/build/run.js:25:3)
    at runAndTransformResultsToJestFormat (/home/rgoldberg/projects/figure-collector-services/figure-collector-frontend/node_modules/@jest/core/node_modules/jest-circus/build/legacy-code-todo-rewrite/jestAdapterInit.js:170:21)
    at jestAdapter (/home/rgoldberg/projects/figure-collector-services/figure-collector-frontend/node_modules/@jest/core/node_modules/jest-circus/build/legacy-code-todo-rewrite/jestAdapter.js:82:19)
    at runTestInternal (/home/rgoldberg/projects/figure-collector-services/figure-collector-frontend/node_modules/jest-runner/build/runTest.js:389:16)
    at runTest (/home/rgoldberg/projects/figure-collector-services/figure-collector-frontend/node_modules/jest-runner/build/runTest.js:475:34)</failure>
    </testcase>
  </testsuite>
  <testsuite name="Authentication Integration" errors="0" failures="2" skipped="0" timestamp="2025-09-04T20:05:29" time="0.064" tests="2">
    <testcase classname="Authentication Integration successfully logs in with valid credentials" name="Authentication Integration successfully logs in with valid credentials" time="0.016">
      <failure>TypeError: Cannot destructure property &apos;register&apos; of &apos;((cov_1epg8zfzo1(...).s[5]++) , (0 , _reactHookForm.useForm)(...))&apos; as it is undefined.
    at Login (/home/rgoldberg/projects/figure-collector-services/figure-collector-frontend/src/pages/Login.tsx:37:5)
    at renderWithHooks (/home/rgoldberg/projects/figure-collector-services/figure-collector-frontend/node_modules/react-dom/cjs/react-dom.development.js:15486:18)
    at mountIndeterminateComponent (/home/rgoldberg/projects/figure-collector-services/figure-collector-frontend/node_modules/react-dom/cjs/react-dom.development.js:20103:13)
    at beginWork (/home/rgoldberg/projects/figure-collector-services/figure-collector-frontend/node_modules/react-dom/cjs/react-dom.development.js:21626:16)
    at beginWork$1 (/home/rgoldberg/projects/figure-collector-services/figure-collector-frontend/node_modules/react-dom/cjs/react-dom.development.js:27465:14)
    at performUnitOfWork (/home/rgoldberg/projects/figure-collector-services/figure-collector-frontend/node_modules/react-dom/cjs/react-dom.development.js:26599:12)
    at workLoopSync (/home/rgoldberg/projects/figure-collector-services/figure-collector-frontend/node_modules/react-dom/cjs/react-dom.development.js:26505:5)
    at renderRootSync (/home/rgoldberg/projects/figure-collector-services/figure-collector-frontend/node_modules/react-dom/cjs/react-dom.development.js:26473:7)
    at recoverFromConcurrentError (/home/rgoldberg/projects/figure-collector-services/figure-collector-frontend/node_modules/react-dom/cjs/react-dom.development.js:25889:20)
    at performConcurrentWorkOnRoot (/home/rgoldberg/projects/figure-collector-services/figure-collector-frontend/node_modules/react-dom/cjs/react-dom.development.js:25789:22)
    at flushActQueue (/home/rgoldberg/projects/figure-collector-services/figure-collector-frontend/node_modules/react/cjs/react.development.js:2667:24)
    at act (/home/rgoldberg/projects/figure-collector-services/figure-collector-frontend/node_modules/react/cjs/react.development.js:2582:11)
    at /home/rgoldberg/projects/figure-collector-services/figure-collector-frontend/node_modules/@testing-library/react/dist/act-compat.js:47:25
    at renderRoot (/home/rgoldberg/projects/figure-collector-services/figure-collector-frontend/node_modules/@testing-library/react/dist/pure.js:190:26)
    at render (/home/rgoldberg/projects/figure-collector-services/figure-collector-frontend/node_modules/@testing-library/react/dist/pure.js:292:10)
    at customRender (/home/rgoldberg/projects/figure-collector-services/figure-collector-frontend/src/test-utils.tsx:79:12)
    at Object.&lt;anonymous&gt; (/home/rgoldberg/projects/figure-collector-services/figure-collector-frontend/src/__tests__/integration/authentication.integration.test.tsx:42:11)
    at Promise.then.completed (/home/rgoldberg/projects/figure-collector-services/figure-collector-frontend/node_modules/@jest/core/node_modules/jest-circus/build/utils.js:391:28)
    at new Promise (&lt;anonymous&gt;)
    at callAsyncCircusFn (/home/rgoldberg/projects/figure-collector-services/figure-collector-frontend/node_modules/@jest/core/node_modules/jest-circus/build/utils.js:316:10)
    at _callCircusTest (/home/rgoldberg/projects/figure-collector-services/figure-collector-frontend/node_modules/@jest/core/node_modules/jest-circus/build/run.js:218:40)
    at _runTest (/home/rgoldberg/projects/figure-collector-services/figure-collector-frontend/node_modules/@jest/core/node_modules/jest-circus/build/run.js:155:3)
    at _runTestsForDescribeBlock (/home/rgoldberg/projects/figure-collector-services/figure-collector-frontend/node_modules/@jest/core/node_modules/jest-circus/build/run.js:66:9)
    at _runTestsForDescribeBlock (/home/rgoldberg/projects/figure-collector-services/figure-collector-frontend/node_modules/@jest/core/node_modules/jest-circus/build/run.js:60:9)
    at run (/home/rgoldberg/projects/figure-collector-services/figure-collector-frontend/node_modules/@jest/core/node_modules/jest-circus/build/run.js:25:3)
    at runAndTransformResultsToJestFormat (/home/rgoldberg/projects/figure-collector-services/figure-collector-frontend/node_modules/@jest/core/node_modules/jest-circus/build/legacy-code-todo-rewrite/jestAdapterInit.js:170:21)
    at jestAdapter (/home/rgoldberg/projects/figure-collector-services/figure-collector-frontend/node_modules/@jest/core/node_modules/jest-circus/build/legacy-code-todo-rewrite/jestAdapter.js:82:19)
    at runTestInternal (/home/rgoldberg/projects/figure-collector-services/figure-collector-frontend/node_modules/jest-runner/build/runTest.js:389:16)
    at runTest (/home/rgoldberg/projects/figure-collector-services/figure-collector-frontend/node_modules/jest-runner/build/runTest.js:475:34)</failure>
    </testcase>
    <testcase classname="Authentication Integration handles login failure with invalid credentials" name="Authentication Integration handles login failure with invalid credentials" time="0.006">
      <failure>TypeError: Cannot destructure property &apos;register&apos; of &apos;((cov_1epg8zfzo1(...).s[5]++) , (0 , _reactHookForm.useForm)(...))&apos; as it is undefined.
    at Login (/home/rgoldberg/projects/figure-collector-services/figure-collector-frontend/src/pages/Login.tsx:37:5)
    at renderWithHooks (/home/rgoldberg/projects/figure-collector-services/figure-collector-frontend/node_modules/react-dom/cjs/react-dom.development.js:15486:18)
    at mountIndeterminateComponent (/home/rgoldberg/projects/figure-collector-services/figure-collector-frontend/node_modules/react-dom/cjs/react-dom.development.js:20103:13)
    at beginWork (/home/rgoldberg/projects/figure-collector-services/figure-collector-frontend/node_modules/react-dom/cjs/react-dom.development.js:21626:16)
    at beginWork$1 (/home/rgoldberg/projects/figure-collector-services/figure-collector-frontend/node_modules/react-dom/cjs/react-dom.development.js:27465:14)
    at performUnitOfWork (/home/rgoldberg/projects/figure-collector-services/figure-collector-frontend/node_modules/react-dom/cjs/react-dom.development.js:26599:12)
    at workLoopSync (/home/rgoldberg/projects/figure-collector-services/figure-collector-frontend/node_modules/react-dom/cjs/react-dom.development.js:26505:5)
    at renderRootSync (/home/rgoldberg/projects/figure-collector-services/figure-collector-frontend/node_modules/react-dom/cjs/react-dom.development.js:26473:7)
    at recoverFromConcurrentError (/home/rgoldberg/projects/figure-collector-services/figure-collector-frontend/node_modules/react-dom/cjs/react-dom.development.js:25889:20)
    at performConcurrentWorkOnRoot (/home/rgoldberg/projects/figure-collector-services/figure-collector-frontend/node_modules/react-dom/cjs/react-dom.development.js:25789:22)
    at flushActQueue (/home/rgoldberg/projects/figure-collector-services/figure-collector-frontend/node_modules/react/cjs/react.development.js:2667:24)
    at act (/home/rgoldberg/projects/figure-collector-services/figure-collector-frontend/node_modules/react/cjs/react.development.js:2582:11)
    at /home/rgoldberg/projects/figure-collector-services/figure-collector-frontend/node_modules/@testing-library/react/dist/act-compat.js:47:25
    at renderRoot (/home/rgoldberg/projects/figure-collector-services/figure-collector-frontend/node_modules/@testing-library/react/dist/pure.js:190:26)
    at render (/home/rgoldberg/projects/figure-collector-services/figure-collector-frontend/node_modules/@testing-library/react/dist/pure.js:292:10)
    at customRender (/home/rgoldberg/projects/figure-collector-services/figure-collector-frontend/src/test-utils.tsx:79:12)
    at Object.&lt;anonymous&gt; (/home/rgoldberg/projects/figure-collector-services/figure-collector-frontend/src/__tests__/integration/authentication.integration.test.tsx:68:11)
    at Promise.then.completed (/home/rgoldberg/projects/figure-collector-services/figure-collector-frontend/node_modules/@jest/core/node_modules/jest-circus/build/utils.js:391:28)
    at new Promise (&lt;anonymous&gt;)
    at callAsyncCircusFn (/home/rgoldberg/projects/figure-collector-services/figure-collector-frontend/node_modules/@jest/core/node_modules/jest-circus/build/utils.js:316:10)
    at _callCircusTest (/home/rgoldberg/projects/figure-collector-services/figure-collector-frontend/node_modules/@jest/core/node_modules/jest-circus/build/run.js:218:40)
    at _runTest (/home/rgoldberg/projects/figure-collector-services/figure-collector-frontend/node_modules/@jest/core/node_modules/jest-circus/build/run.js:155:3)
    at _runTestsForDescribeBlock (/home/rgoldberg/projects/figure-collector-services/figure-collector-frontend/node_modules/@jest/core/node_modules/jest-circus/build/run.js:66:9)
    at _runTestsForDescribeBlock (/home/rgoldberg/projects/figure-collector-services/figure-collector-frontend/node_modules/@jest/core/node_modules/jest-circus/build/run.js:60:9)
    at run (/home/rgoldberg/projects/figure-collector-services/figure-collector-frontend/node_modules/@jest/core/node_modules/jest-circus/build/run.js:25:3)
    at runAndTransformResultsToJestFormat (/home/rgoldberg/projects/figure-collector-services/figure-collector-frontend/node_modules/@jest/core/node_modules/jest-circus/build/legacy-code-todo-rewrite/jestAdapterInit.js:170:21)
    at jestAdapter (/home/rgoldberg/projects/figure-collector-services/figure-collector-frontend/node_modules/@jest/core/node_modules/jest-circus/build/legacy-code-todo-rewrite/jestAdapter.js:82:19)
    at runTestInternal (/home/rgoldberg/projects/figure-collector-services/figure-collector-frontend/node_modules/jest-runner/build/runTest.js:389:16)
    at runTest (/home/rgoldberg/projects/figure-collector-services/figure-collector-frontend/node_modules/jest-runner/build/runTest.js:475:34)</failure>
    </testcase>
  </testsuite>
  <testsuite name="Application Rendering" errors="0" failures="1" skipped="0" timestamp="2025-09-04T20:05:29" time="0.057" tests="1">
    <testcase classname="Application Rendering renders main application layout" name="Application Rendering renders main application layout" time="0.02">
      <failure>TypeError: Cannot destructure property &apos;register&apos; of &apos;((cov_1epg8zfzo1(...).s[5]++) , (0 , _reactHookForm.useForm)(...))&apos; as it is undefined.
    at Login (/home/rgoldberg/projects/figure-collector-services/figure-collector-frontend/src/pages/Login.tsx:37:5)
    at renderWithHooks (/home/rgoldberg/projects/figure-collector-services/figure-collector-frontend/node_modules/react-dom/cjs/react-dom.development.js:15486:18)
    at mountIndeterminateComponent (/home/rgoldberg/projects/figure-collector-services/figure-collector-frontend/node_modules/react-dom/cjs/react-dom.development.js:20103:13)
    at beginWork (/home/rgoldberg/projects/figure-collector-services/figure-collector-frontend/node_modules/react-dom/cjs/react-dom.development.js:21626:16)
    at beginWork$1 (/home/rgoldberg/projects/figure-collector-services/figure-collector-frontend/node_modules/react-dom/cjs/react-dom.development.js:27465:14)
    at performUnitOfWork (/home/rgoldberg/projects/figure-collector-services/figure-collector-frontend/node_modules/react-dom/cjs/react-dom.development.js:26599:12)
    at workLoopSync (/home/rgoldberg/projects/figure-collector-services/figure-collector-frontend/node_modules/react-dom/cjs/react-dom.development.js:26505:5)
    at renderRootSync (/home/rgoldberg/projects/figure-collector-services/figure-collector-frontend/node_modules/react-dom/cjs/react-dom.development.js:26473:7)
    at recoverFromConcurrentError (/home/rgoldberg/projects/figure-collector-services/figure-collector-frontend/node_modules/react-dom/cjs/react-dom.development.js:25889:20)
    at performConcurrentWorkOnRoot (/home/rgoldberg/projects/figure-collector-services/figure-collector-frontend/node_modules/react-dom/cjs/react-dom.development.js:25789:22)
    at flushActQueue (/home/rgoldberg/projects/figure-collector-services/figure-collector-frontend/node_modules/react/cjs/react.development.js:2667:24)
    at act (/home/rgoldberg/projects/figure-collector-services/figure-collector-frontend/node_modules/react/cjs/react.development.js:2582:11)
    at /home/rgoldberg/projects/figure-collector-services/figure-collector-frontend/node_modules/@testing-library/react/dist/act-compat.js:47:25
    at renderRoot (/home/rgoldberg/projects/figure-collector-services/figure-collector-frontend/node_modules/@testing-library/react/dist/pure.js:190:26)
    at render (/home/rgoldberg/projects/figure-collector-services/figure-collector-frontend/node_modules/@testing-library/react/dist/pure.js:292:10)
    at customRender (/home/rgoldberg/projects/figure-collector-services/figure-collector-frontend/src/test-utils.tsx:79:12)
    at Object.&lt;anonymous&gt; (/home/rgoldberg/projects/figure-collector-services/figure-collector-frontend/src/__tests__/integration/service-registration.integration.test.tsx:8:11)
    at Promise.then.completed (/home/rgoldberg/projects/figure-collector-services/figure-collector-frontend/node_modules/@jest/core/node_modules/jest-circus/build/utils.js:391:28)
    at new Promise (&lt;anonymous&gt;)
    at callAsyncCircusFn (/home/rgoldberg/projects/figure-collector-services/figure-collector-frontend/node_modules/@jest/core/node_modules/jest-circus/build/utils.js:316:10)
    at _callCircusTest (/home/rgoldberg/projects/figure-collector-services/figure-collector-frontend/node_modules/@jest/core/node_modules/jest-circus/build/run.js:218:40)
    at _runTest (/home/rgoldberg/projects/figure-collector-services/figure-collector-frontend/node_modules/@jest/core/node_modules/jest-circus/build/run.js:155:3)
    at _runTestsForDescribeBlock (/home/rgoldberg/projects/figure-collector-services/figure-collector-frontend/node_modules/@jest/core/node_modules/jest-circus/build/run.js:66:9)
    at _runTestsForDescribeBlock (/home/rgoldberg/projects/figure-collector-services/figure-collector-frontend/node_modules/@jest/core/node_modules/jest-circus/build/run.js:60:9)
    at run (/home/rgoldberg/projects/figure-collector-services/figure-collector-frontend/node_modules/@jest/core/node_modules/jest-circus/build/run.js:25:3)
    at runAndTransformResultsToJestFormat (/home/rgoldberg/projects/figure-collector-services/figure-collector-frontend/node_modules/@jest/core/node_modules/jest-circus/build/legacy-code-todo-rewrite/jestAdapterInit.js:170:21)
    at jestAdapter (/home/rgoldberg/projects/figure-collector-services/figure-collector-frontend/node_modules/@jest/core/node_modules/jest-circus/build/legacy-code-todo-rewrite/jestAdapter.js:82:19)
    at runTestInternal (/home/rgoldberg/projects/figure-collector-services/figure-collector-frontend/node_modules/jest-runner/build/runTest.js:389:16)
    at runTest (/home/rgoldberg/projects/figure-collector-services/figure-collector-frontend/node_modules/jest-runner/build/runTest.js:475:34)</failure>
    </testcase>
  </testsuite>
  <testsuite name="Navbar" errors="0" failures="0" skipped="0" timestamp="2025-09-04T20:05:30" time="0.515" tests="28">
    <testcase classname="Navbar Unauthenticated State should render application title" name="Navbar Unauthenticated State should render application title" time="0.049">
    </testcase>
    <testcase classname="Navbar Unauthenticated State should render sign in and sign up buttons when not authenticated" name="Navbar Unauthenticated State should render sign in and sign up buttons when not authenticated" time="0.016">
    </testcase>
    <testcase classname="Navbar Unauthenticated State should have correct links for sign in and sign up buttons" name="Navbar Unauthenticated State should have correct links for sign in and sign up buttons" time="0.017">
    </testcase>
    <testcase classname="Navbar Unauthenticated State should render desktop navigation menu" name="Navbar Unauthenticated State should render desktop navigation menu" time="0.028">
    </testcase>
    <testcase classname="Navbar Unauthenticated State should not render user menu when not authenticated" name="Navbar Unauthenticated State should not render user menu when not authenticated" time="0.006">
    </testcase>
    <testcase classname="Navbar Authenticated State should render user avatar when authenticated" name="Navbar Authenticated State should render user avatar when authenticated" time="0.021">
    </testcase>
    <testcase classname="Navbar Authenticated State should not render sign in/up buttons when authenticated" name="Navbar Authenticated State should not render sign in/up buttons when authenticated" time="0.01">
    </testcase>
    <testcase classname="Navbar Authenticated State should render user menu when avatar is clicked" name="Navbar Authenticated State should render user menu when avatar is clicked" time="0.025">
    </testcase>
    <testcase classname="Navbar Authenticated State should have correct link for profile menu item" name="Navbar Authenticated State should have correct link for profile menu item" time="0.016">
    </testcase>
    <testcase classname="Navbar Logout Functionality should handle logout when sign out is clicked" name="Navbar Logout Functionality should handle logout when sign out is clicked" time="0.022">
    </testcase>
    <testcase classname="Navbar Logout Functionality should clear all data on logout" name="Navbar Logout Functionality should clear all data on logout" time="0.022">
    </testcase>
    <testcase classname="Navbar Mobile Navigation should render mobile menu toggle button" name="Navbar Mobile Navigation should render mobile menu toggle button" time="0.004">
    </testcase>
    <testcase classname="Navbar Mobile Navigation should toggle mobile menu when hamburger is clicked" name="Navbar Mobile Navigation should toggle mobile menu when hamburger is clicked" time="0.028">
    </testcase>
    <testcase classname="Navbar Mobile Navigation should show mobile navigation menu when opened" name="Navbar Mobile Navigation should show mobile navigation menu when opened" time="0.023">
    </testcase>
    <testcase classname="Navbar Desktop Navigation should render all navigation items" name="Navbar Desktop Navigation should render all navigation items" time="0.026">
    </testcase>
    <testcase classname="Navbar Desktop Navigation should have correct navigation links" name="Navbar Desktop Navigation should have correct navigation links" time="0.019">
    </testcase>
    <testcase classname="Navbar Desktop Navigation should show dropdown menu for Figures section on hover" name="Navbar Desktop Navigation should show dropdown menu for Figures section on hover" time="0.014">
    </testcase>
    <testcase classname="Navbar Brand Link should link to home page" name="Navbar Brand Link should link to home page" time="0.013">
    </testcase>
    <testcase classname="Navbar Brand Link should be clickable" name="Navbar Brand Link should be clickable" time="0.012">
    </testcase>
    <testcase classname="Navbar Responsive Design should hide sign up button on mobile" name="Navbar Responsive Design should hide sign up button on mobile" time="0.008">
    </testcase>
    <testcase classname="Navbar Responsive Design should show desktop navigation only on larger screens" name="Navbar Responsive Design should show desktop navigation only on larger screens" time="0.013">
    </testcase>
    <testcase classname="Navbar Accessibility should have proper ARIA labels" name="Navbar Accessibility should have proper ARIA labels" time="0.004">
    </testcase>
    <testcase classname="Navbar Accessibility should be keyboard navigable" name="Navbar Accessibility should be keyboard navigable" time="0.017">
    </testcase>
    <testcase classname="Navbar Accessibility should support screen readers" name="Navbar Accessibility should support screen readers" time="0.008">
    </testcase>
    <testcase classname="Navbar User Avatar should display user initials in avatar" name="Navbar User Avatar should display user initials in avatar" time="0.004">
    </testcase>
    <testcase classname="Navbar User Avatar should use brand colors for avatar" name="Navbar User Avatar should use brand colors for avatar" time="0.004">
    </testcase>
    <testcase classname="Navbar Menu Interactions should close menu when clicking outside" name="Navbar Menu Interactions should close menu when clicking outside" time="0.022">
    </testcase>
    <testcase classname="Navbar Menu Interactions should support keyboard navigation in menus" name="Navbar Menu Interactions should support keyboard navigation in menus" time="0.026">
    </testcase>
  </testsuite>
  <testsuite name="SearchBar" errors="0" failures="0" skipped="0" timestamp="2025-09-04T20:05:30" time="0.519" tests="30">
    <testcase classname="SearchBar Rendering should render search input with default placeholder" name="SearchBar Rendering should render search input with default placeholder" time="0.028">
    </testcase>
    <testcase classname="SearchBar Rendering should render search input with custom placeholder" name="SearchBar Rendering should render search input with custom placeholder" time="0.003">
    </testcase>
    <testcase classname="SearchBar Rendering should render search button" name="SearchBar Rendering should render search button" time="0.007">
    </testcase>
    <testcase classname="SearchBar Rendering should have search icon in the button" name="SearchBar Rendering should have search icon in the button" time="0.005">
    </testcase>
    <testcase classname="SearchBar User Interaction should update input value when user types" name="SearchBar User Interaction should update input value when user types" time="0.017">
    </testcase>
    <testcase classname="SearchBar User Interaction should clear input value" name="SearchBar User Interaction should clear input value" time="0.015">
    </testcase>
    <testcase classname="SearchBar User Interaction should maintain focus on input during typing" name="SearchBar User Interaction should maintain focus on input during typing" time="0.013">
    </testcase>
    <testcase classname="SearchBar Search Functionality should call onSearch when search button is clicked with non-empty query" name="SearchBar Search Functionality should call onSearch when search button is clicked with non-empty query" time="0.018">
    </testcase>
    <testcase classname="SearchBar Search Functionality should call onSearch when Enter key is pressed with non-empty query" name="SearchBar Search Functionality should call onSearch when Enter key is pressed with non-empty query" time="0.007">
    </testcase>
    <testcase classname="SearchBar Search Functionality should trim whitespace from search query" name="SearchBar Search Functionality should trim whitespace from search query" time="0.025">
    </testcase>
    <testcase classname="SearchBar Search Functionality should not call onSearch when query is empty" name="SearchBar Search Functionality should not call onSearch when query is empty" time="0.007">
    </testcase>
    <testcase classname="SearchBar Search Functionality should not call onSearch when query contains only whitespace" name="SearchBar Search Functionality should not call onSearch when query contains only whitespace" time="0.013">
    </testcase>
    <testcase classname="SearchBar Search Functionality should handle special characters in search query" name="SearchBar Search Functionality should handle special characters in search query" time="0.018">
    </testcase>
    <testcase classname="SearchBar Search Functionality should handle emoji and unicode characters" name="SearchBar Search Functionality should handle emoji and unicode characters" time="0.011">
    </testcase>
    <testcase classname="SearchBar Form Behavior should prevent default form submission behavior" name="SearchBar Form Behavior should prevent default form submission behavior" time="0.009">
    </testcase>
    <testcase classname="SearchBar Form Behavior should be wrapped in a form element" name="SearchBar Form Behavior should be wrapped in a form element" time="0.001">
    </testcase>
    <testcase classname="SearchBar Form Behavior should have submit type on search button" name="SearchBar Form Behavior should have submit type on search button" time="0.004">
    </testcase>
    <testcase classname="SearchBar Styling and Layout should have proper form structure" name="SearchBar Styling and Layout should have proper form structure" time="0.002">
    </testcase>
    <testcase classname="SearchBar Styling and Layout should have proper input structure" name="SearchBar Styling and Layout should have proper input structure" time="0.001">
    </testcase>
    <testcase classname="SearchBar Styling and Layout should have white background on input" name="SearchBar Styling and Layout should have white background on input" time="0.002">
    </testcase>
    <testcase classname="SearchBar Styling and Layout should have brand color scheme on search button" name="SearchBar Styling and Layout should have brand color scheme on search button" time="0.004">
    </testcase>
    <testcase classname="SearchBar Accessibility should have proper ARIA label on search button" name="SearchBar Accessibility should have proper ARIA label on search button" time="0.004">
    </testcase>
    <testcase classname="SearchBar Accessibility should be keyboard navigable" name="SearchBar Accessibility should be keyboard navigable" time="0.008">
    </testcase>
    <testcase classname="SearchBar Accessibility should support screen reader accessibility" name="SearchBar Accessibility should support screen reader accessibility" time="0.01">
    </testcase>
    <testcase classname="SearchBar Accessibility should have appropriate input type" name="SearchBar Accessibility should have appropriate input type" time="0.002">
    </testcase>
    <testcase classname="SearchBar Multiple Search Interactions should handle multiple searches with same query" name="SearchBar Multiple Search Interactions should handle multiple searches with same query" time="0.02">
    </testcase>
    <testcase classname="SearchBar Multiple Search Interactions should handle rapid query changes and searches" name="SearchBar Multiple Search Interactions should handle rapid query changes and searches" time="0.012">
    </testcase>
    <testcase classname="SearchBar Edge Cases should handle very long search queries" name="SearchBar Edge Cases should handle very long search queries" time="0.186">
    </testcase>
    <testcase classname="SearchBar Edge Cases should handle onSearch function being undefined gracefully" name="SearchBar Edge Cases should handle onSearch function being undefined gracefully" time="0.002">
    </testcase>
    <testcase classname="SearchBar Edge Cases should maintain state when component receives new props" name="SearchBar Edge Cases should maintain state when component receives new props" time="0.01">
    </testcase>
  </testsuite>
  <testsuite name="FilterBar" errors="0" failures="0" skipped="0" timestamp="2025-09-04T20:05:31" time="0.331" tests="24">
    <testcase classname="FilterBar Rendering should render filters button initially" name="FilterBar Rendering should render filters button initially" time="0.037">
    </testcase>
    <testcase classname="FilterBar Rendering should not show clear filters button when no filters are applied" name="FilterBar Rendering should not show clear filters button when no filters are applied" time="0.006">
    </testcase>
    <testcase classname="FilterBar Rendering should show clear filters button when filters are applied" name="FilterBar Rendering should show clear filters button when filters are applied" time="0.009">
    </testcase>
    <testcase classname="FilterBar Rendering should not show filter form initially" name="FilterBar Rendering should not show filter form initially" time="0.003">
    </testcase>
    <testcase classname="FilterBar Filter Form Visibility should show filter form when filters button is clicked" name="FilterBar Filter Form Visibility should show filter form when filters button is clicked" time="0.014">
    </testcase>
    <testcase classname="FilterBar Filter Form Visibility should hide filter form when filters button is clicked again" name="FilterBar Filter Form Visibility should hide filter form when filters button is clicked again" time="0.015">
    </testcase>
    <testcase classname="FilterBar Filter Form Visibility should hide filter form when cancel button is clicked" name="FilterBar Filter Form Visibility should hide filter form when cancel button is clicked" time="0.011">
    </testcase>
    <testcase classname="FilterBar Stats Loading should not fetch stats when filters are not open" name="FilterBar Stats Loading should not fetch stats when filters are not open" time="0.002">
    </testcase>
    <testcase classname="FilterBar Stats Loading should fetch stats when filters are opened" name="FilterBar Stats Loading should fetch stats when filters are opened" time="0.01">
    </testcase>
    <testcase classname="FilterBar Filter Options Display should display manufacturer options with counts" name="FilterBar Filter Options Display should display manufacturer options with counts" time="0.017">
    </testcase>
    <testcase classname="FilterBar Filter Options Display should display scale options with counts" name="FilterBar Filter Options Display should display scale options with counts" time="0.012">
    </testcase>
    <testcase classname="FilterBar Filter Options Display should display location options with counts" name="FilterBar Filter Options Display should display location options with counts" time="0.013">
    </testcase>
    <testcase classname="FilterBar Filter Input Handling should update filter values when inputs change" name="FilterBar Filter Input Handling should update filter values when inputs change" time="0.013">
    </testcase>
    <testcase classname="FilterBar Filter Input Handling should handle box number input changes" name="FilterBar Filter Input Handling should handle box number input changes" time="0.012">
    </testcase>
    <testcase classname="FilterBar Filter Submission should call onFilter when apply filters button is clicked" name="FilterBar Filter Submission should call onFilter when apply filters button is clicked" time="0.011">
    </testcase>
    <testcase classname="FilterBar Filter Submission should submit form when enter key is pressed in form" name="FilterBar Filter Submission should submit form when enter key is pressed in form" time="0.012">
    </testcase>
    <testcase classname="FilterBar Filter Reset should clear all filters when clear filters button is clicked" name="FilterBar Filter Reset should clear all filters when clear filters button is clicked" time="0.012">
    </testcase>
    <testcase classname="FilterBar Filter Reset should reset form fields after clearing filters" name="FilterBar Filter Reset should reset form fields after clearing filters" time="0.021">
    </testcase>
    <testcase classname="FilterBar Initial Filters should populate form with initial filter values" name="FilterBar Initial Filters should populate form with initial filter values" time="0.012">
    </testcase>
    <testcase classname="FilterBar Initial Filters should update form when initialFilters prop changes" name="FilterBar Initial Filters should update form when initialFilters prop changes" time="0.015">
    </testcase>
    <testcase classname="FilterBar UI States should highlight filters button when form is open" name="FilterBar UI States should highlight filters button when form is open" time="0.009">
    </testcase>
    <testcase classname="FilterBar UI States should show proper placeholders for all inputs" name="FilterBar UI States should show proper placeholders for all inputs" time="0.009">
    </testcase>
    <testcase classname="FilterBar Accessibility should have proper ARIA labels and form labels" name="FilterBar Accessibility should have proper ARIA labels and form labels" time="0.01">
    </testcase>
    <testcase classname="FilterBar Accessibility should have proper button roles and names" name="FilterBar Accessibility should have proper button roles and names" time="0.008">
    </testcase>
  </testsuite>
  <testsuite name="Dashboard" errors="0" failures="0" skipped="0" timestamp="2025-09-04T20:05:31" time="0.271" tests="33">
    <testcase classname="Dashboard component rendering should render dashboard header" name="Dashboard component rendering should render dashboard header" time="0.031">
    </testcase>
    <testcase classname="Dashboard component rendering should render search bar with correct placeholder" name="Dashboard component rendering should render search bar with correct placeholder" time="0.007">
    </testcase>
    <testcase classname="Dashboard component rendering should render statistics cards" name="Dashboard component rendering should render statistics cards" time="0.006">
    </testcase>
    <testcase classname="Dashboard component rendering should render recent figures section" name="Dashboard component rendering should render recent figures section" time="0.005">
    </testcase>
    <testcase classname="Dashboard component rendering should render top manufacturers section" name="Dashboard component rendering should render top manufacturers section" time="0.006">
    </testcase>
    <testcase classname="Dashboard statistics display should display correct statistics from API data" name="Dashboard statistics display should display correct statistics from API data" time="0.005">
    </testcase>
    <testcase classname="Dashboard statistics display should display statistics descriptions" name="Dashboard statistics display should display statistics descriptions" time="0.005">
    </testcase>
    <testcase classname="Dashboard statistics display should show zero statistics when no data available" name="Dashboard statistics display should show zero statistics when no data available" time="0.01">
    </testcase>
    <testcase classname="Dashboard statistics display should display top manufacturers data" name="Dashboard statistics display should display top manufacturers data" time="0.006">
    </testcase>
    <testcase classname="Dashboard statistics display should limit manufacturer display to top 5" name="Dashboard statistics display should limit manufacturer display to top 5" time="0.005">
    </testcase>
    <testcase classname="Dashboard statistics display should handle empty manufacturer stats" name="Dashboard statistics display should handle empty manufacturer stats" time="0.004">
    </testcase>
    <testcase classname="Dashboard recent figures display should render recent figures when data is available" name="Dashboard recent figures display should render recent figures when data is available" time="0.004">
    </testcase>
    <testcase classname="Dashboard recent figures display should show empty state when no figures exist" name="Dashboard recent figures display should show empty state when no figures exist" time="0.005">
    </testcase>
    <testcase classname="Dashboard recent figures display should have correct link to view all figures" name="Dashboard recent figures display should have correct link to view all figures" time="0.004">
    </testcase>
    <testcase classname="Dashboard recent figures display should have correct link to add first figure" name="Dashboard recent figures display should have correct link to add first figure" time="0.004">
    </testcase>
    <testcase classname="Dashboard recent figures display should have correct link to view statistics" name="Dashboard recent figures display should have correct link to view statistics" time="0.005">
    </testcase>
    <testcase classname="Dashboard search functionality should handle search input and navigate to search page" name="Dashboard search functionality should handle search input and navigate to search page" time="0.021">
    </testcase>
    <testcase classname="Dashboard search functionality should encode search query properly" name="Dashboard search functionality should encode search query properly" time="0.023">
    </testcase>
    <testcase classname="Dashboard search functionality should handle empty search query" name="Dashboard search functionality should handle empty search query" time="0.013">
    </testcase>
    <testcase classname="Dashboard component behavior should handle API errors gracefully" name="Dashboard component behavior should handle API errors gracefully" time="0.004">
    </testcase>
    <testcase classname="Dashboard component behavior should display fallback values when API data is undefined" name="Dashboard component behavior should display fallback values when API data is undefined" time="0.004">
    </testcase>
    <testcase classname="Dashboard responsive layout should render statistics grid" name="Dashboard responsive layout should render statistics grid" time="0.004">
    </testcase>
    <testcase classname="Dashboard responsive layout should render two-column layout for main content" name="Dashboard responsive layout should render two-column layout for main content" time="0.003">
    </testcase>
    <testcase classname="Dashboard accessibility should have proper heading hierarchy" name="Dashboard accessibility should have proper heading hierarchy" time="0.006">
    </testcase>
    <testcase classname="Dashboard accessibility should have accessible statistics cards" name="Dashboard accessibility should have accessible statistics cards" time="0.004">
    </testcase>
    <testcase classname="Dashboard accessibility should have accessible navigation links" name="Dashboard accessibility should have accessible navigation links" time="0.004">
    </testcase>
    <testcase classname="Dashboard loading states should handle loading states gracefully" name="Dashboard loading states should handle loading states gracefully" time="0.005">
    </testcase>
    <testcase classname="Dashboard loading states should show default values while loading stats" name="Dashboard loading states should show default values while loading stats" time="0.003">
    </testcase>
    <testcase classname="Dashboard data consistency should handle partial stats data" name="Dashboard data consistency should handle partial stats data" time="0.005">
    </testcase>
    <testcase classname="Dashboard data consistency should handle malformed stats data" name="Dashboard data consistency should handle malformed stats data" time="0.006">
    </testcase>
    <testcase classname="Dashboard edge cases should handle very large numbers in statistics" name="Dashboard edge cases should handle very large numbers in statistics" time="0.003">
    </testcase>
    <testcase classname="Dashboard edge cases should handle manufacturers with special characters" name="Dashboard edge cases should handle manufacturers with special characters" time="0.005">
    </testcase>
    <testcase classname="Dashboard edge cases should handle extremely long manufacturer names" name="Dashboard edge cases should handle extremely long manufacturer names" time="0.003">
    </testcase>
  </testsuite>
  <testsuite name="FigureForm" errors="0" failures="0" skipped="5" timestamp="2025-09-04T20:05:31" time="0.225" tests="30">
    <testcase classname="FigureForm Rendering should render all form fields" name="FigureForm Rendering should render all form fields" time="0.036">
    </testcase>
    <testcase classname="FigureForm Rendering should render submit button with correct text for new figure" name="FigureForm Rendering should render submit button with correct text for new figure" time="0.008">
    </testcase>
    <testcase classname="FigureForm Rendering should render submit button with correct text for editing" name="FigureForm Rendering should render submit button with correct text for editing" time="0.02">
    </testcase>
    <testcase classname="FigureForm Rendering should populate form with initial data when provided" name="FigureForm Rendering should populate form with initial data when provided" time="0.01">
    </testcase>
    <testcase classname="FigureForm Rendering should show loading state on submit button when isLoading is true" name="FigureForm Rendering should show loading state on submit button when isLoading is true" time="0.008">
    </testcase>
    <testcase classname="FigureForm Form Validation should show validation errors for required fields" name="FigureForm Form Validation should show validation errors for required fields" time="0.008">
    </testcase>
    <testcase classname="FigureForm Form Validation should validate URL format for MFC link" name="FigureForm Form Validation should validate URL format for MFC link" time="0.008">
    </testcase>
    <testcase classname="FigureForm Form Validation should validate URL format for image URL" name="FigureForm Form Validation should validate URL format for image URL" time="0.01">
    </testcase>
    <testcase classname="FigureForm Form Validation should allow empty optional fields" name="FigureForm Form Validation should allow empty optional fields" time="0.005">
    </testcase>
    <testcase classname="FigureForm Form Submission should call onSubmit with form data when form is valid" name="FigureForm Form Submission should call onSubmit with form data when form is valid" time="0.008">
    </testcase>
    <testcase classname="FigureForm Form Submission should not call onSubmit when form is invalid" name="FigureForm Form Submission should not call onSubmit when form is invalid" time="0.012">
    </testcase>
    <testcase classname="FigureForm Scale Formatting should format decimal scale to fraction on blur" name="FigureForm Scale Formatting should format decimal scale to fraction on blur" time="0.004">
    </testcase>
    <testcase classname="FigureForm Scale Formatting should keep fraction format unchanged" name="FigureForm Scale Formatting should keep fraction format unchanged" time="0.004">
    </testcase>
    <testcase classname="FigureForm Scale Formatting should keep non-numeric scales unchanged" name="FigureForm Scale Formatting should keep non-numeric scales unchanged" time="0.004">
    </testcase>
    <testcase classname="FigureForm MFC Link Functionality should open MFC link in new tab when link button is clicked" name="FigureForm MFC Link Functionality should open MFC link in new tab when link button is clicked" time="0.004">
    </testcase>
    <testcase classname="FigureForm MFC Link Functionality should disable link button when no MFC link is provided" name="FigureForm MFC Link Functionality should disable link button when no MFC link is provided" time="0.004">
    </testcase>
    <testcase classname="FigureForm MFC Link Functionality should show loading state when MFC link is entered" name="FigureForm MFC Link Functionality should show loading state when MFC link is entered" time="0.004">
    </testcase>
    <testcase classname="FigureForm MFC Link Functionality should show loading spinner during MFC scraping" name="FigureForm MFC Link Functionality should show loading spinner during MFC scraping" time="0.004">
    </testcase>
    <testcase classname="FigureForm MFC Link Functionality should not trigger scraping for non-MFC links" name="FigureForm MFC Link Functionality should not trigger scraping for non-MFC links" time="0.004">
    </testcase>
    <testcase classname="FigureForm Image URL Functionality should open image link in new tab when image button is clicked" name="FigureForm Image URL Functionality should open image link in new tab when image button is clicked" time="0.004">
    </testcase>
    <testcase classname="FigureForm Image URL Functionality should disable image button when no image URL is provided" name="FigureForm Image URL Functionality should disable image button when no image URL is provided" time="0.003">
    </testcase>
    <testcase classname="FigureForm Image URL Functionality should show image preview when valid image URL is provided" name="FigureForm Image URL Functionality should show image preview when valid image URL is provided" time="0">
      <skipped/>
    </testcase>
    <testcase classname="FigureForm Image URL Functionality should show error message when image fails to load" name="FigureForm Image URL Functionality should show error message when image fails to load" time="0">
      <skipped/>
    </testcase>
    <testcase classname="FigureForm Tooltips and Help Text should show scale tooltip when question icon is hovered" name="FigureForm Tooltips and Help Text should show scale tooltip when question icon is hovered" time="0">
      <skipped/>
    </testcase>
    <testcase classname="FigureForm Tooltips and Help Text should show help text for MFC link" name="FigureForm Tooltips and Help Text should show help text for MFC link" time="0">
      <skipped/>
    </testcase>
    <testcase classname="FigureForm Tooltips and Help Text should show help text for image URL" name="FigureForm Tooltips and Help Text should show help text for image URL" time="0">
      <skipped/>
    </testcase>
    <testcase classname="FigureForm Accessibility should have proper ARIA labels for all buttons" name="FigureForm Accessibility should have proper ARIA labels for all buttons" time="0.007">
    </testcase>
    <testcase classname="FigureForm Accessibility should associate labels with form inputs correctly" name="FigureForm Accessibility should associate labels with form inputs correctly" time="0.003">
    </testcase>
    <testcase classname="FigureForm Accessibility should show form errors with proper ARIA attributes" name="FigureForm Accessibility should show form errors with proper ARIA attributes" time="0.006">
    </testcase>
    <testcase classname="FigureForm Error Handling should handle input in case of potential errors" name="FigureForm Error Handling should handle input in case of potential errors" time="0.004">
    </testcase>
  </testsuite>
  <testsuite name="Pagination" errors="0" failures="0" skipped="0" timestamp="2025-09-04T20:05:31" time="0.214" tests="27">
    <testcase classname="Pagination Rendering should not render content when there is only one page" name="Pagination Rendering should not render content when there is only one page" time="0.005">
    </testcase>
    <testcase classname="Pagination Rendering should not render content when there are no pages" name="Pagination Rendering should not render content when there are no pages" time="0.002">
    </testcase>
    <testcase classname="Pagination Rendering should render pagination controls when there are multiple pages" name="Pagination Rendering should render pagination controls when there are multiple pages" time="0.025">
    </testcase>
    <testcase classname="Pagination Rendering should render page number buttons" name="Pagination Rendering should render page number buttons" time="0.007">
    </testcase>
    <testcase classname="Pagination Previous Button should be disabled on first page" name="Pagination Previous Button should be disabled on first page" time="0.004">
    </testcase>
    <testcase classname="Pagination Previous Button should be enabled when not on first page" name="Pagination Previous Button should be enabled when not on first page" time="0.005">
    </testcase>
    <testcase classname="Pagination Previous Button should call onPageChange with previous page when clicked" name="Pagination Previous Button should call onPageChange with previous page when clicked" time="0.012">
    </testcase>
    <testcase classname="Pagination Previous Button should not call onPageChange when disabled" name="Pagination Previous Button should not call onPageChange when disabled" time="0.007">
    </testcase>
    <testcase classname="Pagination Next Button should be disabled on last page" name="Pagination Next Button should be disabled on last page" time="0.003">
    </testcase>
    <testcase classname="Pagination Next Button should be enabled when not on last page" name="Pagination Next Button should be enabled when not on last page" time="0.004">
    </testcase>
    <testcase classname="Pagination Next Button should call onPageChange with next page when clicked" name="Pagination Next Button should call onPageChange with next page when clicked" time="0.007">
    </testcase>
    <testcase classname="Pagination Next Button should not call onPageChange when disabled" name="Pagination Next Button should not call onPageChange when disabled" time="0.007">
    </testcase>
    <testcase classname="Pagination Page Number Buttons should call onPageChange when page button clicked" name="Pagination Page Number Buttons should call onPageChange when page button clicked" time="0.006">
    </testcase>
    <testcase classname="Pagination Page Number Buttons should call onPageChange for first page" name="Pagination Page Number Buttons should call onPageChange for first page" time="0.007">
    </testcase>
    <testcase classname="Pagination Page Display Logic should show first page button" name="Pagination Page Display Logic should show first page button" time="0.004">
    </testcase>
    <testcase classname="Pagination Page Display Logic should show last page button when totalPages &gt; 1" name="Pagination Page Display Logic should show last page button when totalPages &gt; 1" time="0.004">
    </testcase>
    <testcase classname="Pagination Page Display Logic should show pages around current page" name="Pagination Page Display Logic should show pages around current page" time="0.012">
    </testcase>
    <testcase classname="Pagination Page Display Logic should show ellipsis when there are gaps" name="Pagination Page Display Logic should show ellipsis when there are gaps" time="0.002">
    </testcase>
    <testcase classname="Pagination Edge Cases should handle currentPage = 1 with 2 total pages" name="Pagination Edge Cases should handle currentPage = 1 with 2 total pages" time="0.001">
    </testcase>
    <testcase classname="Pagination Edge Cases should handle currentPage = 1 with 3 total pages" name="Pagination Edge Cases should handle currentPage = 1 with 3 total pages" time="0.01">
    </testcase>
    <testcase classname="Pagination Edge Cases should handle large page numbers" name="Pagination Edge Cases should handle large page numbers" time="0.008">
    </testcase>
    <testcase classname="Pagination Accessibility should have proper ARIA labels" name="Pagination Accessibility should have proper ARIA labels" time="0.007">
    </testcase>
    <testcase classname="Pagination Accessibility should be keyboard navigable" name="Pagination Accessibility should be keyboard navigable" time="0.01">
    </testcase>
    <testcase classname="Pagination Accessibility should support Enter key activation" name="Pagination Accessibility should support Enter key activation" time="0.004">
    </testcase>
    <testcase classname="Pagination Accessibility should support Space key activation" name="Pagination Accessibility should support Space key activation" time="0.005">
    </testcase>
    <testcase classname="Pagination Component Integration should render without errors" name="Pagination Component Integration should render without errors" time="0.001">
    </testcase>
    <testcase classname="Pagination Component Integration should handle prop changes correctly" name="Pagination Component Integration should handle prop changes correctly" time="0.007">
    </testcase>
  </testsuite>
  <testsuite name="FigureCard" errors="0" failures="0" skipped="0" timestamp="2025-09-04T20:05:32" time="0.178" tests="21">
    <testcase classname="FigureCard Rendering should render figure information correctly" name="FigureCard Rendering should render figure information correctly" time="0.036">
    </testcase>
    <testcase classname="FigureCard Rendering should render MFC link when provided" name="FigureCard Rendering should render MFC link when provided" time="0.003">
    </testcase>
    <testcase classname="FigureCard Rendering should not render MFC link when not provided" name="FigureCard Rendering should not render MFC link when not provided" time="0.002">
    </testcase>
    <testcase classname="FigureCard Rendering should render figure image correctly" name="FigureCard Rendering should render figure image correctly" time="0.007">
    </testcase>
    <testcase classname="FigureCard Rendering should use placeholder when no image URL provided" name="FigureCard Rendering should use placeholder when no image URL provided" time="0.003">
    </testcase>
    <testcase classname="FigureCard Rendering should render edit and delete buttons" name="FigureCard Rendering should render edit and delete buttons" time="0.007">
    </testcase>
    <testcase classname="FigureCard Navigation should have correct link to figure detail page" name="FigureCard Navigation should have correct link to figure detail page" time="0.007">
    </testcase>
    <testcase classname="FigureCard Navigation should have correct link to edit page" name="FigureCard Navigation should have correct link to edit page" time="0.006">
    </testcase>
    <testcase classname="FigureCard Delete Functionality should show confirmation dialog when delete button is clicked" name="FigureCard Delete Functionality should show confirmation dialog when delete button is clicked" time="0.01">
    </testcase>
    <testcase classname="FigureCard Delete Functionality should call deleteFigure API when confirmed" name="FigureCard Delete Functionality should call deleteFigure API when confirmed" time="0.011">
    </testcase>
    <testcase classname="FigureCard Delete Functionality should not call deleteFigure API when cancelled" name="FigureCard Delete Functionality should not call deleteFigure API when cancelled" time="0.011">
    </testcase>
    <testcase classname="FigureCard Delete Functionality should show loading state on delete button when mutation is loading" name="FigureCard Delete Functionality should show loading state on delete button when mutation is loading" time="0.005">
    </testcase>
    <testcase classname="FigureCard Mutation Configuration should configure mutation with correct success callback" name="FigureCard Mutation Configuration should configure mutation with correct success callback" time="0.005">
    </testcase>
    <testcase classname="FigureCard Mutation Configuration should configure mutation with correct error callback" name="FigureCard Mutation Configuration should configure mutation with correct error callback" time="0.003">
    </testcase>
    <testcase classname="FigureCard Hover Effects should have hover styles applied" name="FigureCard Hover Effects should have hover styles applied" time="0.005">
    </testcase>
    <testcase classname="FigureCard Accessibility should have proper ARIA labels on buttons" name="FigureCard Accessibility should have proper ARIA labels on buttons" time="0.007">
    </testcase>
    <testcase classname="FigureCard Accessibility should have proper alt text on image" name="FigureCard Accessibility should have proper alt text on image" time="0.003">
    </testcase>
    <testcase classname="FigureCard Accessibility should have proper link text for figure name" name="FigureCard Accessibility should have proper link text for figure name" time="0.005">
    </testcase>
    <testcase classname="FigureCard Edge Cases should handle missing location gracefully" name="FigureCard Edge Cases should handle missing location gracefully" time="0.002">
    </testcase>
    <testcase classname="FigureCard Edge Cases should truncate long figure names" name="FigureCard Edge Cases should truncate long figure names" time="0.005">
    </testcase>
    <testcase classname="FigureCard Edge Cases should handle empty or null figure data gracefully" name="FigureCard Edge Cases should handle empty or null figure data gracefully" time="0.002">
    </testcase>
  </testsuite>
  <testsuite name="Layout" errors="0" failures="0" skipped="0" timestamp="2025-09-04T20:05:32" time="0.108" tests="7">
    <testcase classname="Layout component rendering should render layout structure correctly" name="Layout component rendering should render layout structure correctly" time="0.043">
    </testcase>
    <testcase classname="Layout component rendering should render sidebar only on medium+ screens" name="Layout component rendering should render sidebar only on medium+ screens" time="0.006">
    </testcase>
    <testcase classname="Layout component rendering should render footer with proper styling" name="Layout component rendering should render footer with proper styling" time="0.007">
    </testcase>
    <testcase classname="Layout responsive behavior should hide sidebar on smaller screens" name="Layout responsive behavior should hide sidebar on smaller screens" time="0.003">
    </testcase>
    <testcase classname="Layout responsive behavior should maintain proper layout structure on all screen sizes" name="Layout responsive behavior should maintain proper layout structure on all screen sizes" time="0.007">
    </testcase>
    <testcase classname="Layout accessibility should have proper semantic HTML structure" name="Layout accessibility should have proper semantic HTML structure" time="0.007">
    </testcase>
    <testcase classname="Layout error boundaries should handle component rendering errors gracefully" name="Layout error boundaries should handle component rendering errors gracefully" time="0.003">
    </testcase>
  </testsuite>
  <testsuite name="Layout - Pure Unit Tests" errors="0" failures="0" skipped="0" timestamp="2025-09-04T20:05:32" time="0.054" tests="3">
    <testcase classname="Layout - Pure Unit Tests should render basic layout structure" name="Layout - Pure Unit Tests should render basic layout structure" time="0.017">
    </testcase>
    <testcase classname="Layout - Pure Unit Tests should render footer with proper semantic structure" name="Layout - Pure Unit Tests should render footer with proper semantic structure" time="0.003">
    </testcase>
    <testcase classname="Layout - Pure Unit Tests should have proper semantic HTML roles for accessibility" name="Layout - Pure Unit Tests should have proper semantic HTML roles for accessibility" time="0.007">
    </testcase>
  </testsuite>
  <testsuite name="authStore" errors="0" failures="0" skipped="0" timestamp="2025-09-04T20:05:32" time="0.049" tests="11">
    <testcase classname="authStore initial state should have null user and false isAuthenticated initially" name="authStore initial state should have null user and false isAuthenticated initially" time="0.002">
    </testcase>
    <testcase classname="authStore setUser should set user and isAuthenticated to true when user is provided" name="authStore setUser should set user and isAuthenticated to true when user is provided" time="0.001">
    </testcase>
    <testcase classname="authStore setUser should set user to null and isAuthenticated to false when null is provided" name="authStore setUser should set user to null and isAuthenticated to false when null is provided" time="0.002">
    </testcase>
    <testcase classname="authStore setUser should update user data when new user object is provided" name="authStore setUser should update user data when new user object is provided" time="0.002">
    </testcase>
    <testcase classname="authStore logout should clear user and set isAuthenticated to false" name="authStore logout should clear user and set isAuthenticated to false" time="0.002">
    </testcase>
    <testcase classname="authStore logout should work even when no user is set" name="authStore logout should work even when no user is set" time="0.001">
    </testcase>
    <testcase classname="authStore persistence should persist state changes to localStorage" name="authStore persistence should persist state changes to localStorage" time="0.001">
    </testcase>
    <testcase classname="authStore persistence should handle user object with missing token" name="authStore persistence should handle user object with missing token" time="0.002">
    </testcase>
    <testcase classname="authStore multiple store instances should share state across multiple hook calls" name="authStore multiple store instances should share state across multiple hook calls" time="0.002">
    </testcase>
    <testcase classname="authStore edge cases should handle undefined user gracefully" name="authStore edge cases should handle undefined user gracefully" time="0.002">
    </testcase>
    <testcase classname="authStore edge cases should handle empty user object" name="authStore edge cases should handle empty user object" time="0.001">
    </testcase>
  </testsuite>
  <testsuite name="Layout - Basic Functionality" errors="0" failures="0" skipped="0" timestamp="2025-09-04T20:05:32" time="0.05" tests="2">
    <testcase classname="Layout - Basic Functionality should render without crashing" name="Layout - Basic Functionality should render without crashing" time="0.018">
    </testcase>
    <testcase classname="Layout - Basic Functionality should have basic layout structure" name="Layout - Basic Functionality should have basic layout structure" time="0.003">
    </testcase>
  </testsuite>
  <testsuite name="API Functions" errors="0" failures="0" skipped="0" timestamp="2025-09-04T20:05:32" time="0.051" tests="20">
    <testcase classname="API Functions Auth API loginUser should login user successfully" name="API Functions Auth API loginUser should login user successfully" time="0.001">
    </testcase>
    <testcase classname="API Functions Auth API loginUser should handle login error" name="API Functions Auth API loginUser should handle login error" time="0">
    </testcase>
    <testcase classname="API Functions Auth API registerUser should register user successfully" name="API Functions Auth API registerUser should register user successfully" time="0.001">
    </testcase>
    <testcase classname="API Functions Auth API getUserProfile should get user profile successfully" name="API Functions Auth API getUserProfile should get user profile successfully" time="0.001">
    </testcase>
    <testcase classname="API Functions Auth API updateUserProfile should update user profile successfully" name="API Functions Auth API updateUserProfile should update user profile successfully" time="0.001">
    </testcase>
    <testcase classname="API Functions Figures API getFigures should get figures with default pagination" name="API Functions Figures API getFigures should get figures with default pagination" time="0">
    </testcase>
    <testcase classname="API Functions Figures API getFigures should get figures with custom pagination" name="API Functions Figures API getFigures should get figures with custom pagination" time="0.001">
    </testcase>
    <testcase classname="API Functions Figures API getFigureById should get figure by id successfully" name="API Functions Figures API getFigureById should get figure by id successfully" time="0.001">
    </testcase>
    <testcase classname="API Functions Figures API getFigureById should handle figure not found" name="API Functions Figures API getFigureById should handle figure not found" time="0.001">
    </testcase>
    <testcase classname="API Functions Figures API createFigure should create figure successfully" name="API Functions Figures API createFigure should create figure successfully" time="0">
    </testcase>
    <testcase classname="API Functions Figures API updateFigure should update figure successfully" name="API Functions Figures API updateFigure should update figure successfully" time="0.001">
    </testcase>
    <testcase classname="API Functions Figures API deleteFigure should delete figure successfully" name="API Functions Figures API deleteFigure should delete figure successfully" time="0.001">
    </testcase>
    <testcase classname="API Functions Figures API deleteFigure should handle delete error" name="API Functions Figures API deleteFigure should handle delete error" time="0.001">
    </testcase>
    <testcase classname="API Functions Figures API searchFigures should search figures successfully" name="API Functions Figures API searchFigures should search figures successfully" time="0">
    </testcase>
    <testcase classname="API Functions Figures API searchFigures should encode special characters in search query" name="API Functions Figures API searchFigures should encode special characters in search query" time="0.001">
    </testcase>
    <testcase classname="API Functions Figures API filterFigures should filter figures with all parameters" name="API Functions Figures API filterFigures should filter figures with all parameters" time="0.001">
    </testcase>
    <testcase classname="API Functions Figures API filterFigures should filter figures with partial parameters" name="API Functions Figures API filterFigures should filter figures with partial parameters" time="0">
    </testcase>
    <testcase classname="API Functions Figures API filterFigures should handle empty filter parameters" name="API Functions Figures API filterFigures should handle empty filter parameters" time="0.001">
    </testcase>
    <testcase classname="API Functions Figures API getFigureStats should get figure statistics successfully" name="API Functions Figures API getFigureStats should get figure statistics successfully" time="0.001">
    </testcase>
    <testcase classname="API Functions Figures API getFigureStats should handle stats error" name="API Functions Figures API getFigureStats should handle stats error" time="0">
    </testcase>
  </testsuite>
</testsuites>